Archive member included to satisfy reference by file (symbol)

/usr/lib/gcc/arm-none-eabi/12.2.0/thumb/v6-m/nofp/libgcc.a(_dvmd_tls.o)
                              CMakeFiles/usbtest.dir/usr/share/pico-sdk/src/rp2_common/pico_divider/divider.S.obj (__aeabi_idiv0)
/usr/lib/gcc/arm-none-eabi/12.2.0/../../../../arm-none-eabi/lib/thumb/v6-m/nofp/libc.a(lib_a-atexit.o)
                              /usr/lib/gcc/arm-none-eabi/12.2.0/../../../../arm-none-eabi/lib/thumb/v6-m/nofp/crt0.o (atexit)
/usr/lib/gcc/arm-none-eabi/12.2.0/../../../../arm-none-eabi/lib/thumb/v6-m/nofp/libc.a(lib_a-calloc.o)
                              CMakeFiles/usbtest.dir/usr/share/pico-sdk/src/rp2_common/pico_malloc/pico_malloc.c.obj (calloc)
/usr/lib/gcc/arm-none-eabi/12.2.0/../../../../arm-none-eabi/lib/thumb/v6-m/nofp/libc.a(lib_a-callocr.o)
                              /usr/lib/gcc/arm-none-eabi/12.2.0/../../../../arm-none-eabi/lib/thumb/v6-m/nofp/libc.a(lib_a-calloc.o) (_calloc_r)
/usr/lib/gcc/arm-none-eabi/12.2.0/../../../../arm-none-eabi/lib/thumb/v6-m/nofp/libc.a(lib_a-errno.o)
                              /usr/lib/gcc/arm-none-eabi/12.2.0/../../../../arm-none-eabi/lib/thumb/v6-m/nofp/libc.a(lib_a-callocr.o) (__errno)
/usr/lib/gcc/arm-none-eabi/12.2.0/../../../../arm-none-eabi/lib/thumb/v6-m/nofp/libc.a(lib_a-fini.o)
                              /usr/lib/gcc/arm-none-eabi/12.2.0/../../../../arm-none-eabi/lib/thumb/v6-m/nofp/crt0.o (__libc_fini_array)
/usr/lib/gcc/arm-none-eabi/12.2.0/../../../../arm-none-eabi/lib/thumb/v6-m/nofp/libc.a(lib_a-impure.o)
                              /usr/lib/gcc/arm-none-eabi/12.2.0/../../../../arm-none-eabi/lib/thumb/v6-m/nofp/libc.a(lib_a-calloc.o) (_impure_ptr)
/usr/lib/gcc/arm-none-eabi/12.2.0/../../../../arm-none-eabi/lib/thumb/v6-m/nofp/libc.a(lib_a-init.o)
                              /usr/lib/gcc/arm-none-eabi/12.2.0/../../../../arm-none-eabi/lib/thumb/v6-m/nofp/crt0.o (__libc_init_array)
/usr/lib/gcc/arm-none-eabi/12.2.0/../../../../arm-none-eabi/lib/thumb/v6-m/nofp/libc.a(lib_a-malloc.o)
                              CMakeFiles/usbtest.dir/usr/share/pico-sdk/src/rp2_common/pico_malloc/pico_malloc.c.obj (malloc)
/usr/lib/gcc/arm-none-eabi/12.2.0/../../../../arm-none-eabi/lib/thumb/v6-m/nofp/libc.a(lib_a-mallocr.o)
                              /usr/lib/gcc/arm-none-eabi/12.2.0/../../../../arm-none-eabi/lib/thumb/v6-m/nofp/libc.a(lib_a-callocr.o) (_malloc_r)
/usr/lib/gcc/arm-none-eabi/12.2.0/../../../../arm-none-eabi/lib/thumb/v6-m/nofp/libc.a(lib_a-mlock.o)
                              /usr/lib/gcc/arm-none-eabi/12.2.0/../../../../arm-none-eabi/lib/thumb/v6-m/nofp/libc.a(lib_a-mallocr.o) (__malloc_lock)
/usr/lib/gcc/arm-none-eabi/12.2.0/../../../../arm-none-eabi/lib/thumb/v6-m/nofp/libc.a(lib_a-realloc.o)
                              CMakeFiles/usbtest.dir/usr/share/pico-sdk/src/rp2_common/pico_malloc/pico_malloc.c.obj (realloc)
/usr/lib/gcc/arm-none-eabi/12.2.0/../../../../arm-none-eabi/lib/thumb/v6-m/nofp/libc.a(lib_a-reallocr.o)
                              /usr/lib/gcc/arm-none-eabi/12.2.0/../../../../arm-none-eabi/lib/thumb/v6-m/nofp/libc.a(lib_a-realloc.o) (_realloc_r)
/usr/lib/gcc/arm-none-eabi/12.2.0/../../../../arm-none-eabi/lib/thumb/v6-m/nofp/libc.a(lib_a-sbrkr.o)
                              /usr/lib/gcc/arm-none-eabi/12.2.0/../../../../arm-none-eabi/lib/thumb/v6-m/nofp/libc.a(lib_a-mallocr.o) (_sbrk_r)
/usr/lib/gcc/arm-none-eabi/12.2.0/../../../../arm-none-eabi/lib/thumb/v6-m/nofp/libc.a(lib_a-strlen-stub.o)
                              CMakeFiles/usbtest.dir/usb_descriptors.c.obj (strlen)
/usr/lib/gcc/arm-none-eabi/12.2.0/../../../../arm-none-eabi/lib/thumb/v6-m/nofp/libc.a(lib_a-__atexit.o)
                              /usr/lib/gcc/arm-none-eabi/12.2.0/../../../../arm-none-eabi/lib/thumb/v6-m/nofp/libc.a(lib_a-atexit.o) (__register_exitproc)
/usr/lib/gcc/arm-none-eabi/12.2.0/../../../../arm-none-eabi/lib/thumb/v6-m/nofp/libc.a(lib_a-__call_atexit.o)
                              /usr/lib/gcc/arm-none-eabi/12.2.0/../../../../arm-none-eabi/lib/thumb/v6-m/nofp/libc.a(lib_a-__atexit.o) (__atexit_recursive_mutex)
/usr/lib/gcc/arm-none-eabi/12.2.0/../../../../arm-none-eabi/lib/thumb/v6-m/nofp/libc.a(lib_a-freer.o)
                              /usr/lib/gcc/arm-none-eabi/12.2.0/../../../../arm-none-eabi/lib/thumb/v6-m/nofp/libc.a(lib_a-malloc.o) (_free_r)
/usr/lib/gcc/arm-none-eabi/12.2.0/../../../../arm-none-eabi/lib/thumb/v6-m/nofp/libc.a(lib_a-lock.o)
                              /usr/lib/gcc/arm-none-eabi/12.2.0/../../../../arm-none-eabi/lib/thumb/v6-m/nofp/libc.a(lib_a-mlock.o) (__retarget_lock_acquire_recursive)
/usr/lib/gcc/arm-none-eabi/12.2.0/../../../../arm-none-eabi/lib/thumb/v6-m/nofp/libc.a(lib_a-memmove.o)
                              /usr/lib/gcc/arm-none-eabi/12.2.0/../../../../arm-none-eabi/lib/thumb/v6-m/nofp/libc.a(lib_a-reallocr.o) (memmove)
/usr/lib/gcc/arm-none-eabi/12.2.0/../../../../arm-none-eabi/lib/thumb/v6-m/nofp/libc.a(lib_a-reent.o)
[...]
Memory Configuration

Name             Origin             Length             Attributes
FLASH            0x0000000010000000 0x0000000000200000 xr
RAM              0x0000000020000000 0x0000000000040000 xrw
SCRATCH_X        0x0000000020040000 0x0000000000001000 xrw
SCRATCH_Y        0x0000000020041000 0x0000000000001000 xrw
*default*        0x0000000000000000 0xffffffffffffffff

Linker script and memory map

LOAD /usr/lib/gcc/arm-none-eabi/12.2.0/thumb/v6-m/nofp/crti.o
LOAD /usr/lib/gcc/arm-none-eabi/12.2.0/thumb/v6-m/nofp/crtbegin.o
LOAD /usr/lib/gcc/arm-none-eabi/12.2.0/../../../../arm-none-eabi/lib/thumb/v6-m/nofp/crt0.o

.flash_begin    0x0000000010000000        0x0
                0x0000000010000000                __flash_binary_start = .

.boot2          0x0000000010000000      0x100
                0x0000000010000000                __boot2_start__ = .
 *(.boot2)
 .boot2         0x0000000010000000      0x100 /tmp/ccSedpaY.o
                0x0000000010000100                __boot2_end__ = .
                0x0000000000000001                ASSERT (((__boot2_end__ - __boot2_start__) == 0x100), ERROR: Pico second stage bootloader must be 256 bytes in size)

.text           0x0000000010000100     0x4240
                0x0000000010000100                __logical_binary_start = .
 *(.vectors)
 .vectors       0x0000000010000100       0xd4 CMakeFiles/usbtest.dir/usr/share/pico-sdk/src/rp2_common/pico_standard_link/crt0.S.obj
                0x0000000010000100                __vectors
                0x0000000010000100                __VECTOR_TABLE
                0x00000000100001c0                isr_invalid
                0x00000000100001c0                __default_isrs_start
                0x00000000100001c2                isr_nmi
                0x00000000100001c4                isr_hardfault
                0x00000000100001c6                isr_svcall
                0x00000000100001c8                isr_pendsv
                0x00000000100001ca                isr_systick
                0x00000000100001cc                isr_irq30
                0x00000000100001cc                __unhandled_user_irq
                0x00000000100001cc                isr_irq13
                0x00000000100001cc                isr_irq27
                0x00000000100001cc                isr_irq31
                0x00000000100001cc                isr_irq5
                0x00000000100001cc                isr_irq11
                0x00000000100001cc                isr_irq23
                0x00000000100001cc                isr_irq18
                0x00000000100001cc                isr_irq28
                0x00000000100001cc                isr_irq19
                0x00000000100001cc                isr_irq0
                0x00000000100001cc                isr_irq6
                0x00000000100001cc                isr_irq22
                0x00000000100001cc                isr_irq17
                0x00000000100001cc                isr_irq14
                0x00000000100001cc                isr_irq2
                0x00000000100001cc                isr_irq10
                0x00000000100001cc                isr_irq8
                0x00000000100001cc                isr_irq24
                0x00000000100001cc                isr_irq1
                0x00000000100001cc                isr_irq7
                0x00000000100001cc                isr_irq21
                0x00000000100001cc                isr_irq20
                0x00000000100001cc                isr_irq15
                0x00000000100001cc                isr_irq25
                0x00000000100001cc                isr_irq4
                0x00000000100001cc                isr_irq16
                0x00000000100001cc                isr_irq29
                0x00000000100001cc                isr_irq26
                0x00000000100001cc                __default_isrs_end
                0x00000000100001cc                isr_irq3
                0x00000000100001cc                isr_irq12
                0x00000000100001cc                isr_irq9
                0x00000000100001d2                unhandled_user_irq_num_in_r0
 *(.binary_info_header)
 .binary_info_header
                0x00000000100001d4       0x14 CMakeFiles/usbtest.dir/usr/share/pico-sdk/src/rp2_common/pico_standard_link/crt0.S.obj
                0x00000000100001e8                __binary_info_header_end = .
 *(.reset)
 .reset         0x00000000100001e8       0xa8 CMakeFiles/usbtest.dir/usr/share/pico-sdk/src/rp2_common/pico_standard_link/crt0.S.obj
                0x00000000100001e8                _entry_point
                0x0000000010000266                __get_current_exception
 .reset         0x0000000010000290       0x30 CMakeFiles/usbtest.dir/usr/share/pico-sdk/src/rp2_common/pico_standard_link/binary_info.c.obj
 *(.init)
 .init          0x00000000100002c0        0x4 /usr/lib/gcc/arm-none-eabi/12.2.0/thumb/v6-m/nofp/crti.o
                0x00000000100002c0                _init
 *(EXCLUDE_FILE(*libm.a: *libc.a:*lib_a-mem*.o *libgcc.a:) .text*)
 .text.frame_dummy
                0x00000000100002c4       0x20 /usr/lib/gcc/arm-none-eabi/12.2.0/thumb/v6-m/nofp/crtbegin.o
 .text.led_on_callback
                0x00000000100002e4       0x10 CMakeFiles/usbtest.dir/usbtest.c.obj
 .text.radar_driver_xfer_cb
                0x00000000100002f4       0x10 CMakeFiles/usbtest.dir/usbtest.c.obj
 .text.radar_driver_control_xfer_cb
                0x0000000010000304       0x10 CMakeFiles/usbtest.dir/usbtest.c.obj
 .text.radar_driver_open
                0x0000000010000314       0x3c CMakeFiles/usbtest.dir/usbtest.c.obj
 .text.radar_driver_reset
                0x0000000010000350       0x20 CMakeFiles/usbtest.dir/usbtest.c.obj
 .text.radar_driver_init
                0x0000000010000370       0x20 CMakeFiles/usbtest.dir/usbtest.c.obj
 .text.usbd_app_driver_get_cb
                0x0000000010000390       0x10 CMakeFiles/usbtest.dir/usbtest.c.obj
                0x0000000010000390                usbd_app_driver_get_cb
 .text.tud_vendor_control_xfer_cb
                0x00000000100003a0       0xa0 CMakeFiles/usbtest.dir/usbtest.c.obj
                0x00000000100003a0                tud_vendor_control_xfer_cb
 .text.startup.main
                0x0000000010000440       0x10 CMakeFiles/usbtest.dir/usbtest.c.obj
                0x0000000010000440                main
 .text.tud_descriptor_device_cb
                0x0000000010000450        0x8 CMakeFiles/usbtest.dir/usb_descriptors.c.obj
                0x0000000010000450                tud_descriptor_device_cb
 .text.tud_descriptor_configuration_cb
                0x0000000010000458        0x8 CMakeFiles/usbtest.dir/usb_descriptors.c.obj
                0x0000000010000458                tud_descriptor_configuration_cb
 .text.tud_descriptor_string_cb
                0x0000000010000460       0x70 CMakeFiles/usbtest.dir/usb_descriptors.c.obj
                0x0000000010000460                tud_descriptor_string_cb
 .text.gpio_set_function
                0x00000000100004d0       0x30 CMakeFiles/usbtest.dir/usr/share/pico-sdk/src/rp2_common/hardware_gpio/gpio.c.obj
                0x00000000100004d0                gpio_set_function
 .text.gpio_init
                0x0000000010000500       0x3c CMakeFiles/usbtest.dir/usr/share/pico-sdk/src/rp2_common/hardware_gpio/gpio.c.obj
                0x0000000010000500                gpio_init
 .text.hw_claim_or_assert
                0x000000001000053c       0x44 CMakeFiles/usbtest.dir/usr/share/pico-sdk/src/rp2_common/hardware_claim/claim.c.obj
                0x000000001000053c                hw_claim_or_assert
 .text.hw_claim_unused_from_range
                0x0000000010000580       0x9c CMakeFiles/usbtest.dir/usr/share/pico-sdk/src/rp2_common/hardware_claim/claim.c.obj
                0x0000000010000580                hw_claim_unused_from_range
 .text.running_on_fpga
                0x000000001000061c       0x10 CMakeFiles/usbtest.dir/usr/share/pico-sdk/src/rp2_common/pico_platform/platform.c.obj
                0x000000001000061c                running_on_fpga
 .text.spin_locks_reset
                0x000000001000062c       0x1c CMakeFiles/usbtest.dir/usr/share/pico-sdk/src/rp2_common/hardware_sync/sync.c.obj
                0x000000001000062c                spin_locks_reset
 .text.next_striped_spin_lock_num
                0x0000000010000648       0x18 CMakeFiles/usbtest.dir/usr/share/pico-sdk/src/rp2_common/hardware_sync/sync.c.obj
                0x0000000010000648                next_striped_spin_lock_num
 .text.spin_lock_claim_unused
                0x0000000010000660       0x24 CMakeFiles/usbtest.dir/usr/share/pico-sdk/src/rp2_common/hardware_sync/sync.c.obj
                0x0000000010000660                spin_lock_claim_unused
 .text.irq_set_enabled
                0x0000000010000684       0x24 CMakeFiles/usbtest.dir/usr/share/pico-sdk/src/rp2_common/hardware_irq/irq.c.obj
                0x0000000010000684                irq_set_enabled
 .text.irq_get_vtable_handler
                0x00000000100006a8       0x10 CMakeFiles/usbtest.dir/usr/share/pico-sdk/src/rp2_common/hardware_irq/irq.c.obj
                0x00000000100006a8                irq_get_vtable_handler
 .text.irq_set_exclusive_handler
                0x00000000100006b8       0x54 CMakeFiles/usbtest.dir/usr/share/pico-sdk/src/rp2_common/hardware_irq/irq.c.obj
                0x00000000100006b8                irq_set_exclusive_handler
 .text.irq_remove_handler
                0x000000001000070c      0x1cc CMakeFiles/usbtest.dir/usr/share/pico-sdk/src/rp2_common/hardware_irq/irq.c.obj
                0x000000001000070c                irq_remove_handler
 .text.irq_add_tail_to_free_list
                0x00000000100008d8       0xb4 CMakeFiles/usbtest.dir/usr/share/pico-sdk/src/rp2_common/hardware_irq/irq.c.obj
                0x00000000100008d8                irq_add_tail_to_free_list
 .text.irq_init_priorities
                0x000000001000098c       0x24 CMakeFiles/usbtest.dir/usr/share/pico-sdk/src/rp2_common/hardware_irq/irq.c.obj
                0x000000001000098c                irq_init_priorities
 .text.lock_init
                0x00000000100009b0       0x10 CMakeFiles/usbtest.dir/usr/share/pico-sdk/src/common/pico_sync/lock_core.c.obj
                0x00000000100009b0                lock_init
 .text.timer_pool_entry_comparator
                0x00000000100009c0       0x34 CMakeFiles/usbtest.dir/usr/share/pico-sdk/src/common/pico_time/time.c.obj
                0x00000000100009c0                timer_pool_entry_comparator
 .text.sleep_until_callback
                0x00000000100009f4       0x30 CMakeFiles/usbtest.dir/usr/share/pico-sdk/src/common/pico_time/time.c.obj
 .text.add_alarm_under_lock.isra.0
                0x0000000010000a24       0xf8 CMakeFiles/usbtest.dir/usr/share/pico-sdk/src/common/pico_time/time.c.obj
 .text.alarm_pool_alarm_callback
                0x0000000010000b1c      0x1c4 CMakeFiles/usbtest.dir/usr/share/pico-sdk/src/common/pico_time/time.c.obj
 .text.alarm_pool_add_alarm_at.constprop.0
                0x0000000010000ce0      0x114 CMakeFiles/usbtest.dir/usr/share/pico-sdk/src/common/pico_time/time.c.obj
 .text.alarm_pool_init_default
                0x0000000010000df4       0x64 CMakeFiles/usbtest.dir/usr/share/pico-sdk/src/common/pico_time/time.c.obj
                0x0000000010000df4                alarm_pool_init_default
 .text.alarm_pool_get_default
                0x0000000010000e58        0x8 CMakeFiles/usbtest.dir/usr/share/pico-sdk/src/common/pico_time/time.c.obj
                0x0000000010000e58                alarm_pool_get_default
 .text.alarm_pool_add_alarm_at
                0x0000000010000e60      0x194 CMakeFiles/usbtest.dir/usr/share/pico-sdk/src/common/pico_time/time.c.obj
                0x0000000010000e60                alarm_pool_add_alarm_at
 .text.best_effort_wfe_or_timeout
                0x0000000010000ff4       0xb0 CMakeFiles/usbtest.dir/usr/share/pico-sdk/src/common/pico_time/time.c.obj
                0x0000000010000ff4                best_effort_wfe_or_timeout
 .text.hardware_alarm_irq_handler
                0x00000000100010a4       0xb8 CMakeFiles/usbtest.dir/usr/share/pico-sdk/src/rp2_common/hardware_timer/timer.c.obj
 .text.hardware_alarm_claim
                0x000000001000115c       0x18 CMakeFiles/usbtest.dir/usr/share/pico-sdk/src/rp2_common/hardware_timer/timer.c.obj
                0x000000001000115c                hardware_alarm_claim
 .text.time_us_64
                0x0000000010001174       0x14 CMakeFiles/usbtest.dir/usr/share/pico-sdk/src/rp2_common/hardware_timer/timer.c.obj
                0x0000000010001174                time_us_64
 .text.hardware_alarm_set_callback
                0x0000000010001188       0x8c CMakeFiles/usbtest.dir/usr/share/pico-sdk/src/rp2_common/hardware_timer/timer.c.obj
                0x0000000010001188                hardware_alarm_set_callback
 .text.hardware_alarm_set_target
                0x0000000010001214       0xdc CMakeFiles/usbtest.dir/usr/share/pico-sdk/src/rp2_common/hardware_timer/timer.c.obj
                0x0000000010001214                hardware_alarm_set_target
 .text.hardware_alarm_cancel
                0x00000000100012f0       0x3c CMakeFiles/usbtest.dir/usr/share/pico-sdk/src/rp2_common/hardware_timer/timer.c.obj
                0x00000000100012f0                hardware_alarm_cancel
 .text.ph_merge_nodes
                0x000000001000132c       0x58 CMakeFiles/usbtest.dir/usr/share/pico-sdk/src/common/pico_util/pheap.c.obj
 .text.ph_post_alloc_init
                0x0000000010001384       0x3c CMakeFiles/usbtest.dir/usr/share/pico-sdk/src/common/pico_util/pheap.c.obj
                0x0000000010001384                ph_post_alloc_init
 .text.ph_merge_two_pass
                0x00000000100013c0       0x8c CMakeFiles/usbtest.dir/usr/share/pico-sdk/src/common/pico_util/pheap.c.obj
                0x00000000100013c0                ph_merge_two_pass
 .text.ph_remove_any_head
                0x000000001000144c      0x12c CMakeFiles/usbtest.dir/usr/share/pico-sdk/src/common/pico_util/pheap.c.obj
 .text.ph_remove_head
                0x0000000010001578      0x130 CMakeFiles/usbtest.dir/usr/share/pico-sdk/src/common/pico_util/pheap.c.obj
                0x0000000010001578                ph_remove_head
 .text.ph_remove_and_free_node
                0x00000000100016a8       0x78 CMakeFiles/usbtest.dir/usr/share/pico-sdk/src/common/pico_util/pheap.c.obj
                0x00000000100016a8                ph_remove_and_free_node
 .text.mutex_init
                0x0000000010001720       0x1c CMakeFiles/usbtest.dir/usr/share/pico-sdk/src/common/pico_sync/mutex.c.obj
                0x0000000010001720                mutex_init
 .text.recursive_mutex_init
                0x000000001000173c       0x1c CMakeFiles/usbtest.dir/usr/share/pico-sdk/src/common/pico_sync/mutex.c.obj
                0x000000001000173c                recursive_mutex_init
 .text.critical_section_init
                0x0000000010001758       0x1c CMakeFiles/usbtest.dir/usr/share/pico-sdk/src/common/pico_sync/critical_section.c.obj
                0x0000000010001758                critical_section_init
 .text.uart_init
                0x0000000010001774       0xe0 CMakeFiles/usbtest.dir/usr/share/pico-sdk/src/rp2_common/hardware_uart/uart.c.obj
                0x0000000010001774                uart_init
 .text.runtime_init
                0x0000000010001854       0xec CMakeFiles/usbtest.dir/usr/share/pico-sdk/src/rp2_common/pico_runtime/runtime.c.obj
                0x0000000010001854                runtime_init
 .text.exit     0x0000000010001940        0x4 CMakeFiles/usbtest.dir/usr/share/pico-sdk/src/rp2_common/pico_runtime/runtime.c.obj
                0x0000000010001940                exit
 .text.panic    0x0000000010001944       0x30 CMakeFiles/usbtest.dir/usr/share/pico-sdk/src/rp2_common/pico_runtime/runtime.c.obj
                0x0000000010001944                panic
 .text.hard_assertion_failure
                0x0000000010001974        0xc CMakeFiles/usbtest.dir/usr/share/pico-sdk/src/rp2_common/pico_runtime/runtime.c.obj
                0x0000000010001974                hard_assertion_failure
 .text.clocks_init
                0x0000000010001980      0x2b4 CMakeFiles/usbtest.dir/usr/share/pico-sdk/src/rp2_common/hardware_clocks/clocks.c.obj
                0x0000000010001980                clocks_init
 .text.clock_get_hz
                0x0000000010001c34        0xc CMakeFiles/usbtest.dir/usr/share/pico-sdk/src/rp2_common/hardware_clocks/clocks.c.obj
                0x0000000010001c34                clock_get_hz
 .text.pll_init
                0x0000000010001c40       0xa8 CMakeFiles/usbtest.dir/usr/share/pico-sdk/src/rp2_common/hardware_pll/pll.c.obj
                0x0000000010001c40                pll_init
 .text.watchdog_start_tick
                0x0000000010001ce8       0x10 CMakeFiles/usbtest.dir/usr/share/pico-sdk/src/rp2_common/hardware_watchdog/watchdog.c.obj
                0x0000000010001ce8                watchdog_start_tick
 .text.xosc_init
                0x0000000010001cf8       0x28 CMakeFiles/usbtest.dir/usr/share/pico-sdk/src/rp2_common/hardware_xosc/xosc.c.obj
                0x0000000010001cf8                xosc_init
 .text._out_char
                0x0000000010001d20       0x10 CMakeFiles/usbtest.dir/usr/share/pico-sdk/src/rp2_common/pico_printf/printf.c.obj
 .text.weak_raw_vprintf
                0x0000000010001d30       0x30 CMakeFiles/usbtest.dir/usr/share/pico-sdk/src/rp2_common/pico_printf/printf.c.obj
                0x0000000010001d30                weak_raw_vprintf
 .text          0x0000000010001d60       0x10 CMakeFiles/usbtest.dir/usr/share/pico-sdk/src/rp2_common/pico_bit_ops/bit_ops_aeabi.S.obj
 .text.rom_func_lookup
                0x0000000010001d70       0x10 CMakeFiles/usbtest.dir/usr/share/pico-sdk/src/rp2_common/pico_bootrom/bootrom.c.obj
                0x0000000010001d70                rom_func_lookup
 .text.rom_data_lookup
                0x0000000010001d80       0x10 CMakeFiles/usbtest.dir/usr/share/pico-sdk/src/rp2_common/pico_bootrom/bootrom.c.obj
                0x0000000010001d80                rom_data_lookup
 .text.rom_funcs_lookup
                0x0000000010001d90       0x44 CMakeFiles/usbtest.dir/usr/share/pico-sdk/src/rp2_common/pico_bootrom/bootrom.c.obj
                0x0000000010001d90                rom_funcs_lookup
 .text.__wrap___aeabi_uidiv
                0x0000000010001dd4       0x4c CMakeFiles/usbtest.dir/usr/share/pico-sdk/src/rp2_common/pico_divider/divider.S.obj
                0x0000000010001dd4                __wrap___aeabi_uidiv
                0x0000000010001dd4                __wrap___aeabi_uidivmod
                0x0000000010001dd4                div_u32u32
                0x0000000010001dd4                divmod_u32u32
                0x0000000010001ddc                divmod_u32u32_unsafe
                0x0000000010001e04                divmod_u32u32_savestate
 .text.__aeabi_double_init
                0x0000000010001e20       0x98 CMakeFiles/usbtest.dir/usr/share/pico-sdk/src/rp2_common/pico_double/double_init_rom.c.obj
                0x0000000010001e20                __aeabi_double_init
 .text.double_table_shim_on_use_helper
                0x0000000010001eb8       0x2c CMakeFiles/usbtest.dir/usr/share/pico-sdk/src/rp2_common/pico_double/double_v1_rom_shim.S.obj
                0x0000000010001eb8                double_table_shim_on_use_helper
 .text.__aeabi_lmul
                0x0000000010001ee4       0x32 CMakeFiles/usbtest.dir/usr/share/pico-sdk/src/rp2_common/pico_int64_ops/pico_int64_ops_aeabi.S.obj
                0x0000000010001ee4                __wrap___aeabi_lmul
 *fill*         0x0000000010001f16        0x2 
 .text.__aeabi_float_init
                0x0000000010001f18       0x64 CMakeFiles/usbtest.dir/usr/share/pico-sdk/src/rp2_common/pico_float/float_init_rom.c.obj
                0x0000000010001f18                __aeabi_float_init
 .text.float_table_shim_on_use_helper
                0x0000000010001f7c       0x2c CMakeFiles/usbtest.dir/usr/share/pico-sdk/src/rp2_common/pico_float/float_v1_rom_shim.S.obj
                0x0000000010001f7c                float_table_shim_on_use_helper
 .text          0x0000000010001fa8       0x10 CMakeFiles/usbtest.dir/usr/share/pico-sdk/src/rp2_common/pico_mem_ops/mem_ops_aeabi.S.obj
                0x0000000010001fa8                __aeabi_mem_init
 .text.memset   0x0000000010001fb8        0xc CMakeFiles/usbtest.dir/usr/share/pico-sdk/src/rp2_common/pico_mem_ops/mem_ops_aeabi.S.obj
                0x0000000010001fb8                __wrap_memset
 .text.memcpy   0x0000000010001fc4        0xc CMakeFiles/usbtest.dir/usr/share/pico-sdk/src/rp2_common/pico_mem_ops/mem_ops_aeabi.S.obj
                0x0000000010001fc4                __wrap___aeabi_memcpy
                0x0000000010001fc4                __wrap_memcpy
 .text.stdio_out_chars_crlf
                0x0000000010001fd0       0x94 CMakeFiles/usbtest.dir/usr/share/pico-sdk/src/rp2_common/pico_stdio/stdio.c.obj
 .text.__wrap_putchar
                0x0000000010002064       0xa4 CMakeFiles/usbtest.dir/usr/share/pico-sdk/src/rp2_common/pico_stdio/stdio.c.obj
                0x0000000010002064                __wrap_putchar
 .text.__wrap_puts
                0x0000000010002108       0xe8 CMakeFiles/usbtest.dir/usr/share/pico-sdk/src/rp2_common/pico_stdio/stdio.c.obj
                0x0000000010002108                __wrap_puts
 .text.stdio_set_driver_enabled
                0x00000000100021f0       0x30 CMakeFiles/usbtest.dir/usr/share/pico-sdk/src/rp2_common/pico_stdio/stdio.c.obj
                0x00000000100021f0                stdio_set_driver_enabled
 .text.stdio_uart_out_chars
                0x0000000010002220       0x4c CMakeFiles/usbtest.dir/usr/share/pico-sdk/src/rp2_common/pico_stdio_uart/stdio_uart.c.obj
 .text.stdio_uart_in_chars
                0x000000001000226c       0x38 CMakeFiles/usbtest.dir/usr/share/pico-sdk/src/rp2_common/pico_stdio_uart/stdio_uart.c.obj
                0x000000001000226c                stdio_uart_in_chars
 .text.stdio_uart_init_full
                0x00000000100022a4       0x38 CMakeFiles/usbtest.dir/usr/share/pico-sdk/src/rp2_common/pico_stdio_uart/stdio_uart.c.obj
                0x00000000100022a4                stdio_uart_init_full
 .text.dcd_rp2040_irq
                0x00000000100022dc      0x1d0 CMakeFiles/usbtest.dir/usr/share/pico-sdk/lib/tinyusb/src/portable/raspberrypi/rp2040/dcd_rp2040.c.obj
 .text.dcd_int_enable
                0x00000000100024ac        0xc CMakeFiles/usbtest.dir/usr/share/pico-sdk/lib/tinyusb/src/portable/raspberrypi/rp2040/dcd_rp2040.c.obj
                0x00000000100024ac                dcd_int_enable
 .text.dcd_set_address
                0x00000000100024b8       0x14 CMakeFiles/usbtest.dir/usr/share/pico-sdk/lib/tinyusb/src/portable/raspberrypi/rp2040/dcd_rp2040.c.obj
                0x00000000100024b8                dcd_set_address
 .text.dcd_connect
                0x00000000100024cc       0x10 CMakeFiles/usbtest.dir/usr/share/pico-sdk/lib/tinyusb/src/portable/raspberrypi/rp2040/dcd_rp2040.c.obj
                0x00000000100024cc                dcd_connect
 .text.dcd_init
                0x00000000100024dc       0xf0 CMakeFiles/usbtest.dir/usr/share/pico-sdk/lib/tinyusb/src/portable/raspberrypi/rp2040/dcd_rp2040.c.obj
                0x00000000100024dc                dcd_init
 .text.dcd_edpt0_status_complete
                0x00000000100025cc       0x1c CMakeFiles/usbtest.dir/usr/share/pico-sdk/lib/tinyusb/src/portable/raspberrypi/rp2040/dcd_rp2040.c.obj
                0x00000000100025cc                dcd_edpt0_status_complete
 .text.dcd_edpt_open
                0x00000000100025e8       0xf0 CMakeFiles/usbtest.dir/usr/share/pico-sdk/lib/tinyusb/src/portable/raspberrypi/rp2040/dcd_rp2040.c.obj
                0x00000000100025e8                dcd_edpt_open
 .text.dcd_edpt_close_all
                0x00000000100026d8       0x68 CMakeFiles/usbtest.dir/usr/share/pico-sdk/lib/tinyusb/src/portable/raspberrypi/rp2040/dcd_rp2040.c.obj
                0x00000000100026d8                dcd_edpt_close_all
 .text.dcd_edpt_xfer
                0x0000000010002740       0x24 CMakeFiles/usbtest.dir/usr/share/pico-sdk/lib/tinyusb/src/portable/raspberrypi/rp2040/dcd_rp2040.c.obj
                0x0000000010002740                dcd_edpt_xfer
 .text.dcd_edpt_stall
                0x0000000010002764       0x34 CMakeFiles/usbtest.dir/usr/share/pico-sdk/lib/tinyusb/src/portable/raspberrypi/rp2040/dcd_rp2040.c.obj
                0x0000000010002764                dcd_edpt_stall
 .text.dcd_edpt_clear_stall
                0x0000000010002798       0x30 CMakeFiles/usbtest.dir/usr/share/pico-sdk/lib/tinyusb/src/portable/raspberrypi/rp2040/dcd_rp2040.c.obj
                0x0000000010002798                dcd_edpt_clear_stall
 .text._hw_endpoint_buffer_control_update32.part.0.isra.0
                0x00000000100027c8       0x1c CMakeFiles/usbtest.dir/usr/share/pico-sdk/lib/tinyusb/src/portable/raspberrypi/rp2040/rp2040_usb.c.obj
 .text.rp2040_usb_init
                0x00000000100027e4       0x4c CMakeFiles/usbtest.dir/usr/share/pico-sdk/lib/tinyusb/src/portable/raspberrypi/rp2040/rp2040_usb.c.obj
                0x00000000100027e4                rp2040_usb_init
 .text.hw_endpoint_reset_transfer
                0x0000000010002830        0xc CMakeFiles/usbtest.dir/usr/share/pico-sdk/lib/tinyusb/src/portable/raspberrypi/rp2040/rp2040_usb.c.obj
                0x0000000010002830                hw_endpoint_reset_transfer
 .text._hw_endpoint_buffer_control_update32
                0x000000001000283c       0x44 CMakeFiles/usbtest.dir/usr/share/pico-sdk/lib/tinyusb/src/portable/raspberrypi/rp2040/rp2040_usb.c.obj
                0x000000001000283c                _hw_endpoint_buffer_control_update32
 .text.hw_endpoint_xfer_start
                0x0000000010002880      0x138 CMakeFiles/usbtest.dir/usr/share/pico-sdk/lib/tinyusb/src/portable/raspberrypi/rp2040/rp2040_usb.c.obj
                0x0000000010002880                hw_endpoint_xfer_start
 .text.hw_endpoint_xfer_continue
                0x00000000100029b8      0x1d8 CMakeFiles/usbtest.dir/usr/share/pico-sdk/lib/tinyusb/src/portable/raspberrypi/rp2040/rp2040_usb.c.obj
                0x00000000100029b8                hw_endpoint_xfer_continue
 .text.tud_inited
                0x0000000010002b90        0xc CMakeFiles/usbtest.dir/usr/share/pico-sdk/lib/tinyusb/src/device/usbd.c.obj
                0x0000000010002b90                tud_inited
 .text.tud_init
                0x0000000010002b9c       0xe0 CMakeFiles/usbtest.dir/usr/share/pico-sdk/lib/tinyusb/src/device/usbd.c.obj
                0x0000000010002b9c                tud_init
 .text.tud_task
                0x0000000010002c7c      0x8e8 CMakeFiles/usbtest.dir/usr/share/pico-sdk/lib/tinyusb/src/device/usbd.c.obj
                0x0000000010002c7c                tud_task
 .text.dcd_event_bus_signal
                0x0000000010003564      0x124 CMakeFiles/usbtest.dir/usr/share/pico-sdk/lib/tinyusb/src/device/usbd.c.obj
                0x0000000010003564                dcd_event_bus_signal
 .text.dcd_event_bus_reset
                0x0000000010003688       0x58 CMakeFiles/usbtest.dir/usr/share/pico-sdk/lib/tinyusb/src/device/usbd.c.obj
                0x0000000010003688                dcd_event_bus_reset
 .text.dcd_event_setup_received
                0x00000000100036e0       0x50 CMakeFiles/usbtest.dir/usr/share/pico-sdk/lib/tinyusb/src/device/usbd.c.obj
                0x00000000100036e0                dcd_event_setup_received
 .text.dcd_event_xfer_complete
                0x0000000010003730       0x68 CMakeFiles/usbtest.dir/usr/share/pico-sdk/lib/tinyusb/src/device/usbd.c.obj
                0x0000000010003730                dcd_event_xfer_complete
 .text.usbd_open_edpt_pair
                0x0000000010003798       0x94 CMakeFiles/usbtest.dir/usr/share/pico-sdk/lib/tinyusb/src/device/usbd.c.obj
                0x0000000010003798                usbd_open_edpt_pair
 .text.usbd_edpt_open
                0x000000001000382c       0x30 CMakeFiles/usbtest.dir/usr/share/pico-sdk/lib/tinyusb/src/device/usbd.c.obj
                0x000000001000382c                usbd_edpt_open
 .text.usbd_edpt_xfer
                0x000000001000385c       0x44 CMakeFiles/usbtest.dir/usr/share/pico-sdk/lib/tinyusb/src/device/usbd.c.obj
                0x000000001000385c                usbd_edpt_xfer
 .text.usbd_edpt_busy
                0x00000000100038a0       0x1c CMakeFiles/usbtest.dir/usr/share/pico-sdk/lib/tinyusb/src/device/usbd.c.obj
                0x00000000100038a0                usbd_edpt_busy
 .text.tud_control_status
                0x00000000100038bc       0x2c CMakeFiles/usbtest.dir/usr/share/pico-sdk/lib/tinyusb/src/device/usbd_control.c.obj
                0x00000000100038bc                tud_control_status
 .text.tud_control_xfer
                0x00000000100038e8       0xac CMakeFiles/usbtest.dir/usr/share/pico-sdk/lib/tinyusb/src/device/usbd_control.c.obj
                0x00000000100038e8                tud_control_xfer
 .text.usbd_control_reset
                0x0000000010003994       0x14 CMakeFiles/usbtest.dir/usr/share/pico-sdk/lib/tinyusb/src/device/usbd_control.c.obj
                0x0000000010003994                usbd_control_reset
 .text.usbd_control_set_complete_callback
                0x00000000100039a8        0xc CMakeFiles/usbtest.dir/usr/share/pico-sdk/lib/tinyusb/src/device/usbd_control.c.obj
                0x00000000100039a8                usbd_control_set_complete_callback
 .text.usbd_control_set_request
                0x00000000100039b4       0x1c CMakeFiles/usbtest.dir/usr/share/pico-sdk/lib/tinyusb/src/device/usbd_control.c.obj
                0x00000000100039b4                usbd_control_set_request
 .text.usbd_control_xfer_cb
                0x00000000100039d0       0xf4 CMakeFiles/usbtest.dir/usr/share/pico-sdk/lib/tinyusb/src/device/usbd_control.c.obj
                0x00000000100039d0                usbd_control_xfer_cb
 .text.vendord_init
                0x0000000010003ac4       0x5c CMakeFiles/usbtest.dir/usr/share/pico-sdk/lib/tinyusb/src/class/vendor/vendor_device.c.obj
                0x0000000010003ac4                vendord_init
 .text.vendord_reset
                0x0000000010003b20       0x1c CMakeFiles/usbtest.dir/usr/share/pico-sdk/lib/tinyusb/src/class/vendor/vendor_device.c.obj
                0x0000000010003b20                vendord_reset
 .text.vendord_open
                0x0000000010003b3c       0xd8 CMakeFiles/usbtest.dir/usr/share/pico-sdk/lib/tinyusb/src/class/vendor/vendor_device.c.obj
                0x0000000010003b3c                vendord_open
 .text.vendord_xfer_cb
                0x0000000010003c14       0x90 CMakeFiles/usbtest.dir/usr/share/pico-sdk/lib/tinyusb/src/class/vendor/vendor_device.c.obj
                0x0000000010003c14                vendord_xfer_cb
 .text.tusb_init
                0x0000000010003ca4        0xc CMakeFiles/usbtest.dir/usr/share/pico-sdk/lib/tinyusb/src/tusb.c.obj
                0x0000000010003ca4                tusb_init
 .text.tusb_inited
                0x0000000010003cb0        0x8 CMakeFiles/usbtest.dir/usr/share/pico-sdk/lib/tinyusb/src/tusb.c.obj
                0x0000000010003cb0                tusb_inited
 .text.tu_edpt_validate
                0x0000000010003cb8       0x80 CMakeFiles/usbtest.dir/usr/share/pico-sdk/lib/tinyusb/src/tusb.c.obj
                0x0000000010003cb8                tu_edpt_validate
 .text.tu_edpt_bind_driver
                0x0000000010003d38       0x2c CMakeFiles/usbtest.dir/usr/share/pico-sdk/lib/tinyusb/src/tusb.c.obj
                0x0000000010003d38                tu_edpt_bind_driver
 .text.tu_fifo_config
                0x0000000010003d64       0x74 CMakeFiles/usbtest.dir/usr/share/pico-sdk/lib/tinyusb/src/common/tusb_fifo.c.obj
                0x0000000010003d64                tu_fifo_config
 .text.tu_fifo_remaining
                0x0000000010003dd8       0x1c CMakeFiles/usbtest.dir/usr/share/pico-sdk/lib/tinyusb/src/common/tusb_fifo.c.obj
                0x0000000010003dd8                tu_fifo_remaining
 .text.tu_fifo_read
                0x0000000010003df4       0xa4 CMakeFiles/usbtest.dir/usr/share/pico-sdk/lib/tinyusb/src/common/tusb_fifo.c.obj
                0x0000000010003df4                tu_fifo_read
 .text.tu_fifo_read_n
                0x0000000010003e98      0x100 CMakeFiles/usbtest.dir/usr/share/pico-sdk/lib/tinyusb/src/common/tusb_fifo.c.obj
                0x0000000010003e98                tu_fifo_read_n
 .text.tu_fifo_write
                0x0000000010003f98       0x78 CMakeFiles/usbtest.dir/usr/share/pico-sdk/lib/tinyusb/src/common/tusb_fifo.c.obj
                0x0000000010003f98                tu_fifo_write
 .text.tu_fifo_write_n
                0x0000000010004010       0xfc CMakeFiles/usbtest.dir/usr/share/pico-sdk/lib/tinyusb/src/common/tusb_fifo.c.obj
                0x0000000010004010                tu_fifo_write_n
 .text.tu_fifo_clear
                0x000000001000410c       0x4c CMakeFiles/usbtest.dir/usr/share/pico-sdk/lib/tinyusb/src/common/tusb_fifo.c.obj
                0x000000001000410c                tu_fifo_clear
 .text.board_init
                0x0000000010004158       0x30 CMakeFiles/usbtest.dir/usr/share/pico-sdk/lib/tinyusb/hw/bsp/rp2040/family.c.obj
                0x0000000010004158                board_init
 .text.atexit   0x0000000010004188       0x10 /usr/lib/gcc/arm-none-eabi/12.2.0/../../../../arm-none-eabi/lib/thumb/v6-m/nofp/libc.a(lib_a-atexit.o)
                0x0000000010004188                atexit
 .text.__libc_fini_array
                0x0000000010004198       0x28 /usr/lib/gcc/arm-none-eabi/12.2.0/../../../../arm-none-eabi/lib/thumb/v6-m/nofp/libc.a(lib_a-fini.o)
                0x0000000010004198                __libc_fini_array
 .text.strlen   0x00000000100041c0       0x5c /usr/lib/gcc/arm-none-eabi/12.2.0/../../../../arm-none-eabi/lib/thumb/v6-m/nofp/libc.a(lib_a-strlen-stub.o)
                0x00000000100041c0                strlen
 .text.__register_exitproc
                0x000000001000421c       0xac /usr/lib/gcc/arm-none-eabi/12.2.0/../../../../arm-none-eabi/lib/thumb/v6-m/nofp/libc.a(lib_a-__atexit.o)
                0x000000001000421c                __register_exitproc
 .text.startup.register_fini
                0x00000000100042c8       0x18 /usr/lib/gcc/arm-none-eabi/12.2.0/../../../../arm-none-eabi/lib/thumb/v6-m/nofp/libc.a(lib_a-__call_atexit.o)
 .text.__retarget_lock_acquire_recursive
                0x00000000100042e0        0x4 /usr/lib/gcc/arm-none-eabi/12.2.0/../../../../arm-none-eabi/lib/thumb/v6-m/nofp/libc.a(lib_a-lock.o)
                0x00000000100042e0                __retarget_lock_acquire_recursive
 .text.__retarget_lock_release_recursive
                0x00000000100042e4        0x4 /usr/lib/gcc/arm-none-eabi/12.2.0/../../../../arm-none-eabi/lib/thumb/v6-m/nofp/libc.a(lib_a-lock.o)
                0x00000000100042e4                __retarget_lock_release_recursive
 *(.fini)
 .fini          0x00000000100042e8        0x4 /usr/lib/gcc/arm-none-eabi/12.2.0/thumb/v6-m/nofp/crti.o
                0x00000000100042e8                _fini
 *fill*         0x00000000100042ec        0x4 
 .fini.__stub   0x00000000100042f0       0x50 linker stubs
 *crtbegin.o(.ctors)
 *crtbegin?.o(.ctors)
 *(EXCLUDE_FILE(*crtend.o *crtend?.o) .ctors)
 *(SORT_BY_NAME(.ctors.*))
 *(.ctors)
 *crtbegin.o(.dtors)
 *crtbegin?.o(.dtors)
 *(EXCLUDE_FILE(*crtend.o *crtend?.o) .dtors)
 *(SORT_BY_NAME(.dtors.*))
 *(.dtors)
 *(.eh_frame*)
 .eh_frame      0x0000000010004340        0x0 /usr/lib/gcc/arm-none-eabi/12.2.0/thumb/v6-m/nofp/crtbegin.o
                0x0000000010004340                . = ALIGN (0x4)

.glue_7         0x0000000010004340        0x0
 .glue_7        0x0000000010004340        0x0 linker stubs

.glue_7t        0x0000000010004340        0x0
 .glue_7t       0x0000000010004340        0x0 linker stubs

.vfp11_veneer   0x0000000010004340        0x0
 .vfp11_veneer  0x0000000010004340        0x0 linker stubs

.v4_bx          0x0000000010004340        0x0
 .v4_bx         0x0000000010004340        0x0 linker stubs

.iplt           0x0000000010004340        0x0
 .iplt          0x0000000010004340        0x0 /usr/lib/gcc/arm-none-eabi/12.2.0/thumb/v6-m/nofp/crtbegin.o

.rodata         0x0000000010004340      0x334
 *(EXCLUDE_FILE(*libm.a: *libc.a:*lib_a-mem*.o *libgcc.a:) .rodata*)
 .rodata.radar_driver_xfer_cb.str1.4
                0x0000000010004340       0x15 CMakeFiles/usbtest.dir/usbtest.c.obj
 *fill*         0x0000000010004355        0x3 
 .rodata.radar_driver_control_xfer_cb.str1.4
                0x0000000010004358       0x1d CMakeFiles/usbtest.dir/usbtest.c.obj
 *fill*         0x0000000010004375        0x3 
 .rodata.radar_driver_open.str1.4
                0x0000000010004378       0x12 CMakeFiles/usbtest.dir/usbtest.c.obj
 *fill*         0x000000001000438a        0x2 
 .rodata.radar_driver_reset.str1.4
                0x000000001000438c       0x13 CMakeFiles/usbtest.dir/usbtest.c.obj
 *fill*         0x000000001000439f        0x1 
 .rodata.radar_driver_init.str1.4
                0x00000000100043a0       0x12 CMakeFiles/usbtest.dir/usbtest.c.obj
 *fill*         0x00000000100043b2        0x2 
 .rodata.tud_vendor_control_xfer_cb.str1.4
                0x00000000100043b4       0x5a CMakeFiles/usbtest.dir/usbtest.c.obj
 *fill*         0x000000001000440e        0x2 
 .rodata._usbd_driver
                0x0000000010004410       0x18 CMakeFiles/usbtest.dir/usbtest.c.obj
 .rodata.str1.4
                0x0000000010004428       0x27 CMakeFiles/usbtest.dir/usb_descriptors.c.obj
 *fill*         0x000000001000444f        0x1 
 .rodata.__compound_literal.0
                0x0000000010004450        0x2 CMakeFiles/usbtest.dir/usb_descriptors.c.obj
 *fill*         0x0000000010004452        0x2 
 .rodata.desc_configuration
                0x0000000010004454       0x20 CMakeFiles/usbtest.dir/usb_descriptors.c.obj
                0x0000000010004454                desc_configuration
 .rodata.desc_device
                0x0000000010004474       0x12 CMakeFiles/usbtest.dir/usb_descriptors.c.obj
                0x0000000010004474                desc_device
 *fill*         0x0000000010004486        0x2 
 .rodata.spin_lock_claim_unused.str1.4
                0x0000000010004488       0x1b CMakeFiles/usbtest.dir/usr/share/pico-sdk/src/rp2_common/hardware_sync/sync.c.obj
 *fill*         0x00000000100044a3        0x1 
 .rodata.hardware_alarm_claim.str1.4
                0x00000000100044a4       0x22 CMakeFiles/usbtest.dir/usr/share/pico-sdk/src/rp2_common/hardware_timer/timer.c.obj
 *fill*         0x00000000100044c6        0x2 
 .rodata.panic.str1.4
                0x00000000100044c8       0x12 CMakeFiles/usbtest.dir/usr/share/pico-sdk/src/rp2_common/pico_runtime/runtime.c.obj
 *fill*         0x00000000100044da        0x2 
 .rodata.hard_assertion_failure.str1.4
                0x00000000100044dc        0xc CMakeFiles/usbtest.dir/usr/share/pico-sdk/src/rp2_common/pico_runtime/runtime.c.obj
 .rodata.str1.4
                0x00000000100044e8       0x3c CMakeFiles/usbtest.dir/usr/share/pico-sdk/src/rp2_common/pico_standard_link/binary_info.c.obj
 .rodata.__bi_81
                0x0000000010004524        0xc CMakeFiles/usbtest.dir/usr/share/pico-sdk/src/rp2_common/pico_standard_link/binary_info.c.obj
 .rodata.__bi_75
                0x0000000010004530        0xc CMakeFiles/usbtest.dir/usr/share/pico-sdk/src/rp2_common/pico_standard_link/binary_info.c.obj
 .rodata.__bi_44
                0x000000001000453c        0xc CMakeFiles/usbtest.dir/usr/share/pico-sdk/src/rp2_common/pico_standard_link/binary_info.c.obj
 .rodata.crlf_str.0
                0x0000000010004548        0x2 CMakeFiles/usbtest.dir/usr/share/pico-sdk/src/rp2_common/pico_stdio/stdio.c.obj
 *fill*         0x000000001000454a        0x2 
 .rodata.dcd_rp2040_irq.str1.4
                0x000000001000454c       0x14 CMakeFiles/usbtest.dir/usr/share/pico-sdk/lib/tinyusb/src/portable/raspberrypi/rp2040/dcd_rp2040.c.obj
 .rodata._hw_endpoint_buffer_control_update32.part.0.isra.0.str1.4
                0x0000000010004560       0x1f CMakeFiles/usbtest.dir/usr/share/pico-sdk/lib/tinyusb/src/portable/raspberrypi/rp2040/rp2040_usb.c.obj
 *fill*         0x000000001000457f        0x1 
 .rodata.hw_endpoint_xfer_continue.str1.4
                0x0000000010004580       0x29 CMakeFiles/usbtest.dir/usr/share/pico-sdk/lib/tinyusb/src/portable/raspberrypi/rp2040/rp2040_usb.c.obj
 *fill*         0x00000000100045a9        0x3 
 .rodata.str1.4
                0x00000000100045ac        0x7 CMakeFiles/usbtest.dir/usr/share/pico-sdk/lib/tinyusb/src/portable/raspberrypi/rp2040/rp2040_usb.c.obj
 *fill*         0x00000000100045b3        0x1 
 .rodata.tud_task
                0x00000000100045b4       0x8c CMakeFiles/usbtest.dir/usr/share/pico-sdk/lib/tinyusb/src/device/usbd.c.obj
 .rodata._usbd_driver
                0x0000000010004640       0x18 CMakeFiles/usbtest.dir/usr/share/pico-sdk/lib/tinyusb/src/device/usbd.c.obj
 .rodata.str1.4
                0x0000000010004658        0x4 CMakeFiles/usbtest.dir/usr/share/pico-sdk/lib/tinyusb/hw/bsp/rp2040/family.c.obj
 .rodata.__bi_121.0
                0x000000001000465c        0xc CMakeFiles/usbtest.dir/usr/share/pico-sdk/lib/tinyusb/hw/bsp/rp2040/family.c.obj
 .rodata.__bi_131.1
                0x0000000010004668        0x8 CMakeFiles/usbtest.dir/usr/share/pico-sdk/lib/tinyusb/hw/bsp/rp2040/family.c.obj
 .rodata._global_impure_ptr
                0x0000000010004670        0x4 /usr/lib/gcc/arm-none-eabi/12.2.0/../../../../arm-none-eabi/lib/thumb/v6-m/nofp/libc.a(lib_a-impure.o)
                0x0000000010004670                _global_impure_ptr
                0x0000000010004674                . = ALIGN (0x4)
 *(SORT_BY_ALIGNMENT(SORT_BY_NAME(.flashdata*)))
                0x0000000010004674                . = ALIGN (0x4)

.rel.dyn        0x0000000010004674        0x0
 .rel.iplt      0x0000000010004674        0x0 /usr/lib/gcc/arm-none-eabi/12.2.0/thumb/v6-m/nofp/crtbegin.o

.ARM.extab
 *(.ARM.extab* .gnu.linkonce.armextab.*)
                0x0000000010004674                __exidx_start = .

.ARM.exidx
 *(.ARM.exidx* .gnu.linkonce.armexidx.*)
                0x0000000010004674                __exidx_end = .
                0x0000000010004674                . = ALIGN (0x4)
                0x0000000010004674                __binary_info_start = .

.binary_info    0x0000000010004674       0x24
 *(.binary_info.keep.*)
 .binary_info.keep.__bi_ptr81
                0x0000000010004674        0x4 CMakeFiles/usbtest.dir/usr/share/pico-sdk/src/rp2_common/pico_standard_link/binary_info.c.obj
 .binary_info.keep.__bi_ptr75
                0x0000000010004678        0x4 CMakeFiles/usbtest.dir/usr/share/pico-sdk/src/rp2_common/pico_standard_link/binary_info.c.obj
 .binary_info.keep.__bi_ptr50
                0x000000001000467c        0x4 CMakeFiles/usbtest.dir/usr/share/pico-sdk/src/rp2_common/pico_standard_link/binary_info.c.obj
 .binary_info.keep.__bi_ptr44
                0x0000000010004680        0x4 CMakeFiles/usbtest.dir/usr/share/pico-sdk/src/rp2_common/pico_standard_link/binary_info.c.obj
 .binary_info.keep.__bi_ptr38
                0x0000000010004684        0x4 CMakeFiles/usbtest.dir/usr/share/pico-sdk/src/rp2_common/pico_standard_link/binary_info.c.obj
 .binary_info.keep.__bi_ptr30
                0x0000000010004688        0x4 CMakeFiles/usbtest.dir/usr/share/pico-sdk/src/rp2_common/pico_standard_link/binary_info.c.obj
 .binary_info.keep.__bi_ptr22
                0x000000001000468c        0x4 CMakeFiles/usbtest.dir/usr/share/pico-sdk/src/rp2_common/pico_standard_link/binary_info.c.obj
 .binary_info.keep.__bi_ptr131
                0x0000000010004690        0x4 CMakeFiles/usbtest.dir/usr/share/pico-sdk/lib/tinyusb/hw/bsp/rp2040/family.c.obj
 .binary_info.keep.__bi_ptr121
                0x0000000010004694        0x4 CMakeFiles/usbtest.dir/usr/share/pico-sdk/lib/tinyusb/hw/bsp/rp2040/family.c.obj
 *(.binary_info.*)
                0x0000000010004698                __binary_info_end = .
                0x0000000010004698                . = ALIGN (0x4)
                0x0000000010004698                __etext = .

.ram_vector_table
                0x0000000020000000       0xc0
 *(.ram_vector_table)
 .ram_vector_table
                0x0000000020000000       0xc0 CMakeFiles/usbtest.dir/usr/share/pico-sdk/src/rp2_common/pico_runtime/runtime.c.obj
                0x0000000020000000                ram_vector_table

.data           0x00000000200000c0      0x6bc load address 0x0000000010004698
                0x00000000200000c0                __data_start__ = .
 *(vtable)
 *(.time_critical*)
 .time_critical.mutex_enter_blocking
                0x00000000200000c0       0x48 CMakeFiles/usbtest.dir/usr/share/pico-sdk/src/common/pico_sync/mutex.c.obj
                0x00000000200000c0                mutex_enter_blocking
 .time_critical.mutex_try_enter
                0x0000000020000108       0x40 CMakeFiles/usbtest.dir/usr/share/pico-sdk/src/common/pico_sync/mutex.c.obj
                0x0000000020000108                mutex_try_enter
 .time_critical.mutex_enter_timeout_ms
                0x0000000020000148       0xa0 CMakeFiles/usbtest.dir/usr/share/pico-sdk/src/common/pico_sync/mutex.c.obj
                0x0000000020000148                mutex_enter_timeout_ms
 .time_critical.mutex_exit
                0x00000000200001e8       0x28 CMakeFiles/usbtest.dir/usr/share/pico-sdk/src/common/pico_sync/mutex.c.obj
                0x00000000200001e8                mutex_exit
 *(.text*)
 .text          0x0000000020000210        0x4 /usr/lib/gcc/arm-none-eabi/12.2.0/thumb/v6-m/nofp/libgcc.a(_dvmd_tls.o)
                0x0000000020000210                __aeabi_ldiv0
                0x0000000020000210                __aeabi_idiv0
 *fill*         0x0000000020000214        0x4 
 .text.__stub   0x0000000020000218       0x30 linker stubs
                0x0000000020000248                . = ALIGN (0x4)
 *(.rodata*)
                0x0000000020000248                . = ALIGN (0x4)
 *(.data*)
 .data.string_desc_arr
                0x0000000020000248       0x10 CMakeFiles/usbtest.dir/usb_descriptors.c.obj
                0x0000000020000248                string_desc_arr
 .data.striped_spin_lock_num
                0x0000000020000258        0x1 CMakeFiles/usbtest.dir/usr/share/pico-sdk/src/rp2_common/hardware_sync/sync.c.obj
 *fill*         0x0000000020000259        0x3 
 .data          0x000000002000025c       0x48 CMakeFiles/usbtest.dir/usr/share/pico-sdk/src/rp2_common/hardware_irq/irq_handler_chain.S.obj
                0x000000002000025c                irq_handler_chain_slots
                0x000000002000028c                irq_handler_chain_first_slot
                0x0000000020000296                irq_handler_chain_remove_tail
 .data.default_alarm_pool
                0x00000000200002a4       0x18 CMakeFiles/usbtest.dir/usr/share/pico-sdk/src/common/pico_time/time.c.obj
 .data.default_alarm_pool_heap
                0x00000000200002bc       0x10 CMakeFiles/usbtest.dir/usr/share/pico-sdk/src/common/pico_time/time.c.obj
 *fill*         0x00000000200002cc        0x4 
 .data.aeabi_bits_funcs
                0x00000000200002d0       0x10 CMakeFiles/usbtest.dir/usr/share/pico-sdk/src/rp2_common/pico_bit_ops/bit_ops_aeabi.S.obj
                0x00000000200002d0                aeabi_bits_funcs
                0x00000000200002e0                aeabi_bits_funcs_end
 .data.aeabi_mem_funcs
                0x00000000200002e0       0x10 CMakeFiles/usbtest.dir/usr/share/pico-sdk/src/rp2_common/pico_mem_ops/mem_ops_aeabi.S.obj
                0x00000000200002e0                aeabi_mem_funcs
                0x00000000200002f0                aeabi_mem_funcs_end
 .data.stdio_uart
                0x00000000200002f0       0x14 CMakeFiles/usbtest.dir/usr/share/pico-sdk/src/rp2_common/pico_stdio_uart/stdio_uart.c.obj
                0x00000000200002f0                stdio_uart
 .data.ep_dir_string
                0x0000000020000304        0x8 CMakeFiles/usbtest.dir/usr/share/pico-sdk/lib/tinyusb/src/portable/raspberrypi/rp2040/rp2040_usb.c.obj
                0x0000000020000304                ep_dir_string
 .data._usbd_qdef
                0x000000002000030c       0x24 CMakeFiles/usbtest.dir/usr/share/pico-sdk/lib/tinyusb/src/device/usbd.c.obj
                0x000000002000030c                _usbd_qdef
 .data.impure_data
                0x0000000020000330      0x428 /usr/lib/gcc/arm-none-eabi/12.2.0/../../../../arm-none-eabi/lib/thumb/v6-m/nofp/libc.a(lib_a-impure.o)
 .data.__atexit_recursive_mutex
                0x0000000020000758        0x4 /usr/lib/gcc/arm-none-eabi/12.2.0/../../../../arm-none-eabi/lib/thumb/v6-m/nofp/libc.a(lib_a-__call_atexit.o)
                0x0000000020000758                __atexit_recursive_mutex
                0x000000002000075c                . = ALIGN (0x4)
 *(.after_data.*)
                0x000000002000075c                . = ALIGN (0x4)
                0x000000002000075c                PROVIDE (__mutex_array_start = .)
 *(SORT_BY_NAME(.mutex_array.*))
 *(.mutex_array)
 .mutex_array   0x000000002000075c        0x8 CMakeFiles/usbtest.dir/usr/share/pico-sdk/src/rp2_common/pico_stdio/stdio.c.obj
                0x0000000020000764                PROVIDE (__mutex_array_end = .)
                0x0000000020000764                . = ALIGN (0x4)
                0x0000000020000764                PROVIDE (__preinit_array_start = .)
 *(SORT_BY_NAME(.preinit_array.*))
 .preinit_array.00001
                0x0000000020000764        0x4 CMakeFiles/usbtest.dir/usr/share/pico-sdk/src/rp2_common/pico_mem_ops/mem_ops_aeabi.S.obj
 .preinit_array.00010
                0x0000000020000768        0x4 CMakeFiles/usbtest.dir/usr/share/pico-sdk/src/rp2_common/pico_bit_ops/bit_ops_aeabi.S.obj
 .preinit_array.00020
                0x000000002000076c        0x4 CMakeFiles/usbtest.dir/usr/share/pico-sdk/src/rp2_common/pico_double/double_aeabi.S.obj
 .preinit_array.00020
                0x0000000020000770        0x4 CMakeFiles/usbtest.dir/usr/share/pico-sdk/src/rp2_common/pico_float/float_aeabi.S.obj
 *(.preinit_array)
                0x0000000020000774                PROVIDE (__preinit_array_end = .)
                0x0000000020000774                . = ALIGN (0x4)
                0x0000000020000774                PROVIDE (__init_array_start = .)
 *(SORT_BY_NAME(.init_array.*))
 .init_array.00000
                0x0000000020000774        0x4 /usr/lib/gcc/arm-none-eabi/12.2.0/../../../../arm-none-eabi/lib/thumb/v6-m/nofp/libc.a(lib_a-__call_atexit.o)
 *(.init_array)
 .init_array    0x0000000020000778        0x4 /usr/lib/gcc/arm-none-eabi/12.2.0/thumb/v6-m/nofp/crtbegin.o
                0x000000002000077c                PROVIDE (__init_array_end = .)
                0x000000002000077c                . = ALIGN (0x4)
                0x000000002000077c                PROVIDE (__fini_array_start = .)
 *(SORT_BY_NAME(.fini_array.*))
 *(.fini_array)
                0x000000002000077c                PROVIDE (__fini_array_end = .)
 *(.jcr)
                0x000000002000077c                . = ALIGN (0x4)
                0x000000002000077c                __data_end__ = .

.igot.plt       0x000000002000077c        0x0 load address 0x0000000010004d54
 .igot.plt      0x000000002000077c        0x0 /usr/lib/gcc/arm-none-eabi/12.2.0/thumb/v6-m/nofp/crtbegin.o

.uninitialized_data
                0x000000002000077c        0x0 load address 0x0000000010004d54
                0x000000002000077c                . = ALIGN (0x4)
 *(.uninitialized_data*)

.scratch_x      0x0000000020040000        0x0 load address 0x0000000010004d54
                0x0000000020040000                __scratch_x_start__ = .
 *(.scratch_x.*)
                0x0000000020040000                . = ALIGN (0x4)
                0x0000000020040000                __scratch_x_end__ = .
                0x0000000010004d54                __scratch_x_source__ = LOADADDR (.scratch_x)

.scratch_y      0x0000000020041000        0x0 load address 0x0000000010004d54
                0x0000000020041000                __scratch_y_start__ = .
 *(.scratch_y.*)
                0x0000000020041000                . = ALIGN (0x4)
                0x0000000020041000                __scratch_y_end__ = .
                0x0000000010004d54                __scratch_y_source__ = LOADADDR (.scratch_y)

.bss            0x0000000020000780      0xaec
                0x0000000020000780                . = ALIGN (0x4)
                0x0000000020000780                __bss_start__ = .
 *(SORT_BY_ALIGNMENT(SORT_BY_NAME(.bss*)))
 .bss.configured_freq
                0x0000000020000780       0x28 CMakeFiles/usbtest.dir/usr/share/pico-sdk/src/rp2_common/hardware_clocks/clocks.c.obj
 .bss.default_alarm_pool_entries
                0x00000000200007a8      0x100 CMakeFiles/usbtest.dir/usr/share/pico-sdk/src/common/pico_time/time.c.obj
 .bss.sd_table  0x00000000200008a8      0x100 CMakeFiles/usbtest.dir/usr/share/pico-sdk/src/rp2_common/pico_double/double_init_rom.c.obj
                0x00000000200008a8                sd_table
 .bss.sf_table  0x00000000200009a8      0x100 CMakeFiles/usbtest.dir/usr/share/pico-sdk/src/rp2_common/pico_float/float_init_rom.c.obj
                0x00000000200009a8                sf_table
 .bss.__lock___atexit_recursive_mutex
                0x0000000020000aa8        0x1 /usr/lib/gcc/arm-none-eabi/12.2.0/../../../../arm-none-eabi/lib/thumb/v6-m/nofp/libc.a(lib_a-lock.o)
                0x0000000020000aa8                __lock___atexit_recursive_mutex
 *fill*         0x0000000020000aa9        0x3 
 .bss._app_driver
                0x0000000020000aac        0x4 CMakeFiles/usbtest.dir/usr/share/pico-sdk/lib/tinyusb/src/device/usbd.c.obj
 .bss._ctrl_xfer
                0x0000000020000ab0       0x14 CMakeFiles/usbtest.dir/usr/share/pico-sdk/lib/tinyusb/src/device/usbd_control.c.obj
 .bss._desc_str
                0x0000000020000ac4       0x40 CMakeFiles/usbtest.dir/usb_descriptors.c.obj
 .bss._ubsd_mutexdef
                0x0000000020000b04        0x8 CMakeFiles/usbtest.dir/usr/share/pico-sdk/lib/tinyusb/src/device/usbd.c.obj
 .bss._usbd_ctrl_buf
                0x0000000020000b0c       0x40 CMakeFiles/usbtest.dir/usr/share/pico-sdk/lib/tinyusb/src/device/usbd_control.c.obj
 .bss._usbd_dev
                0x0000000020000b4c       0x53 CMakeFiles/usbtest.dir/usr/share/pico-sdk/lib/tinyusb/src/device/usbd.c.obj
 *fill*         0x0000000020000b9f        0x1 
 .bss._usbd_mutex
                0x0000000020000ba0        0x4 CMakeFiles/usbtest.dir/usr/share/pico-sdk/lib/tinyusb/src/device/usbd.c.obj
 .bss._usbd_q   0x0000000020000ba4        0x4 CMakeFiles/usbtest.dir/usr/share/pico-sdk/lib/tinyusb/src/device/usbd.c.obj
 .bss._usbd_qdef_buf
                0x0000000020000ba8       0xc0 CMakeFiles/usbtest.dir/usr/share/pico-sdk/lib/tinyusb/src/device/usbd.c.obj
                0x0000000020000ba8                _usbd_qdef_buf
 .bss._vendord_itf
                0x0000000020000c68      0x14c CMakeFiles/usbtest.dir/usr/share/pico-sdk/lib/tinyusb/src/class/vendor/vendor_device.c.obj
 .bss.alarm_callbacks
                0x0000000020000db4       0x10 CMakeFiles/usbtest.dir/usr/share/pico-sdk/src/rp2_common/hardware_timer/timer.c.obj
 .bss.claimed   0x0000000020000dc4        0x4 CMakeFiles/usbtest.dir/usr/share/pico-sdk/src/rp2_common/hardware_sync/sync.c.obj
 .bss.default_alarm_pool_entry_ids_high
                0x0000000020000dc8       0x10 CMakeFiles/usbtest.dir/usr/share/pico-sdk/src/common/pico_time/time.c.obj
 .bss.default_alarm_pool_heap_nodes
                0x0000000020000dd8       0x30 CMakeFiles/usbtest.dir/usr/share/pico-sdk/src/common/pico_time/time.c.obj
 .bss.drivers   0x0000000020000e08        0x4 CMakeFiles/usbtest.dir/usr/share/pico-sdk/src/rp2_common/pico_stdio/stdio.c.obj
 .bss.filter    0x0000000020000e0c        0x4 CMakeFiles/usbtest.dir/usr/share/pico-sdk/src/rp2_common/pico_stdio/stdio.c.obj
 .bss.hw_endpoints
                0x0000000020000e10      0x400 CMakeFiles/usbtest.dir/usr/share/pico-sdk/lib/tinyusb/src/portable/raspberrypi/rp2040/dcd_rp2040.c.obj
 .bss.lazy_vsnprintf
                0x0000000020001210        0x4 CMakeFiles/usbtest.dir/usr/share/pico-sdk/src/rp2_common/pico_printf/printf.c.obj
 .bss.next_buffer_ptr
                0x0000000020001214        0x4 CMakeFiles/usbtest.dir/usr/share/pico-sdk/lib/tinyusb/src/portable/raspberrypi/rp2040/dcd_rp2040.c.obj
 .bss.object.0  0x0000000020001218       0x18 /usr/lib/gcc/arm-none-eabi/12.2.0/thumb/v6-m/nofp/crtbegin.o
 .bss.pools     0x0000000020001230       0x10 CMakeFiles/usbtest.dir/usr/share/pico-sdk/src/common/pico_time/time.c.obj
 .bss.sf_clz_func
                0x0000000020001240        0x4 CMakeFiles/usbtest.dir/usr/share/pico-sdk/src/rp2_common/pico_double/double_init_rom.c.obj
                0x0000000020001240                sf_clz_func
 .bss.sleep_notifier
                0x0000000020001244        0x4 CMakeFiles/usbtest.dir/usr/share/pico-sdk/src/common/pico_time/time.c.obj
 .bss.target_hi
                0x0000000020001248       0x10 CMakeFiles/usbtest.dir/usr/share/pico-sdk/src/rp2_common/hardware_timer/timer.c.obj
 .bss.uart_char_to_line_feed
                0x0000000020001258        0x4 CMakeFiles/usbtest.dir/usr/share/pico-sdk/src/rp2_common/hardware_uart/uart.c.obj
                0x0000000020001258                uart_char_to_line_feed
 .bss.uart_inst
                0x000000002000125c        0x4 CMakeFiles/usbtest.dir/usr/share/pico-sdk/lib/tinyusb/hw/bsp/rp2040/family.c.obj
 .bss.uart_instance
                0x0000000020001260        0x4 CMakeFiles/usbtest.dir/usr/share/pico-sdk/src/rp2_common/pico_stdio_uart/stdio_uart.c.obj
 .bss._app_driver_count
                0x0000000020001264        0x1 CMakeFiles/usbtest.dir/usr/share/pico-sdk/lib/tinyusb/src/device/usbd.c.obj
 .bss._usbd_initialized
                0x0000000020001265        0x1 CMakeFiles/usbtest.dir/usr/share/pico-sdk/lib/tinyusb/src/device/usbd.c.obj
 .bss.claimed   0x0000000020001266        0x1 CMakeFiles/usbtest.dir/usr/share/pico-sdk/src/rp2_common/hardware_timer/timer.c.obj
 .bss.irq_hander_chain_free_slot_head
                0x0000000020001267        0x1 CMakeFiles/usbtest.dir/usr/share/pico-sdk/src/rp2_common/hardware_irq/irq.c.obj
 .bss.timer_callbacks_pending
                0x0000000020001268        0x1 CMakeFiles/usbtest.dir/usr/share/pico-sdk/src/rp2_common/hardware_timer/timer.c.obj
 *(COMMON)
                0x000000002000126c                . = ALIGN (0x4)
 *fill*         0x0000000020001269        0x3 
                0x000000002000126c                __bss_end__ = .

.heap           0x000000002000126c      0x800
                0x000000002000126c                __end__ = .
                0x000000002000126c                end = __end__
 *(.heap*)
 .heap          0x000000002000126c      0x800 CMakeFiles/usbtest.dir/usr/share/pico-sdk/src/rp2_common/pico_standard_link/crt0.S.obj
                0x0000000020001a6c                __HeapLimit = .

.stack1_dummy
 *(.stack1*)

.stack_dummy    0x0000000020041000      0x800
 *(.stack*)
 .stack         0x0000000020041000      0x800 CMakeFiles/usbtest.dir/usr/share/pico-sdk/src/rp2_common/pico_standard_link/crt0.S.obj

.flash_end      0x0000000010004d54        0x0
                0x0000000010004d54                __flash_binary_end = .
                0x0000000020040000                __StackLimit = (ORIGIN (RAM) + LENGTH (RAM))
                0x0000000020041000                __StackOneTop = (ORIGIN (SCRATCH_X) + LENGTH (SCRATCH_X))
                0x0000000020042000                __StackTop = (ORIGIN (SCRATCH_Y) + LENGTH (SCRATCH_Y))
                0x0000000020041000                __StackOneBottom = (__StackOneTop - SIZEOF (.stack1_dummy))
                0x0000000020041800                __StackBottom = (__StackTop - SIZEOF (.stack_dummy))
                0x0000000020042000                PROVIDE (__stack = __StackTop)
                0x0000000000000001                ASSERT ((__StackLimit >= __HeapLimit), region RAM overflowed)
                0x0000000000000001                ASSERT (((__binary_info_header_end - __logical_binary_start) <= 0x100), Binary info must be in first 256 bytes of the binary)
LOAD CMakeFiles/usbtest.dir/usbtest.c.obj
LOAD CMakeFiles/usbtest.dir/usb_descriptors.c.obj
LOAD CMakeFiles/usbtest.dir/usr/share/pico-sdk/src/rp2_common/pico_stdlib/stdlib.c.obj
LOAD CMakeFiles/usbtest.dir/usr/share/pico-sdk/src/rp2_common/hardware_gpio/gpio.c.obj
LOAD CMakeFiles/usbtest.dir/usr/share/pico-sdk/src/rp2_common/hardware_claim/claim.c.obj
LOAD CMakeFiles/usbtest.dir/usr/share/pico-sdk/src/rp2_common/pico_platform/platform.c.obj
LOAD CMakeFiles/usbtest.dir/usr/share/pico-sdk/src/rp2_common/hardware_sync/sync.c.obj
LOAD CMakeFiles/usbtest.dir/usr/share/pico-sdk/src/rp2_common/hardware_irq/irq.c.obj
LOAD CMakeFiles/usbtest.dir/usr/share/pico-sdk/src/rp2_common/hardware_irq/irq_handler_chain.S.obj
LOAD CMakeFiles/usbtest.dir/usr/share/pico-sdk/src/common/pico_sync/sem.c.obj
LOAD CMakeFiles/usbtest.dir/usr/share/pico-sdk/src/common/pico_sync/lock_core.c.obj
LOAD CMakeFiles/usbtest.dir/usr/share/pico-sdk/src/common/pico_time/time.c.obj
LOAD CMakeFiles/usbtest.dir/usr/share/pico-sdk/src/common/pico_time/timeout_helper.c.obj
LOAD CMakeFiles/usbtest.dir/usr/share/pico-sdk/src/rp2_common/hardware_timer/timer.c.obj
LOAD CMakeFiles/usbtest.dir/usr/share/pico-sdk/src/common/pico_util/datetime.c.obj
LOAD CMakeFiles/usbtest.dir/usr/share/pico-sdk/src/common/pico_util/pheap.c.obj
LOAD CMakeFiles/usbtest.dir/usr/share/pico-sdk/src/common/pico_util/queue.c.obj
LOAD CMakeFiles/usbtest.dir/usr/share/pico-sdk/src/common/pico_sync/mutex.c.obj
LOAD CMakeFiles/usbtest.dir/usr/share/pico-sdk/src/common/pico_sync/critical_section.c.obj
LOAD CMakeFiles/usbtest.dir/usr/share/pico-sdk/src/rp2_common/hardware_uart/uart.c.obj
LOAD CMakeFiles/usbtest.dir/usr/share/pico-sdk/src/rp2_common/hardware_divider/divider.S.obj
LOAD CMakeFiles/usbtest.dir/usr/share/pico-sdk/src/rp2_common/pico_runtime/runtime.c.obj
LOAD CMakeFiles/usbtest.dir/usr/share/pico-sdk/src/rp2_common/hardware_clocks/clocks.c.obj
LOAD CMakeFiles/usbtest.dir/usr/share/pico-sdk/src/rp2_common/hardware_pll/pll.c.obj
LOAD CMakeFiles/usbtest.dir/usr/share/pico-sdk/src/rp2_common/hardware_vreg/vreg.c.obj
LOAD CMakeFiles/usbtest.dir/usr/share/pico-sdk/src/rp2_common/hardware_watchdog/watchdog.c.obj
LOAD CMakeFiles/usbtest.dir/usr/share/pico-sdk/src/rp2_common/hardware_xosc/xosc.c.obj
LOAD CMakeFiles/usbtest.dir/usr/share/pico-sdk/src/rp2_common/pico_printf/printf.c.obj
LOAD CMakeFiles/usbtest.dir/usr/share/pico-sdk/src/rp2_common/pico_bit_ops/bit_ops_aeabi.S.obj
LOAD CMakeFiles/usbtest.dir/usr/share/pico-sdk/src/rp2_common/pico_bootrom/bootrom.c.obj
LOAD CMakeFiles/usbtest.dir/usr/share/pico-sdk/src/rp2_common/pico_divider/divider.S.obj
LOAD CMakeFiles/usbtest.dir/usr/share/pico-sdk/src/rp2_common/pico_double/double_aeabi.S.obj
LOAD CMakeFiles/usbtest.dir/usr/share/pico-sdk/src/rp2_common/pico_double/double_init_rom.c.obj
LOAD CMakeFiles/usbtest.dir/usr/share/pico-sdk/src/rp2_common/pico_double/double_math.c.obj
LOAD CMakeFiles/usbtest.dir/usr/share/pico-sdk/src/rp2_common/pico_double/double_v1_rom_shim.S.obj
LOAD CMakeFiles/usbtest.dir/usr/share/pico-sdk/src/rp2_common/pico_int64_ops/pico_int64_ops_aeabi.S.obj
LOAD CMakeFiles/usbtest.dir/usr/share/pico-sdk/src/rp2_common/pico_float/float_aeabi.S.obj
LOAD CMakeFiles/usbtest.dir/usr/share/pico-sdk/src/rp2_common/pico_float/float_init_rom.c.obj
LOAD CMakeFiles/usbtest.dir/usr/share/pico-sdk/src/rp2_common/pico_float/float_math.c.obj
LOAD CMakeFiles/usbtest.dir/usr/share/pico-sdk/src/rp2_common/pico_float/float_v1_rom_shim.S.obj
LOAD CMakeFiles/usbtest.dir/usr/share/pico-sdk/src/rp2_common/pico_malloc/pico_malloc.c.obj
LOAD CMakeFiles/usbtest.dir/usr/share/pico-sdk/src/rp2_common/pico_mem_ops/mem_ops_aeabi.S.obj
LOAD CMakeFiles/usbtest.dir/usr/share/pico-sdk/src/rp2_common/pico_standard_link/crt0.S.obj
LOAD CMakeFiles/usbtest.dir/usr/share/pico-sdk/src/rp2_common/pico_standard_link/new_delete.cpp.obj
LOAD CMakeFiles/usbtest.dir/usr/share/pico-sdk/src/rp2_common/pico_standard_link/binary_info.c.obj
LOAD CMakeFiles/usbtest.dir/usr/share/pico-sdk/src/rp2_common/pico_stdio/stdio.c.obj
LOAD CMakeFiles/usbtest.dir/usr/share/pico-sdk/src/rp2_common/pico_stdio_uart/stdio_uart.c.obj
LOAD CMakeFiles/usbtest.dir/usr/share/pico-sdk/lib/tinyusb/src/portable/raspberrypi/rp2040/dcd_rp2040.c.obj
LOAD CMakeFiles/usbtest.dir/usr/share/pico-sdk/lib/tinyusb/src/portable/raspberrypi/rp2040/rp2040_usb.c.obj
LOAD CMakeFiles/usbtest.dir/usr/share/pico-sdk/lib/tinyusb/src/device/usbd.c.obj
LOAD CMakeFiles/usbtest.dir/usr/share/pico-sdk/lib/tinyusb/src/device/usbd_control.c.obj
LOAD CMakeFiles/usbtest.dir/usr/share/pico-sdk/lib/tinyusb/src/class/audio/audio_device.c.obj
LOAD CMakeFiles/usbtest.dir/usr/share/pico-sdk/lib/tinyusb/src/class/cdc/cdc_device.c.obj
LOAD CMakeFiles/usbtest.dir/usr/share/pico-sdk/lib/tinyusb/src/class/dfu/dfu_device.c.obj
LOAD CMakeFiles/usbtest.dir/usr/share/pico-sdk/lib/tinyusb/src/class/dfu/dfu_rt_device.c.obj
LOAD CMakeFiles/usbtest.dir/usr/share/pico-sdk/lib/tinyusb/src/class/hid/hid_device.c.obj
LOAD CMakeFiles/usbtest.dir/usr/share/pico-sdk/lib/tinyusb/src/class/midi/midi_device.c.obj
LOAD CMakeFiles/usbtest.dir/usr/share/pico-sdk/lib/tinyusb/src/class/msc/msc_device.c.obj
LOAD CMakeFiles/usbtest.dir/usr/share/pico-sdk/lib/tinyusb/src/class/net/ecm_rndis_device.c.obj
LOAD CMakeFiles/usbtest.dir/usr/share/pico-sdk/lib/tinyusb/src/class/net/ncm_device.c.obj
LOAD CMakeFiles/usbtest.dir/usr/share/pico-sdk/lib/tinyusb/src/class/usbtmc/usbtmc_device.c.obj
LOAD CMakeFiles/usbtest.dir/usr/share/pico-sdk/lib/tinyusb/src/class/vendor/vendor_device.c.obj
LOAD CMakeFiles/usbtest.dir/usr/share/pico-sdk/lib/tinyusb/src/class/video/video_device.c.obj
LOAD CMakeFiles/usbtest.dir/usr/share/pico-sdk/lib/tinyusb/src/tusb.c.obj
LOAD CMakeFiles/usbtest.dir/usr/share/pico-sdk/lib/tinyusb/src/common/tusb_fifo.c.obj
LOAD CMakeFiles/usbtest.dir/usr/share/pico-sdk/src/rp2_common/pico_fix/rp2040_usb_device_enumeration/rp2040_usb_device_enumeration.c.obj
LOAD CMakeFiles/usbtest.dir/usr/share/pico-sdk/lib/tinyusb/hw/bsp/rp2040/family.c.obj
LOAD /tmp/ccSedpaY.o
LOAD /usr/lib/gcc/arm-none-eabi/12.2.0/../../../../arm-none-eabi/lib/thumb/v6-m/nofp/libstdc++.a
LOAD /usr/lib/gcc/arm-none-eabi/12.2.0/../../../../arm-none-eabi/lib/thumb/v6-m/nofp/libm.a
START GROUP
LOAD /usr/lib/gcc/arm-none-eabi/12.2.0/thumb/v6-m/nofp/libgcc.a
LOAD /usr/lib/gcc/arm-none-eabi/12.2.0/../../../../arm-none-eabi/lib/thumb/v6-m/nofp/libc.a
END GROUP
START GROUP
LOAD /usr/lib/gcc/arm-none-eabi/12.2.0/thumb/v6-m/nofp/libgcc.a
LOAD /usr/lib/gcc/arm-none-eabi/12.2.0/../../../../arm-none-eabi/lib/thumb/v6-m/nofp/libc.a
LOAD /usr/lib/gcc/arm-none-eabi/12.2.0/../../../../arm-none-eabi/lib/thumb/v6-m/nofp/libnosys.a
END GROUP
LOAD /usr/lib/gcc/arm-none-eabi/12.2.0/thumb/v6-m/nofp/crtend.o
LOAD /usr/lib/gcc/arm-none-eabi/12.2.0/thumb/v6-m/nofp/crtn.o
OUTPUT(usbtest.elf elf32-littlearm)
LOAD linker stubs

.ARM.attributes
                0x0000000000000000       0x28
 .ARM.attributes
                0x0000000000000000       0x1e /usr/lib/gcc/arm-none-eabi/12.2.0/thumb/v6-m/nofp/crti.o
 .ARM.attributes
                0x000000000000001e       0x2c /usr/lib/gcc/arm-none-eabi/12.2.0/thumb/v6-m/nofp/crtbegin.o
 .ARM.attributes
                0x000000000000004a       0x2c CMakeFiles/usbtest.dir/usbtest.c.obj
 .ARM.attributes
                0x0000000000000076       0x2c CMakeFiles/usbtest.dir/usb_descriptors.c.obj
 .ARM.attributes
                0x00000000000000a2       0x2c CMakeFiles/usbtest.dir/usr/share/pico-sdk/src/rp2_common/hardware_gpio/gpio.c.obj
 .ARM.attributes
                0x00000000000000ce       0x2c CMakeFiles/usbtest.dir/usr/share/pico-sdk/src/rp2_common/hardware_claim/claim.c.obj
 .ARM.attributes
                0x00000000000000fa       0x2c CMakeFiles/usbtest.dir/usr/share/pico-sdk/src/rp2_common/pico_platform/platform.c.obj
 .ARM.attributes
                0x0000000000000126       0x2c CMakeFiles/usbtest.dir/usr/share/pico-sdk/src/rp2_common/hardware_sync/sync.c.obj
 .ARM.attributes
                0x0000000000000152       0x2c CMakeFiles/usbtest.dir/usr/share/pico-sdk/src/rp2_common/hardware_irq/irq.c.obj
 .ARM.attributes
                0x000000000000017e       0x22 CMakeFiles/usbtest.dir/usr/share/pico-sdk/src/rp2_common/hardware_irq/irq_handler_chain.S.obj
 .ARM.attributes
                0x00000000000001a0       0x2c CMakeFiles/usbtest.dir/usr/share/pico-sdk/src/common/pico_sync/lock_core.c.obj
 .ARM.attributes
                0x00000000000001cc       0x2c CMakeFiles/usbtest.dir/usr/share/pico-sdk/src/common/pico_time/time.c.obj
 .ARM.attributes
                0x00000000000001f8       0x2c CMakeFiles/usbtest.dir/usr/share/pico-sdk/src/rp2_common/hardware_timer/timer.c.obj
 .ARM.attributes
                0x0000000000000224       0x2c CMakeFiles/usbtest.dir/usr/share/pico-sdk/src/common/pico_util/pheap.c.obj
 .ARM.attributes
                0x0000000000000250       0x2c CMakeFiles/usbtest.dir/usr/share/pico-sdk/src/common/pico_sync/mutex.c.obj
 .ARM.attributes
                0x000000000000027c       0x2c CMakeFiles/usbtest.dir/usr/share/pico-sdk/src/common/pico_sync/critical_section.c.obj
 .ARM.attributes
                0x00000000000002a8       0x2c CMakeFiles/usbtest.dir/usr/share/pico-sdk/src/rp2_common/hardware_uart/uart.c.obj
 .ARM.attributes
                0x00000000000002d4       0x2c CMakeFiles/usbtest.dir/usr/share/pico-sdk/src/rp2_common/pico_runtime/runtime.c.obj
 .ARM.attributes
                0x0000000000000300       0x2c CMakeFiles/usbtest.dir/usr/share/pico-sdk/src/rp2_common/hardware_clocks/clocks.c.obj
 .ARM.attributes
                0x000000000000032c       0x2c CMakeFiles/usbtest.dir/usr/share/pico-sdk/src/rp2_common/hardware_pll/pll.c.obj
 .ARM.attributes
                0x0000000000000358       0x2c CMakeFiles/usbtest.dir/usr/share/pico-sdk/src/rp2_common/hardware_watchdog/watchdog.c.obj
 .ARM.attributes
                0x0000000000000384       0x2c CMakeFiles/usbtest.dir/usr/share/pico-sdk/src/rp2_common/hardware_xosc/xosc.c.obj
 .ARM.attributes
                0x00000000000003b0       0x2c CMakeFiles/usbtest.dir/usr/share/pico-sdk/src/rp2_common/pico_printf/printf.c.obj
 .ARM.attributes
                0x00000000000003dc       0x22 CMakeFiles/usbtest.dir/usr/share/pico-sdk/src/rp2_common/pico_bit_ops/bit_ops_aeabi.S.obj
 .ARM.attributes
                0x00000000000003fe       0x2c CMakeFiles/usbtest.dir/usr/share/pico-sdk/src/rp2_common/pico_bootrom/bootrom.c.obj
 .ARM.attributes
                0x000000000000042a       0x22 CMakeFiles/usbtest.dir/usr/share/pico-sdk/src/rp2_common/pico_divider/divider.S.obj
 .ARM.attributes
                0x000000000000044c       0x22 CMakeFiles/usbtest.dir/usr/share/pico-sdk/src/rp2_common/pico_double/double_aeabi.S.obj
 .ARM.attributes
                0x000000000000046e       0x2c CMakeFiles/usbtest.dir/usr/share/pico-sdk/src/rp2_common/pico_double/double_init_rom.c.obj
 .ARM.attributes
                0x000000000000049a       0x22 CMakeFiles/usbtest.dir/usr/share/pico-sdk/src/rp2_common/pico_double/double_v1_rom_shim.S.obj
 .ARM.attributes
                0x00000000000004bc       0x22 CMakeFiles/usbtest.dir/usr/share/pico-sdk/src/rp2_common/pico_int64_ops/pico_int64_ops_aeabi.S.obj
 .ARM.attributes
                0x00000000000004de       0x22 CMakeFiles/usbtest.dir/usr/share/pico-sdk/src/rp2_common/pico_float/float_aeabi.S.obj
 .ARM.attributes
                0x0000000000000500       0x2c CMakeFiles/usbtest.dir/usr/share/pico-sdk/src/rp2_common/pico_float/float_init_rom.c.obj
 .ARM.attributes
                0x000000000000052c       0x22 CMakeFiles/usbtest.dir/usr/share/pico-sdk/src/rp2_common/pico_float/float_v1_rom_shim.S.obj
 .ARM.attributes
                0x000000000000054e       0x22 CMakeFiles/usbtest.dir/usr/share/pico-sdk/src/rp2_common/pico_mem_ops/mem_ops_aeabi.S.obj
 .ARM.attributes
                0x0000000000000570       0x22 CMakeFiles/usbtest.dir/usr/share/pico-sdk/src/rp2_common/pico_standard_link/crt0.S.obj
 .ARM.attributes
                0x0000000000000592       0x2c CMakeFiles/usbtest.dir/usr/share/pico-sdk/src/rp2_common/pico_standard_link/binary_info.c.obj
 .ARM.attributes
                0x00000000000005be       0x2c CMakeFiles/usbtest.dir/usr/share/pico-sdk/src/rp2_common/pico_stdio/stdio.c.obj
 .ARM.attributes
                0x00000000000005ea       0x2c CMakeFiles/usbtest.dir/usr/share/pico-sdk/src/rp2_common/pico_stdio_uart/stdio_uart.c.obj
 .ARM.attributes
                0x0000000000000616       0x2c CMakeFiles/usbtest.dir/usr/share/pico-sdk/lib/tinyusb/src/portable/raspberrypi/rp2040/dcd_rp2040.c.obj
 .ARM.attributes
                0x0000000000000642       0x2c CMakeFiles/usbtest.dir/usr/share/pico-sdk/lib/tinyusb/src/portable/raspberrypi/rp2040/rp2040_usb.c.obj
 .ARM.attributes
                0x000000000000066e       0x2c CMakeFiles/usbtest.dir/usr/share/pico-sdk/lib/tinyusb/src/device/usbd.c.obj
 .ARM.attributes
                0x000000000000069a       0x2c CMakeFiles/usbtest.dir/usr/share/pico-sdk/lib/tinyusb/src/device/usbd_control.c.obj
 .ARM.attributes
                0x00000000000006c6       0x2c CMakeFiles/usbtest.dir/usr/share/pico-sdk/lib/tinyusb/src/class/vendor/vendor_device.c.obj
 .ARM.attributes
                0x00000000000006f2       0x2c CMakeFiles/usbtest.dir/usr/share/pico-sdk/lib/tinyusb/src/tusb.c.obj
 .ARM.attributes
                0x000000000000071e       0x2c CMakeFiles/usbtest.dir/usr/share/pico-sdk/lib/tinyusb/src/common/tusb_fifo.c.obj
 .ARM.attributes
                0x000000000000074a       0x2c CMakeFiles/usbtest.dir/usr/share/pico-sdk/lib/tinyusb/hw/bsp/rp2040/family.c.obj
 .ARM.attributes
                0x0000000000000776       0x22 /tmp/ccSedpaY.o
 .ARM.attributes
                0x0000000000000798       0x1e /usr/lib/gcc/arm-none-eabi/12.2.0/thumb/v6-m/nofp/libgcc.a(_dvmd_tls.o)
 .ARM.attributes
                0x00000000000007b6       0x2c /usr/lib/gcc/arm-none-eabi/12.2.0/../../../../arm-none-eabi/lib/thumb/v6-m/nofp/libc.a(lib_a-atexit.o)
 .ARM.attributes
                0x00000000000007e2       0x2c /usr/lib/gcc/arm-none-eabi/12.2.0/../../../../arm-none-eabi/lib/thumb/v6-m/nofp/libc.a(lib_a-fini.o)
 .ARM.attributes
                0x000000000000080e       0x2c /usr/lib/gcc/arm-none-eabi/12.2.0/../../../../arm-none-eabi/lib/thumb/v6-m/nofp/libc.a(lib_a-impure.o)
 .ARM.attributes
                0x000000000000083a       0x2c /usr/lib/gcc/arm-none-eabi/12.2.0/../../../../arm-none-eabi/lib/thumb/v6-m/nofp/libc.a(lib_a-strlen-stub.o)
 .ARM.attributes
                0x0000000000000866       0x2c /usr/lib/gcc/arm-none-eabi/12.2.0/../../../../arm-none-eabi/lib/thumb/v6-m/nofp/libc.a(lib_a-__atexit.o)
 .ARM.attributes
                0x0000000000000892       0x2c /usr/lib/gcc/arm-none-eabi/12.2.0/../../../../arm-none-eabi/lib/thumb/v6-m/nofp/libc.a(lib_a-__call_atexit.o)
 .ARM.attributes
                0x00000000000008be       0x2c /usr/lib/gcc/arm-none-eabi/12.2.0/../../../../arm-none-eabi/lib/thumb/v6-m/nofp/libc.a(lib_a-lock.o)

.comment        0x0000000000000000       0x3c
 .comment       0x0000000000000000       0x1e CMakeFiles/usbtest.dir/usbtest.c.obj
                                         0x1f (size before relaxing)
 .comment       0x000000000000001e       0x1f CMakeFiles/usbtest.dir/usb_descriptors.c.obj
 .comment       0x000000000000001e       0x1f CMakeFiles/usbtest.dir/usr/share/pico-sdk/src/rp2_common/hardware_gpio/gpio.c.obj
 .comment       0x000000000000001e       0x1f CMakeFiles/usbtest.dir/usr/share/pico-sdk/src/rp2_common/hardware_claim/claim.c.obj
 .comment       0x000000000000001e       0x1f CMakeFiles/usbtest.dir/usr/share/pico-sdk/src/rp2_common/pico_platform/platform.c.obj
 .comment       0x000000000000001e       0x1f CMakeFiles/usbtest.dir/usr/share/pico-sdk/src/rp2_common/hardware_sync/sync.c.obj
 .comment       0x000000000000001e       0x1f CMakeFiles/usbtest.dir/usr/share/pico-sdk/src/rp2_common/hardware_irq/irq.c.obj
 .comment       0x000000000000001e       0x1f CMakeFiles/usbtest.dir/usr/share/pico-sdk/src/common/pico_sync/lock_core.c.obj
 .comment       0x000000000000001e       0x1f CMakeFiles/usbtest.dir/usr/share/pico-sdk/src/common/pico_time/time.c.obj
 .comment       0x000000000000001e       0x1f CMakeFiles/usbtest.dir/usr/share/pico-sdk/src/rp2_common/hardware_timer/timer.c.obj
 .comment       0x000000000000001e       0x1f CMakeFiles/usbtest.dir/usr/share/pico-sdk/src/common/pico_util/pheap.c.obj
 .comment       0x000000000000001e       0x1f CMakeFiles/usbtest.dir/usr/share/pico-sdk/src/common/pico_sync/mutex.c.obj
 .comment       0x000000000000001e       0x1f CMakeFiles/usbtest.dir/usr/share/pico-sdk/src/common/pico_sync/critical_section.c.obj
 .comment       0x000000000000001e       0x1f CMakeFiles/usbtest.dir/usr/share/pico-sdk/src/rp2_common/hardware_uart/uart.c.obj
 .comment       0x000000000000001e       0x1f CMakeFiles/usbtest.dir/usr/share/pico-sdk/src/rp2_common/pico_runtime/runtime.c.obj
 .comment       0x000000000000001e       0x1f CMakeFiles/usbtest.dir/usr/share/pico-sdk/src/rp2_common/hardware_clocks/clocks.c.obj
 .comment       0x000000000000001e       0x1f CMakeFiles/usbtest.dir/usr/share/pico-sdk/src/rp2_common/hardware_pll/pll.c.obj
 .comment       0x000000000000001e       0x1f CMakeFiles/usbtest.dir/usr/share/pico-sdk/src/rp2_common/hardware_watchdog/watchdog.c.obj
 .comment       0x000000000000001e       0x1f CMakeFiles/usbtest.dir/usr/share/pico-sdk/src/rp2_common/hardware_xosc/xosc.c.obj
 .comment       0x000000000000001e       0x1f CMakeFiles/usbtest.dir/usr/share/pico-sdk/src/rp2_common/pico_printf/printf.c.obj
 .comment       0x000000000000001e       0x1f CMakeFiles/usbtest.dir/usr/share/pico-sdk/src/rp2_common/pico_bootrom/bootrom.c.obj
 .comment       0x000000000000001e       0x1f CMakeFiles/usbtest.dir/usr/share/pico-sdk/src/rp2_common/pico_double/double_init_rom.c.obj
 .comment       0x000000000000001e       0x1f CMakeFiles/usbtest.dir/usr/share/pico-sdk/src/rp2_common/pico_float/float_init_rom.c.obj
 .comment       0x000000000000001e       0x1f CMakeFiles/usbtest.dir/usr/share/pico-sdk/src/rp2_common/pico_standard_link/binary_info.c.obj
 .comment       0x000000000000001e       0x1f CMakeFiles/usbtest.dir/usr/share/pico-sdk/src/rp2_common/pico_stdio/stdio.c.obj
 .comment       0x000000000000001e       0x1f CMakeFiles/usbtest.dir/usr/share/pico-sdk/src/rp2_common/pico_stdio_uart/stdio_uart.c.obj
 .comment       0x000000000000001e       0x1f CMakeFiles/usbtest.dir/usr/share/pico-sdk/lib/tinyusb/src/portable/raspberrypi/rp2040/dcd_rp2040.c.obj
 .comment       0x000000000000001e       0x1f CMakeFiles/usbtest.dir/usr/share/pico-sdk/lib/tinyusb/src/portable/raspberrypi/rp2040/rp2040_usb.c.obj
 .comment       0x000000000000001e       0x1f CMakeFiles/usbtest.dir/usr/share/pico-sdk/lib/tinyusb/src/device/usbd.c.obj
 .comment       0x000000000000001e       0x1f CMakeFiles/usbtest.dir/usr/share/pico-sdk/lib/tinyusb/src/device/usbd_control.c.obj
 .comment       0x000000000000001e       0x1f CMakeFiles/usbtest.dir/usr/share/pico-sdk/lib/tinyusb/src/class/vendor/vendor_device.c.obj
 .comment       0x000000000000001e       0x1f CMakeFiles/usbtest.dir/usr/share/pico-sdk/lib/tinyusb/src/tusb.c.obj
 .comment       0x000000000000001e       0x1f CMakeFiles/usbtest.dir/usr/share/pico-sdk/lib/tinyusb/src/common/tusb_fifo.c.obj
 .comment       0x000000000000001e       0x1f CMakeFiles/usbtest.dir/usr/share/pico-sdk/lib/tinyusb/hw/bsp/rp2040/family.c.obj
 .comment       0x000000000000001e       0x1e /usr/lib/gcc/arm-none-eabi/12.2.0/../../../../arm-none-eabi/lib/thumb/v6-m/nofp/libc.a(lib_a-atexit.o)
                                         0x1f (size before relaxing)
 .comment       0x000000000000003c       0x1f /usr/lib/gcc/arm-none-eabi/12.2.0/../../../../arm-none-eabi/lib/thumb/v6-m/nofp/libc.a(lib_a-fini.o)
 .comment       0x000000000000003c       0x1f /usr/lib/gcc/arm-none-eabi/12.2.0/../../../../arm-none-eabi/lib/thumb/v6-m/nofp/libc.a(lib_a-impure.o)
 .comment       0x000000000000003c       0x1f /usr/lib/gcc/arm-none-eabi/12.2.0/../../../../arm-none-eabi/lib/thumb/v6-m/nofp/libc.a(lib_a-strlen-stub.o)
 .comment       0x000000000000003c       0x1f /usr/lib/gcc/arm-none-eabi/12.2.0/../../../../arm-none-eabi/lib/thumb/v6-m/nofp/libc.a(lib_a-__atexit.o)
 .comment       0x000000000000003c       0x1f /usr/lib/gcc/arm-none-eabi/12.2.0/../../../../arm-none-eabi/lib/thumb/v6-m/nofp/libc.a(lib_a-__call_atexit.o)
 .comment       0x000000000000003c       0x1f /usr/lib/gcc/arm-none-eabi/12.2.0/../../../../arm-none-eabi/lib/thumb/v6-m/nofp/libc.a(lib_a-lock.o)

.debug_line     0x0000000000000000      0xa8c
 .debug_line    0x0000000000000000       0x4a /usr/lib/gcc/arm-none-eabi/12.2.0/thumb/v6-m/nofp/libgcc.a(_dvmd_tls.o)
 .debug_line    0x000000000000004a       0xed /usr/lib/gcc/arm-none-eabi/12.2.0/../../../../arm-none-eabi/lib/thumb/v6-m/nofp/libc.a(lib_a-atexit.o)
 .debug_line    0x0000000000000137       0xf9 /usr/lib/gcc/arm-none-eabi/12.2.0/../../../../arm-none-eabi/lib/thumb/v6-m/nofp/libc.a(lib_a-fini.o)
 .debug_line    0x0000000000000230      0x10e /usr/lib/gcc/arm-none-eabi/12.2.0/../../../../arm-none-eabi/lib/thumb/v6-m/nofp/libc.a(lib_a-impure.o)
 .debug_line    0x000000000000033e      0x197 /usr/lib/gcc/arm-none-eabi/12.2.0/../../../../arm-none-eabi/lib/thumb/v6-m/nofp/libc.a(lib_a-strlen-stub.o)
 .debug_line    0x00000000000004d5      0x1f7 /usr/lib/gcc/arm-none-eabi/12.2.0/../../../../arm-none-eabi/lib/thumb/v6-m/nofp/libc.a(lib_a-__atexit.o)
 .debug_line    0x00000000000006cc      0x2d5 /usr/lib/gcc/arm-none-eabi/12.2.0/../../../../arm-none-eabi/lib/thumb/v6-m/nofp/libc.a(lib_a-__call_atexit.o)
 .debug_line    0x00000000000009a1       0xeb /usr/lib/gcc/arm-none-eabi/12.2.0/../../../../arm-none-eabi/lib/thumb/v6-m/nofp/libc.a(lib_a-lock.o)

.debug_line_str
                0x0000000000000000       0x92
 .debug_line_str
                0x0000000000000000       0x92 /usr/lib/gcc/arm-none-eabi/12.2.0/thumb/v6-m/nofp/libgcc.a(_dvmd_tls.o)

.debug_info     0x0000000000000000     0x21cf
 .debug_info    0x0000000000000000       0x39 /usr/lib/gcc/arm-none-eabi/12.2.0/thumb/v6-m/nofp/libgcc.a(_dvmd_tls.o)
 .debug_info    0x0000000000000039      0x118 /usr/lib/gcc/arm-none-eabi/12.2.0/../../../../arm-none-eabi/lib/thumb/v6-m/nofp/libc.a(lib_a-atexit.o)
 .debug_info    0x0000000000000151       0xf7 /usr/lib/gcc/arm-none-eabi/12.2.0/../../../../arm-none-eabi/lib/thumb/v6-m/nofp/libc.a(lib_a-fini.o)
 .debug_info    0x0000000000000248      0x8c8 /usr/lib/gcc/arm-none-eabi/12.2.0/../../../../arm-none-eabi/lib/thumb/v6-m/nofp/libc.a(lib_a-impure.o)
 .debug_info    0x0000000000000b10       0xeb /usr/lib/gcc/arm-none-eabi/12.2.0/../../../../arm-none-eabi/lib/thumb/v6-m/nofp/libc.a(lib_a-strlen-stub.o)
 .debug_info    0x0000000000000bfb      0x999 /usr/lib/gcc/arm-none-eabi/12.2.0/../../../../arm-none-eabi/lib/thumb/v6-m/nofp/libc.a(lib_a-__atexit.o)
 .debug_info    0x0000000000001594      0xa21 /usr/lib/gcc/arm-none-eabi/12.2.0/../../../../arm-none-eabi/lib/thumb/v6-m/nofp/libc.a(lib_a-__call_atexit.o)
 .debug_info    0x0000000000001fb5      0x21a /usr/lib/gcc/arm-none-eabi/12.2.0/../../../../arm-none-eabi/lib/thumb/v6-m/nofp/libc.a(lib_a-lock.o)

.debug_abbrev   0x0000000000000000      0xa61
 .debug_abbrev  0x0000000000000000       0x1f /usr/lib/gcc/arm-none-eabi/12.2.0/thumb/v6-m/nofp/libgcc.a(_dvmd_tls.o)
 .debug_abbrev  0x000000000000001f       0xbe /usr/lib/gcc/arm-none-eabi/12.2.0/../../../../arm-none-eabi/lib/thumb/v6-m/nofp/libc.a(lib_a-atexit.o)
 .debug_abbrev  0x00000000000000dd       0xc9 /usr/lib/gcc/arm-none-eabi/12.2.0/../../../../arm-none-eabi/lib/thumb/v6-m/nofp/libc.a(lib_a-fini.o)
 .debug_abbrev  0x00000000000001a6      0x1ca /usr/lib/gcc/arm-none-eabi/12.2.0/../../../../arm-none-eabi/lib/thumb/v6-m/nofp/libc.a(lib_a-impure.o)
 .debug_abbrev  0x0000000000000370       0x90 /usr/lib/gcc/arm-none-eabi/12.2.0/../../../../arm-none-eabi/lib/thumb/v6-m/nofp/libc.a(lib_a-strlen-stub.o)
 .debug_abbrev  0x0000000000000400      0x272 /usr/lib/gcc/arm-none-eabi/12.2.0/../../../../arm-none-eabi/lib/thumb/v6-m/nofp/libc.a(lib_a-__atexit.o)
 .debug_abbrev  0x0000000000000672      0x2da /usr/lib/gcc/arm-none-eabi/12.2.0/../../../../arm-none-eabi/lib/thumb/v6-m/nofp/libc.a(lib_a-__call_atexit.o)
 .debug_abbrev  0x000000000000094c      0x115 /usr/lib/gcc/arm-none-eabi/12.2.0/../../../../arm-none-eabi/lib/thumb/v6-m/nofp/libc.a(lib_a-lock.o)

.debug_aranges  0x0000000000000000      0x108
 .debug_aranges
                0x0000000000000000       0x20 /usr/lib/gcc/arm-none-eabi/12.2.0/thumb/v6-m/nofp/libgcc.a(_dvmd_tls.o)
 .debug_aranges
                0x0000000000000020       0x20 /usr/lib/gcc/arm-none-eabi/12.2.0/../../../../arm-none-eabi/lib/thumb/v6-m/nofp/libc.a(lib_a-atexit.o)
 .debug_aranges
                0x0000000000000040       0x20 /usr/lib/gcc/arm-none-eabi/12.2.0/../../../../arm-none-eabi/lib/thumb/v6-m/nofp/libc.a(lib_a-fini.o)
 .debug_aranges
                0x0000000000000060       0x18 /usr/lib/gcc/arm-none-eabi/12.2.0/../../../../arm-none-eabi/lib/thumb/v6-m/nofp/libc.a(lib_a-impure.o)
 .debug_aranges
                0x0000000000000078       0x20 /usr/lib/gcc/arm-none-eabi/12.2.0/../../../../arm-none-eabi/lib/thumb/v6-m/nofp/libc.a(lib_a-strlen-stub.o)
 .debug_aranges
                0x0000000000000098       0x20 /usr/lib/gcc/arm-none-eabi/12.2.0/../../../../arm-none-eabi/lib/thumb/v6-m/nofp/libc.a(lib_a-__atexit.o)
 .debug_aranges
                0x00000000000000b8       0x28 /usr/lib/gcc/arm-none-eabi/12.2.0/../../../../arm-none-eabi/lib/thumb/v6-m/nofp/libc.a(lib_a-__call_atexit.o)
 .debug_aranges
                0x00000000000000e0       0x28 /usr/lib/gcc/arm-none-eabi/12.2.0/../../../../arm-none-eabi/lib/thumb/v6-m/nofp/libc.a(lib_a-lock.o)

.debug_str      0x0000000000000000      0xbc9
 .debug_str     0x0000000000000000       0xba /usr/lib/gcc/arm-none-eabi/12.2.0/thumb/v6-m/nofp/libgcc.a(_dvmd_tls.o)
 .debug_str     0x00000000000000ba      0x1c9 /usr/lib/gcc/arm-none-eabi/12.2.0/../../../../arm-none-eabi/lib/thumb/v6-m/nofp/libc.a(lib_a-atexit.o)
                                        0x209 (size before relaxing)
 .debug_str     0x0000000000000283       0xdf /usr/lib/gcc/arm-none-eabi/12.2.0/../../../../arm-none-eabi/lib/thumb/v6-m/nofp/libc.a(lib_a-fini.o)
                                        0x201 (size before relaxing)
 .debug_str     0x0000000000000362      0x45a /usr/lib/gcc/arm-none-eabi/12.2.0/../../../../arm-none-eabi/lib/thumb/v6-m/nofp/libc.a(lib_a-impure.o)
                                        0x5a4 (size before relaxing)
 .debug_str     0x00000000000007bc       0xce /usr/lib/gcc/arm-none-eabi/12.2.0/../../../../arm-none-eabi/lib/thumb/v6-m/nofp/libc.a(lib_a-strlen-stub.o)
                                        0x1f1 (size before relaxing)
 .debug_str     0x000000000000088a       0x95 /usr/lib/gcc/arm-none-eabi/12.2.0/../../../../arm-none-eabi/lib/thumb/v6-m/nofp/libc.a(lib_a-__atexit.o)
                                        0x63b (size before relaxing)
 .debug_str     0x000000000000091f       0xaf /usr/lib/gcc/arm-none-eabi/12.2.0/../../../../arm-none-eabi/lib/thumb/v6-m/nofp/libc.a(lib_a-__call_atexit.o)
                                        0x66e (size before relaxing)
 .debug_str     0x00000000000009ce      0x1fb /usr/lib/gcc/arm-none-eabi/12.2.0/../../../../arm-none-eabi/lib/thumb/v6-m/nofp/libc.a(lib_a-lock.o)
                                        0x35c (size before relaxing)

.debug_loclists
                0x0000000000000000      0x30f
 .debug_loclists
                0x0000000000000000       0x2a /usr/lib/gcc/arm-none-eabi/12.2.0/../../../../arm-none-eabi/lib/thumb/v6-m/nofp/libc.a(lib_a-atexit.o)
 .debug_loclists
                0x000000000000002a       0x34 /usr/lib/gcc/arm-none-eabi/12.2.0/../../../../arm-none-eabi/lib/thumb/v6-m/nofp/libc.a(lib_a-fini.o)
 .debug_loclists
                0x000000000000005e       0x5e /usr/lib/gcc/arm-none-eabi/12.2.0/../../../../arm-none-eabi/lib/thumb/v6-m/nofp/libc.a(lib_a-strlen-stub.o)
 .debug_loclists
                0x00000000000000bc      0x107 /usr/lib/gcc/arm-none-eabi/12.2.0/../../../../arm-none-eabi/lib/thumb/v6-m/nofp/libc.a(lib_a-__atexit.o)
 .debug_loclists
                0x00000000000001c3      0x129 /usr/lib/gcc/arm-none-eabi/12.2.0/../../../../arm-none-eabi/lib/thumb/v6-m/nofp/libc.a(lib_a-__call_atexit.o)
 .debug_loclists
                0x00000000000002ec       0x23 /usr/lib/gcc/arm-none-eabi/12.2.0/../../../../arm-none-eabi/lib/thumb/v6-m/nofp/libc.a(lib_a-lock.o)

.debug_rnglists
                0x0000000000000000       0x93
 .debug_rnglists
                0x0000000000000000       0x13 /usr/lib/gcc/arm-none-eabi/12.2.0/../../../../arm-none-eabi/lib/thumb/v6-m/nofp/libc.a(lib_a-atexit.o)
 .debug_rnglists
                0x0000000000000013       0x13 /usr/lib/gcc/arm-none-eabi/12.2.0/../../../../arm-none-eabi/lib/thumb/v6-m/nofp/libc.a(lib_a-fini.o)
 .debug_rnglists
                0x0000000000000026       0x13 /usr/lib/gcc/arm-none-eabi/12.2.0/../../../../arm-none-eabi/lib/thumb/v6-m/nofp/libc.a(lib_a-strlen-stub.o)
 .debug_rnglists
                0x0000000000000039       0x14 /usr/lib/gcc/arm-none-eabi/12.2.0/../../../../arm-none-eabi/lib/thumb/v6-m/nofp/libc.a(lib_a-__atexit.o)
 .debug_rnglists
                0x000000000000004d       0x2d /usr/lib/gcc/arm-none-eabi/12.2.0/../../../../arm-none-eabi/lib/thumb/v6-m/nofp/libc.a(lib_a-__call_atexit.o)
 .debug_rnglists
                0x000000000000007a       0x19 /usr/lib/gcc/arm-none-eabi/12.2.0/../../../../arm-none-eabi/lib/thumb/v6-m/nofp/libc.a(lib_a-lock.o)

.debug_frame    0x0000000000000000      0x1b8
 .debug_frame   0x0000000000000000       0x28 /usr/lib/gcc/arm-none-eabi/12.2.0/../../../../arm-none-eabi/lib/thumb/v6-m/nofp/libc.a(lib_a-atexit.o)
 .debug_frame   0x0000000000000028       0x2c /usr/lib/gcc/arm-none-eabi/12.2.0/../../../../arm-none-eabi/lib/thumb/v6-m/nofp/libc.a(lib_a-fini.o)
 .debug_frame   0x0000000000000054       0x28 /usr/lib/gcc/arm-none-eabi/12.2.0/../../../../arm-none-eabi/lib/thumb/v6-m/nofp/libc.a(lib_a-strlen-stub.o)
 .debug_frame   0x000000000000007c       0x38 /usr/lib/gcc/arm-none-eabi/12.2.0/../../../../arm-none-eabi/lib/thumb/v6-m/nofp/libc.a(lib_a-__atexit.o)
 .debug_frame   0x00000000000000b4       0x54 /usr/lib/gcc/arm-none-eabi/12.2.0/../../../../arm-none-eabi/lib/thumb/v6-m/nofp/libc.a(lib_a-__call_atexit.o)
 .debug_frame   0x0000000000000108       0xb0 /usr/lib/gcc/arm-none-eabi/12.2.0/../../../../arm-none-eabi/lib/thumb/v6-m/nofp/libc.a(lib_a-lock.o)
