Archive member included to satisfy reference by file (symbol)

/usr/lib/gcc/arm-none-eabi/12.2.0/thumb/v6-m/nofp/libgcc.a(_dvmd_tls.o)
                              CMakeFiles/adctest.dir/usr/share/pico-sdk/src/rp2_common/pico_divider/divider.S.obj (__aeabi_idiv0)
/usr/lib/gcc/arm-none-eabi/12.2.0/../../../../arm-none-eabi/lib/thumb/v6-m/nofp/libc.a(lib_a-atexit.o)
                              /usr/lib/gcc/arm-none-eabi/12.2.0/../../../../arm-none-eabi/lib/thumb/v6-m/nofp/crt0.o (atexit)
/usr/lib/gcc/arm-none-eabi/12.2.0/../../../../arm-none-eabi/lib/thumb/v6-m/nofp/libc.a(lib_a-calloc.o)
                              CMakeFiles/adctest.dir/usr/share/pico-sdk/src/rp2_common/pico_malloc/pico_malloc.c.obj (calloc)
/usr/lib/gcc/arm-none-eabi/12.2.0/../../../../arm-none-eabi/lib/thumb/v6-m/nofp/libc.a(lib_a-callocr.o)
                              /usr/lib/gcc/arm-none-eabi/12.2.0/../../../../arm-none-eabi/lib/thumb/v6-m/nofp/libc.a(lib_a-calloc.o) (_calloc_r)
/usr/lib/gcc/arm-none-eabi/12.2.0/../../../../arm-none-eabi/lib/thumb/v6-m/nofp/libc.a(lib_a-errno.o)
                              /usr/lib/gcc/arm-none-eabi/12.2.0/../../../../arm-none-eabi/lib/thumb/v6-m/nofp/libc.a(lib_a-callocr.o) (__errno)
/usr/lib/gcc/arm-none-eabi/12.2.0/../../../../arm-none-eabi/lib/thumb/v6-m/nofp/libc.a(lib_a-fini.o)
                              /usr/lib/gcc/arm-none-eabi/12.2.0/../../../../arm-none-eabi/lib/thumb/v6-m/nofp/crt0.o (__libc_fini_array)
/usr/lib/gcc/arm-none-eabi/12.2.0/../../../../arm-none-eabi/lib/thumb/v6-m/nofp/libc.a(lib_a-impure.o)
                              /usr/lib/gcc/arm-none-eabi/12.2.0/../../../../arm-none-eabi/lib/thumb/v6-m/nofp/libc.a(lib_a-calloc.o) (_impure_ptr)
/usr/lib/gcc/arm-none-eabi/12.2.0/../../../../arm-none-eabi/lib/thumb/v6-m/nofp/libc.a(lib_a-init.o)
                              /usr/lib/gcc/arm-none-eabi/12.2.0/../../../../arm-none-eabi/lib/thumb/v6-m/nofp/crt0.o (__libc_init_array)
/usr/lib/gcc/arm-none-eabi/12.2.0/../../../../arm-none-eabi/lib/thumb/v6-m/nofp/libc.a(lib_a-malloc.o)
                              CMakeFiles/adctest.dir/usr/share/pico-sdk/src/rp2_common/pico_malloc/pico_malloc.c.obj (malloc)
/usr/lib/gcc/arm-none-eabi/12.2.0/../../../../arm-none-eabi/lib/thumb/v6-m/nofp/libc.a(lib_a-mallocr.o)
                              /usr/lib/gcc/arm-none-eabi/12.2.0/../../../../arm-none-eabi/lib/thumb/v6-m/nofp/libc.a(lib_a-callocr.o) (_malloc_r)
/usr/lib/gcc/arm-none-eabi/12.2.0/../../../../arm-none-eabi/lib/thumb/v6-m/nofp/libc.a(lib_a-mlock.o)
                              /usr/lib/gcc/arm-none-eabi/12.2.0/../../../../arm-none-eabi/lib/thumb/v6-m/nofp/libc.a(lib_a-mallocr.o) (__malloc_lock)
/usr/lib/gcc/arm-none-eabi/12.2.0/../../../../arm-none-eabi/lib/thumb/v6-m/nofp/libc.a(lib_a-realloc.o)
                              CMakeFiles/adctest.dir/usr/share/pico-sdk/src/rp2_common/pico_malloc/pico_malloc.c.obj (realloc)
/usr/lib/gcc/arm-none-eabi/12.2.0/../../../../arm-none-eabi/lib/thumb/v6-m/nofp/libc.a(lib_a-reallocr.o)
                              /usr/lib/gcc/arm-none-eabi/12.2.0/../../../../arm-none-eabi/lib/thumb/v6-m/nofp/libc.a(lib_a-realloc.o) (_realloc_r)
/usr/lib/gcc/arm-none-eabi/12.2.0/../../../../arm-none-eabi/lib/thumb/v6-m/nofp/libc.a(lib_a-sbrkr.o)
                              /usr/lib/gcc/arm-none-eabi/12.2.0/../../../../arm-none-eabi/lib/thumb/v6-m/nofp/libc.a(lib_a-mallocr.o) (_sbrk_r)
/usr/lib/gcc/arm-none-eabi/12.2.0/../../../../arm-none-eabi/lib/thumb/v6-m/nofp/libc.a(lib_a-strlen-stub.o)
                              CMakeFiles/adctest.dir/usr/share/pico-sdk/src/rp2_common/pico_stdio/stdio.c.obj (strlen)
/usr/lib/gcc/arm-none-eabi/12.2.0/../../../../arm-none-eabi/lib/thumb/v6-m/nofp/libc.a(lib_a-__atexit.o)
                              /usr/lib/gcc/arm-none-eabi/12.2.0/../../../../arm-none-eabi/lib/thumb/v6-m/nofp/libc.a(lib_a-atexit.o) (__register_exitproc)
/usr/lib/gcc/arm-none-eabi/12.2.0/../../../../arm-none-eabi/lib/thumb/v6-m/nofp/libc.a(lib_a-__call_atexit.o)
                              /usr/lib/gcc/arm-none-eabi/12.2.0/../../../../arm-none-eabi/lib/thumb/v6-m/nofp/libc.a(lib_a-__atexit.o) (__atexit_recursive_mutex)
/usr/lib/gcc/arm-none-eabi/12.2.0/../../../../arm-none-eabi/lib/thumb/v6-m/nofp/libc.a(lib_a-freer.o)
                              /usr/lib/gcc/arm-none-eabi/12.2.0/../../../../arm-none-eabi/lib/thumb/v6-m/nofp/libc.a(lib_a-malloc.o) (_free_r)
/usr/lib/gcc/arm-none-eabi/12.2.0/../../../../arm-none-eabi/lib/thumb/v6-m/nofp/libc.a(lib_a-lock.o)
                              /usr/lib/gcc/arm-none-eabi/12.2.0/../../../../arm-none-eabi/lib/thumb/v6-m/nofp/libc.a(lib_a-mlock.o) (__retarget_lock_acquire_recursive)
/usr/lib/gcc/arm-none-eabi/12.2.0/../../../../arm-none-eabi/lib/thumb/v6-m/nofp/libc.a(lib_a-memmove.o)
                              /usr/lib/gcc/arm-none-eabi/12.2.0/../../../../arm-none-eabi/lib/thumb/v6-m/nofp/libc.a(lib_a-reallocr.o) (memmove)
[...]
Memory Configuration

Name             Origin             Length             Attributes
FLASH            0x0000000010000000 0x0000000000200000 xr
RAM              0x0000000020000000 0x0000000000040000 xrw
SCRATCH_X        0x0000000020040000 0x0000000000001000 xrw
SCRATCH_Y        0x0000000020041000 0x0000000000001000 xrw
*default*        0x0000000000000000 0xffffffffffffffff

Linker script and memory map

LOAD /usr/lib/gcc/arm-none-eabi/12.2.0/thumb/v6-m/nofp/crti.o
LOAD /usr/lib/gcc/arm-none-eabi/12.2.0/thumb/v6-m/nofp/crtbegin.o
LOAD /usr/lib/gcc/arm-none-eabi/12.2.0/../../../../arm-none-eabi/lib/thumb/v6-m/nofp/crt0.o

.flash_begin    0x0000000010000000        0x0
                0x0000000010000000                __flash_binary_start = .

.boot2          0x0000000010000000      0x100
                0x0000000010000000                __boot2_start__ = .
 *(.boot2)
 .boot2         0x0000000010000000      0x100 /tmp/ccmAKIsP.o
                0x0000000010000100                __boot2_end__ = .
                0x0000000000000001                ASSERT (((__boot2_end__ - __boot2_start__) == 0x100), ERROR: Pico second stage bootloader must be 256 bytes in size)

.text           0x0000000010000100     0x7188
                0x0000000010000100                __logical_binary_start = .
 *(.vectors)
 .vectors       0x0000000010000100       0xd4 CMakeFiles/adctest.dir/usr/share/pico-sdk/src/rp2_common/pico_standard_link/crt0.S.obj
                0x0000000010000100                __vectors
                0x0000000010000100                __VECTOR_TABLE
                0x00000000100001c0                isr_invalid
                0x00000000100001c0                __default_isrs_start
                0x00000000100001c2                isr_nmi
                0x00000000100001c4                isr_hardfault
                0x00000000100001c6                isr_svcall
                0x00000000100001c8                isr_pendsv
                0x00000000100001ca                isr_systick
                0x00000000100001cc                isr_irq30
                0x00000000100001cc                __unhandled_user_irq
                0x00000000100001cc                isr_irq13
                0x00000000100001cc                isr_irq27
                0x00000000100001cc                isr_irq31
                0x00000000100001cc                isr_irq5
                0x00000000100001cc                isr_irq11
                0x00000000100001cc                isr_irq23
                0x00000000100001cc                isr_irq18
                0x00000000100001cc                isr_irq28
                0x00000000100001cc                isr_irq19
                0x00000000100001cc                isr_irq0
                0x00000000100001cc                isr_irq6
                0x00000000100001cc                isr_irq22
                0x00000000100001cc                isr_irq17
                0x00000000100001cc                isr_irq14
                0x00000000100001cc                isr_irq2
                0x00000000100001cc                isr_irq10
                0x00000000100001cc                isr_irq8
                0x00000000100001cc                isr_irq24
                0x00000000100001cc                isr_irq1
                0x00000000100001cc                isr_irq7
                0x00000000100001cc                isr_irq21
                0x00000000100001cc                isr_irq20
                0x00000000100001cc                isr_irq15
                0x00000000100001cc                isr_irq25
                0x00000000100001cc                isr_irq4
                0x00000000100001cc                isr_irq16
                0x00000000100001cc                isr_irq29
                0x00000000100001cc                isr_irq26
                0x00000000100001cc                __default_isrs_end
                0x00000000100001cc                isr_irq3
                0x00000000100001cc                isr_irq12
                0x00000000100001cc                isr_irq9
                0x00000000100001d2                unhandled_user_irq_num_in_r0
 *(.binary_info_header)
 .binary_info_header
                0x00000000100001d4       0x14 CMakeFiles/adctest.dir/usr/share/pico-sdk/src/rp2_common/pico_standard_link/crt0.S.obj
                0x00000000100001e8                __binary_info_header_end = .
 *(.reset)
 .reset         0x00000000100001e8       0xa8 CMakeFiles/adctest.dir/usr/share/pico-sdk/src/rp2_common/pico_standard_link/crt0.S.obj
                0x00000000100001e8                _entry_point
                0x0000000010000266                __get_current_exception
 .reset         0x0000000010000290       0x30 CMakeFiles/adctest.dir/usr/share/pico-sdk/src/rp2_common/pico_standard_link/binary_info.c.obj
 *(.init)
 .init          0x00000000100002c0        0x4 /usr/lib/gcc/arm-none-eabi/12.2.0/thumb/v6-m/nofp/crti.o
                0x00000000100002c0                _init
 *(EXCLUDE_FILE(*libm.a: *libc.a:*lib_a-mem*.o *libgcc.a:) .text*)
 .text.frame_dummy
                0x00000000100002c4       0x20 /usr/lib/gcc/arm-none-eabi/12.2.0/thumb/v6-m/nofp/crtbegin.o
 .text.adc_gpio_init
                0x00000000100002e4       0x20 CMakeFiles/adctest.dir/adctest.c.obj
 .text.startup.main
                0x0000000010000304       0xd0 CMakeFiles/adctest.dir/adctest.c.obj
                0x0000000010000304                main
 .text.gpio_set_function
                0x00000000100003d4       0x30 CMakeFiles/adctest.dir/usr/share/pico-sdk/src/rp2_common/hardware_gpio/gpio.c.obj
                0x00000000100003d4                gpio_set_function
 .text.gpio_set_pulls
                0x0000000010000404       0x24 CMakeFiles/adctest.dir/usr/share/pico-sdk/src/rp2_common/hardware_gpio/gpio.c.obj
                0x0000000010000404                gpio_set_pulls
 .text.gpio_set_input_enabled
                0x0000000010000428       0x28 CMakeFiles/adctest.dir/usr/share/pico-sdk/src/rp2_common/hardware_gpio/gpio.c.obj
                0x0000000010000428                gpio_set_input_enabled
 .text.hw_claim_or_assert
                0x0000000010000450       0x44 CMakeFiles/adctest.dir/usr/share/pico-sdk/src/rp2_common/hardware_claim/claim.c.obj
                0x0000000010000450                hw_claim_or_assert
 .text.hw_claim_unused_from_range
                0x0000000010000494       0x9c CMakeFiles/adctest.dir/usr/share/pico-sdk/src/rp2_common/hardware_claim/claim.c.obj
                0x0000000010000494                hw_claim_unused_from_range
 .text.running_on_fpga
                0x0000000010000530       0x10 CMakeFiles/adctest.dir/usr/share/pico-sdk/src/rp2_common/pico_platform/platform.c.obj
                0x0000000010000530                running_on_fpga
 .text.spin_locks_reset
                0x0000000010000540       0x1c CMakeFiles/adctest.dir/usr/share/pico-sdk/src/rp2_common/hardware_sync/sync.c.obj
                0x0000000010000540                spin_locks_reset
 .text.next_striped_spin_lock_num
                0x000000001000055c       0x18 CMakeFiles/adctest.dir/usr/share/pico-sdk/src/rp2_common/hardware_sync/sync.c.obj
                0x000000001000055c                next_striped_spin_lock_num
 .text.spin_lock_claim_unused
                0x0000000010000574       0x24 CMakeFiles/adctest.dir/usr/share/pico-sdk/src/rp2_common/hardware_sync/sync.c.obj
                0x0000000010000574                spin_lock_claim_unused
 .text.irq_set_enabled
                0x0000000010000598       0x24 CMakeFiles/adctest.dir/usr/share/pico-sdk/src/rp2_common/hardware_irq/irq.c.obj
                0x0000000010000598                irq_set_enabled
 .text.irq_set_pending
                0x00000000100005bc       0x10 CMakeFiles/adctest.dir/usr/share/pico-sdk/src/rp2_common/hardware_irq/irq.c.obj
                0x00000000100005bc                irq_set_pending
 .text.irq_has_shared_handler
                0x00000000100005cc       0x2c CMakeFiles/adctest.dir/usr/share/pico-sdk/src/rp2_common/hardware_irq/irq.c.obj
                0x00000000100005cc                irq_has_shared_handler
 .text.irq_get_vtable_handler
                0x00000000100005f8       0x10 CMakeFiles/adctest.dir/usr/share/pico-sdk/src/rp2_common/hardware_irq/irq.c.obj
                0x00000000100005f8                irq_get_vtable_handler
 .text.irq_set_exclusive_handler
                0x0000000010000608       0x54 CMakeFiles/adctest.dir/usr/share/pico-sdk/src/rp2_common/hardware_irq/irq.c.obj
                0x0000000010000608                irq_set_exclusive_handler
 .text.irq_add_shared_handler
                0x000000001000065c      0x1e0 CMakeFiles/adctest.dir/usr/share/pico-sdk/src/rp2_common/hardware_irq/irq.c.obj
                0x000000001000065c                irq_add_shared_handler
 .text.irq_remove_handler
                0x000000001000083c      0x1cc CMakeFiles/adctest.dir/usr/share/pico-sdk/src/rp2_common/hardware_irq/irq.c.obj
                0x000000001000083c                irq_remove_handler
 .text.irq_add_tail_to_free_list
                0x0000000010000a08       0xb4 CMakeFiles/adctest.dir/usr/share/pico-sdk/src/rp2_common/hardware_irq/irq.c.obj
                0x0000000010000a08                irq_add_tail_to_free_list
 .text.irq_init_priorities
                0x0000000010000abc       0x24 CMakeFiles/adctest.dir/usr/share/pico-sdk/src/rp2_common/hardware_irq/irq.c.obj
                0x0000000010000abc                irq_init_priorities
 .text.user_irq_claim_unused
                0x0000000010000ae0       0x30 CMakeFiles/adctest.dir/usr/share/pico-sdk/src/rp2_common/hardware_irq/irq.c.obj
                0x0000000010000ae0                user_irq_claim_unused
 .text.lock_init
                0x0000000010000b10       0x10 CMakeFiles/adctest.dir/usr/share/pico-sdk/src/common/pico_sync/lock_core.c.obj
                0x0000000010000b10                lock_init
 .text.timer_pool_entry_comparator
                0x0000000010000b20       0x34 CMakeFiles/adctest.dir/usr/share/pico-sdk/src/common/pico_time/time.c.obj
                0x0000000010000b20                timer_pool_entry_comparator
 .text.sleep_until_callback
                0x0000000010000b54       0x30 CMakeFiles/adctest.dir/usr/share/pico-sdk/src/common/pico_time/time.c.obj
 .text.add_alarm_under_lock.isra.0
                0x0000000010000b84       0xf8 CMakeFiles/adctest.dir/usr/share/pico-sdk/src/common/pico_time/time.c.obj
 .text.alarm_pool_alarm_callback
                0x0000000010000c7c      0x1c4 CMakeFiles/adctest.dir/usr/share/pico-sdk/src/common/pico_time/time.c.obj
 .text.alarm_pool_add_alarm_at.constprop.0
                0x0000000010000e40      0x114 CMakeFiles/adctest.dir/usr/share/pico-sdk/src/common/pico_time/time.c.obj
 .text.alarm_pool_init_default
                0x0000000010000f54       0x64 CMakeFiles/adctest.dir/usr/share/pico-sdk/src/common/pico_time/time.c.obj
                0x0000000010000f54                alarm_pool_init_default
 .text.alarm_pool_get_default
                0x0000000010000fb8        0x8 CMakeFiles/adctest.dir/usr/share/pico-sdk/src/common/pico_time/time.c.obj
                0x0000000010000fb8                alarm_pool_get_default
 .text.alarm_pool_add_alarm_at
                0x0000000010000fc0      0x194 CMakeFiles/adctest.dir/usr/share/pico-sdk/src/common/pico_time/time.c.obj
                0x0000000010000fc0                alarm_pool_add_alarm_at
 .text.best_effort_wfe_or_timeout
                0x0000000010001154       0xb0 CMakeFiles/adctest.dir/usr/share/pico-sdk/src/common/pico_time/time.c.obj
                0x0000000010001154                best_effort_wfe_or_timeout
 .text.hardware_alarm_irq_handler
                0x0000000010001204       0xb8 CMakeFiles/adctest.dir/usr/share/pico-sdk/src/rp2_common/hardware_timer/timer.c.obj
 .text.hardware_alarm_claim
                0x00000000100012bc       0x18 CMakeFiles/adctest.dir/usr/share/pico-sdk/src/rp2_common/hardware_timer/timer.c.obj
                0x00000000100012bc                hardware_alarm_claim
 .text.time_us_64
                0x00000000100012d4       0x14 CMakeFiles/adctest.dir/usr/share/pico-sdk/src/rp2_common/hardware_timer/timer.c.obj
                0x00000000100012d4                time_us_64
 .text.hardware_alarm_set_callback
                0x00000000100012e8       0x8c CMakeFiles/adctest.dir/usr/share/pico-sdk/src/rp2_common/hardware_timer/timer.c.obj
                0x00000000100012e8                hardware_alarm_set_callback
 .text.hardware_alarm_set_target
                0x0000000010001374       0xdc CMakeFiles/adctest.dir/usr/share/pico-sdk/src/rp2_common/hardware_timer/timer.c.obj
                0x0000000010001374                hardware_alarm_set_target
 .text.hardware_alarm_cancel
                0x0000000010001450       0x3c CMakeFiles/adctest.dir/usr/share/pico-sdk/src/rp2_common/hardware_timer/timer.c.obj
                0x0000000010001450                hardware_alarm_cancel
 .text.ph_merge_nodes
                0x000000001000148c       0x58 CMakeFiles/adctest.dir/usr/share/pico-sdk/src/common/pico_util/pheap.c.obj
 .text.ph_post_alloc_init
                0x00000000100014e4       0x3c CMakeFiles/adctest.dir/usr/share/pico-sdk/src/common/pico_util/pheap.c.obj
                0x00000000100014e4                ph_post_alloc_init
 .text.ph_merge_two_pass
                0x0000000010001520       0x8c CMakeFiles/adctest.dir/usr/share/pico-sdk/src/common/pico_util/pheap.c.obj
                0x0000000010001520                ph_merge_two_pass
 .text.ph_remove_any_head
                0x00000000100015ac      0x12c CMakeFiles/adctest.dir/usr/share/pico-sdk/src/common/pico_util/pheap.c.obj
 .text.ph_remove_head
                0x00000000100016d8      0x130 CMakeFiles/adctest.dir/usr/share/pico-sdk/src/common/pico_util/pheap.c.obj
                0x00000000100016d8                ph_remove_head
 .text.ph_remove_and_free_node
                0x0000000010001808       0x78 CMakeFiles/adctest.dir/usr/share/pico-sdk/src/common/pico_util/pheap.c.obj
                0x0000000010001808                ph_remove_and_free_node
 .text.mutex_init
                0x0000000010001880       0x1c CMakeFiles/adctest.dir/usr/share/pico-sdk/src/common/pico_sync/mutex.c.obj
                0x0000000010001880                mutex_init
 .text.recursive_mutex_init
                0x000000001000189c       0x1c CMakeFiles/adctest.dir/usr/share/pico-sdk/src/common/pico_sync/mutex.c.obj
                0x000000001000189c                recursive_mutex_init
 .text.critical_section_init
                0x00000000100018b8       0x1c CMakeFiles/adctest.dir/usr/share/pico-sdk/src/common/pico_sync/critical_section.c.obj
                0x00000000100018b8                critical_section_init
 .text.runtime_init
                0x00000000100018d4       0xec CMakeFiles/adctest.dir/usr/share/pico-sdk/src/rp2_common/pico_runtime/runtime.c.obj
                0x00000000100018d4                runtime_init
 .text.exit     0x00000000100019c0        0x4 CMakeFiles/adctest.dir/usr/share/pico-sdk/src/rp2_common/pico_runtime/runtime.c.obj
                0x00000000100019c0                exit
 .text.panic    0x00000000100019c4       0x30 CMakeFiles/adctest.dir/usr/share/pico-sdk/src/rp2_common/pico_runtime/runtime.c.obj
                0x00000000100019c4                panic
 .text.hard_assertion_failure
                0x00000000100019f4        0xc CMakeFiles/adctest.dir/usr/share/pico-sdk/src/rp2_common/pico_runtime/runtime.c.obj
                0x00000000100019f4                hard_assertion_failure
 .text.clocks_init
                0x0000000010001a00      0x2b4 CMakeFiles/adctest.dir/usr/share/pico-sdk/src/rp2_common/hardware_clocks/clocks.c.obj
                0x0000000010001a00                clocks_init
 .text.pll_init
                0x0000000010001cb4       0xa8 CMakeFiles/adctest.dir/usr/share/pico-sdk/src/rp2_common/hardware_pll/pll.c.obj
                0x0000000010001cb4                pll_init
 .text.watchdog_start_tick
                0x0000000010001d5c       0x10 CMakeFiles/adctest.dir/usr/share/pico-sdk/src/rp2_common/hardware_watchdog/watchdog.c.obj
                0x0000000010001d5c                watchdog_start_tick
 .text.watchdog_reboot
                0x0000000010001d6c       0x9c CMakeFiles/adctest.dir/usr/share/pico-sdk/src/rp2_common/hardware_watchdog/watchdog.c.obj
                0x0000000010001d6c                watchdog_reboot
 .text.xosc_init
                0x0000000010001e08       0x28 CMakeFiles/adctest.dir/usr/share/pico-sdk/src/rp2_common/hardware_xosc/xosc.c.obj
                0x0000000010001e08                xosc_init
 .text._out_null
                0x0000000010001e30        0x4 CMakeFiles/adctest.dir/usr/share/pico-sdk/src/rp2_common/pico_printf/printf.c.obj
 .text._out_rev
                0x0000000010001e34       0x90 CMakeFiles/adctest.dir/usr/share/pico-sdk/src/rp2_common/pico_printf/printf.c.obj
 .text._ntoa_format
                0x0000000010001ec4      0x208 CMakeFiles/adctest.dir/usr/share/pico-sdk/src/rp2_common/pico_printf/printf.c.obj
 .text._out_char
                0x00000000100020cc       0x10 CMakeFiles/adctest.dir/usr/share/pico-sdk/src/rp2_common/pico_printf/printf.c.obj
 .text._out_fct
                0x00000000100020dc       0x10 CMakeFiles/adctest.dir/usr/share/pico-sdk/src/rp2_common/pico_printf/printf.c.obj
 .text._etoa    0x00000000100020ec      0x464 CMakeFiles/adctest.dir/usr/share/pico-sdk/src/rp2_common/pico_printf/printf.c.obj
 .text._ftoa    0x0000000010002550      0x3c4 CMakeFiles/adctest.dir/usr/share/pico-sdk/src/rp2_common/pico_printf/printf.c.obj
 .text._vsnprintf
                0x0000000010002914      0xc18 CMakeFiles/adctest.dir/usr/share/pico-sdk/src/rp2_common/pico_printf/printf.c.obj
 .text.vfctprintf
                0x000000001000352c       0x20 CMakeFiles/adctest.dir/usr/share/pico-sdk/src/rp2_common/pico_printf/printf.c.obj
                0x000000001000352c                vfctprintf
 .text.weak_raw_vprintf
                0x000000001000354c       0x30 CMakeFiles/adctest.dir/usr/share/pico-sdk/src/rp2_common/pico_printf/printf.c.obj
                0x000000001000354c                weak_raw_vprintf
 .text          0x000000001000357c       0x10 CMakeFiles/adctest.dir/usr/share/pico-sdk/src/rp2_common/pico_bit_ops/bit_ops_aeabi.S.obj
 .text.rom_func_lookup
                0x000000001000358c       0x10 CMakeFiles/adctest.dir/usr/share/pico-sdk/src/rp2_common/pico_bootrom/bootrom.c.obj
                0x000000001000358c                rom_func_lookup
 .text.rom_data_lookup
                0x000000001000359c       0x10 CMakeFiles/adctest.dir/usr/share/pico-sdk/src/rp2_common/pico_bootrom/bootrom.c.obj
                0x000000001000359c                rom_data_lookup
 .text.rom_funcs_lookup
                0x00000000100035ac       0x44 CMakeFiles/adctest.dir/usr/share/pico-sdk/src/rp2_common/pico_bootrom/bootrom.c.obj
                0x00000000100035ac                rom_funcs_lookup
 .text.__wrap___aeabi_idiv
                0x00000000100035f0       0x50 CMakeFiles/adctest.dir/usr/share/pico-sdk/src/rp2_common/pico_divider/divider.S.obj
                0x00000000100035f0                __wrap___aeabi_idivmod
                0x00000000100035f0                divmod_s32s32
                0x00000000100035f0                div_s32s32
                0x00000000100035f0                __wrap___aeabi_idiv
                0x00000000100035f8                divmod_s32s32_unsafe
                0x0000000010003624                divmod_s32s32_savestate
 .text.__wrap___aeabi_uidiv
                0x0000000010003640       0x4c CMakeFiles/adctest.dir/usr/share/pico-sdk/src/rp2_common/pico_divider/divider.S.obj
                0x0000000010003640                __wrap___aeabi_uidiv
                0x0000000010003640                __wrap___aeabi_uidivmod
                0x0000000010003640                div_u32u32
                0x0000000010003640                divmod_u32u32
                0x0000000010003648                divmod_u32u32_unsafe
                0x0000000010003670                divmod_u32u32_savestate
 .text.__wrap___aeabi_ldiv
                0x000000001000368c      0x434 CMakeFiles/adctest.dir/usr/share/pico-sdk/src/rp2_common/pico_divider/divider.S.obj
                0x000000001000368c                div_s64s64
                0x000000001000368c                divmod_s64s64
                0x000000001000368c                __wrap___aeabi_ldivmod
                0x00000000100036c4                div_u64u64
                0x00000000100036c4                divmod_u64u64
                0x00000000100036c4                __wrap___aeabi_uldivmod
                0x00000000100036d4                divmod_u64u64_savestate
                0x00000000100036fc                divmod_s64s64_unsafe
                0x0000000010003784                divmod_u64u64_unsafe
 .text.__wrap___aeabi_darithmetic
                0x0000000010003ac0       0x80 CMakeFiles/adctest.dir/usr/share/pico-sdk/src/rp2_common/pico_double/double_aeabi.S.obj
                0x0000000010003ac0                __wrap___aeabi_drsub
                0x0000000010003ac6                __wrap___aeabi_dsub
                0x0000000010003ad8                __wrap___aeabi_dadd
                0x0000000010003aea                __wrap___aeabi_ddiv
                0x0000000010003b26                __wrap___aeabi_dmul
 .text.__wrap___aeabi_cdcmple
                0x0000000010003b40       0x6c CMakeFiles/adctest.dir/usr/share/pico-sdk/src/rp2_common/pico_double/double_aeabi.S.obj
                0x0000000010003b40                __wrap___aeabi_cdrcmple
                0x0000000010003b50                __wrap___aeabi_cdcmple
                0x0000000010003b50                __wrap___aeabi_cdcmpeq
 .text.__wrap___aeabi_dcmplt
                0x0000000010003bac        0xc CMakeFiles/adctest.dir/usr/share/pico-sdk/src/rp2_common/pico_double/double_aeabi.S.obj
                0x0000000010003bac                __wrap___aeabi_dcmplt
 .text.__wrap___aeabi_dcmpge
                0x0000000010003bb8       0x10 CMakeFiles/adctest.dir/usr/share/pico-sdk/src/rp2_common/pico_double/double_aeabi.S.obj
                0x0000000010003bb8                __wrap___aeabi_dcmpge
 .text.__wrap___aeabi_dcmpgt
                0x0000000010003bc8        0xa CMakeFiles/adctest.dir/usr/share/pico-sdk/src/rp2_common/pico_double/double_aeabi.S.obj
                0x0000000010003bc8                __wrap___aeabi_dcmpgt
 .text.__wrap___aeabi_dcmpun
                0x0000000010003bd2       0x1c CMakeFiles/adctest.dir/usr/share/pico-sdk/src/rp2_common/pico_double/double_aeabi.S.obj
                0x0000000010003bd2                __wrap___aeabi_dcmpun
 *fill*         0x0000000010003bee        0x2 
 .text.__wrap___aeabi_i2d
                0x0000000010003bf0       0x38 CMakeFiles/adctest.dir/usr/share/pico-sdk/src/rp2_common/pico_double/double_aeabi.S.obj
                0x0000000010003bf0                __wrap___aeabi_ui2d
                0x0000000010003bf8                __wrap___aeabi_i2d
 .text.__wrap___aeabi_d2iz
                0x0000000010003c28       0x48 CMakeFiles/adctest.dir/usr/share/pico-sdk/src/rp2_common/pico_double/double_aeabi.S.obj
                0x0000000010003c28                __wrap___aeabi_d2iz
                0x0000000010003c28                double2int_z
 .text.__wrap___aeabi_d2uiz
                0x0000000010003c70       0x18 CMakeFiles/adctest.dir/usr/share/pico-sdk/src/rp2_common/pico_double/double_aeabi.S.obj
                0x0000000010003c70                double2uint
                0x0000000010003c70                __wrap___aeabi_d2uiz
 .text.__aeabi_double_init
                0x0000000010003c88       0x98 CMakeFiles/adctest.dir/usr/share/pico-sdk/src/rp2_common/pico_double/double_init_rom.c.obj
                0x0000000010003c88                __aeabi_double_init
 .text.double_table_shim_on_use_helper
                0x0000000010003d20       0x2c CMakeFiles/adctest.dir/usr/share/pico-sdk/src/rp2_common/pico_double/double_v1_rom_shim.S.obj
                0x0000000010003d20                double_table_shim_on_use_helper
 .text.__wrap___aeabi_dsub
                0x0000000010003d4c       0x10 CMakeFiles/adctest.dir/usr/share/pico-sdk/src/rp2_common/pico_double/double_v1_rom_shim.S.obj
                0x0000000010003d4c                drsub_shim
                0x0000000010003d52                dsub_shim
 .text.dadd_shim
                0x0000000010003d5c      0x15c CMakeFiles/adctest.dir/usr/share/pico-sdk/src/rp2_common/pico_double/double_v1_rom_shim.S.obj
                0x0000000010003d5c                dadd_shim
 .text.dmul_shim
                0x0000000010003eb8      0x15c CMakeFiles/adctest.dir/usr/share/pico-sdk/src/rp2_common/pico_double/double_v1_rom_shim.S.obj
                0x0000000010003eb8                dmul_shim
 .text.ddiv_shim
                0x0000000010004014      0x1b0 CMakeFiles/adctest.dir/usr/share/pico-sdk/src/rp2_common/pico_double/double_v1_rom_shim.S.obj
                0x0000000010004014                ddiv_shim
 .text.double2uint_shim
                0x00000000100041c4        0xe CMakeFiles/adctest.dir/usr/share/pico-sdk/src/rp2_common/pico_double/double_v1_rom_shim.S.obj
                0x00000000100041c4                double2uint_shim
                0x00000000100041c6                double2ufix_shim
 *fill*         0x00000000100041d2        0x2 
 .text.double2uint64_shim
                0x00000000100041d4       0x70 CMakeFiles/adctest.dir/usr/share/pico-sdk/src/rp2_common/pico_double/double_v1_rom_shim.S.obj
                0x00000000100041d4                double2uint64_shim
                0x00000000100041d6                double2ufix64_shim
                0x00000000100041f6                d2fix_a
 .text.dunpacks
                0x0000000010004244       0x3c CMakeFiles/adctest.dir/usr/share/pico-sdk/src/rp2_common/pico_double/double_v1_rom_shim.S.obj
                0x0000000010004244                dunpacks
 .text.__aeabi_lmul
                0x0000000010004280       0x32 CMakeFiles/adctest.dir/usr/share/pico-sdk/src/rp2_common/pico_int64_ops/pico_int64_ops_aeabi.S.obj
                0x0000000010004280                __wrap___aeabi_lmul
 *fill*         0x00000000100042b2        0x2 
 .text.__wrap___aeabi_farithmetic
                0x00000000100042b4       0x48 CMakeFiles/adctest.dir/usr/share/pico-sdk/src/rp2_common/pico_float/float_aeabi.S.obj
                0x00000000100042b4                __wrap___aeabi_frsub
                0x00000000100042ba                __wrap___aeabi_fsub
                0x00000000100042c0                __wrap___aeabi_fadd
                0x00000000100042c6                __wrap___aeabi_fdiv
                0x00000000100042ee                __wrap___aeabi_fmul
 .text.__wrap___aeabi_i2f
                0x00000000100042fc       0x44 CMakeFiles/adctest.dir/usr/share/pico-sdk/src/rp2_common/pico_float/float_aeabi.S.obj
                0x00000000100042fc                __wrap___aeabi_i2f
 .text.__wrap___aeabi_f2d
                0x0000000010004340       0x14 CMakeFiles/adctest.dir/usr/share/pico-sdk/src/rp2_common/pico_float/float_aeabi.S.obj
                0x0000000010004340                __wrap___aeabi_f2d
 .text.__aeabi_float_init
                0x0000000010004354       0x64 CMakeFiles/adctest.dir/usr/share/pico-sdk/src/rp2_common/pico_float/float_init_rom.c.obj
                0x0000000010004354                __aeabi_float_init
 .text.float_table_shim_on_use_helper
                0x00000000100043b8       0x2c CMakeFiles/adctest.dir/usr/share/pico-sdk/src/rp2_common/pico_float/float_v1_rom_shim.S.obj
                0x00000000100043b8                float_table_shim_on_use_helper
 .text.float2double_shim
                0x00000000100043e4       0x30 CMakeFiles/adctest.dir/usr/share/pico-sdk/src/rp2_common/pico_float/float_v1_rom_shim.S.obj
                0x00000000100043e4                float2double_shim
 .text          0x0000000010004414       0x10 CMakeFiles/adctest.dir/usr/share/pico-sdk/src/rp2_common/pico_mem_ops/mem_ops_aeabi.S.obj
                0x0000000010004414                __aeabi_mem_init
 .text.memset   0x0000000010004424        0xc CMakeFiles/adctest.dir/usr/share/pico-sdk/src/rp2_common/pico_mem_ops/mem_ops_aeabi.S.obj
                0x0000000010004424                __wrap_memset
 .text.memcpy   0x0000000010004430        0xc CMakeFiles/adctest.dir/usr/share/pico-sdk/src/rp2_common/pico_mem_ops/mem_ops_aeabi.S.obj
                0x0000000010004430                __wrap___aeabi_memcpy
                0x0000000010004430                __wrap_memcpy
 .text.stdio_out_chars_crlf
                0x000000001000443c       0x94 CMakeFiles/adctest.dir/usr/share/pico-sdk/src/rp2_common/pico_stdio/stdio.c.obj
 .text.stdio_buffered_printer
                0x00000000100044d0       0x64 CMakeFiles/adctest.dir/usr/share/pico-sdk/src/rp2_common/pico_stdio/stdio.c.obj
 .text.__wrap_putchar
                0x0000000010004534       0xa4 CMakeFiles/adctest.dir/usr/share/pico-sdk/src/rp2_common/pico_stdio/stdio.c.obj
                0x0000000010004534                __wrap_putchar
 .text.__wrap_puts
                0x00000000100045d8       0xe8 CMakeFiles/adctest.dir/usr/share/pico-sdk/src/rp2_common/pico_stdio/stdio.c.obj
                0x00000000100045d8                __wrap_puts
 .text.stdio_set_driver_enabled
                0x00000000100046c0       0x30 CMakeFiles/adctest.dir/usr/share/pico-sdk/src/rp2_common/pico_stdio/stdio.c.obj
                0x00000000100046c0                stdio_set_driver_enabled
 .text.__wrap_vprintf
                0x00000000100046f0       0xd4 CMakeFiles/adctest.dir/usr/share/pico-sdk/src/rp2_common/pico_stdio/stdio.c.obj
                0x00000000100046f0                __wrap_vprintf
 .text.__wrap_printf
                0x00000000100047c4       0x18 CMakeFiles/adctest.dir/usr/share/pico-sdk/src/rp2_common/pico_stdio/stdio.c.obj
                0x00000000100047c4                __wrap_printf
 .text.stdio_init_all
                0x00000000100047dc        0x8 CMakeFiles/adctest.dir/usr/share/pico-sdk/src/rp2_common/pico_stdio/stdio.c.obj
                0x00000000100047dc                stdio_init_all
 .text.resetd_init
                0x00000000100047e4        0x4 CMakeFiles/adctest.dir/usr/share/pico-sdk/src/rp2_common/pico_stdio_usb/reset_interface.c.obj
 .text.resetd_reset
                0x00000000100047e8        0xc CMakeFiles/adctest.dir/usr/share/pico-sdk/src/rp2_common/pico_stdio_usb/reset_interface.c.obj
 .text.resetd_open
                0x00000000100047f4       0x28 CMakeFiles/adctest.dir/usr/share/pico-sdk/src/rp2_common/pico_stdio_usb/reset_interface.c.obj
 .text.resetd_xfer_cb
                0x000000001000481c        0x4 CMakeFiles/adctest.dir/usr/share/pico-sdk/src/rp2_common/pico_stdio_usb/reset_interface.c.obj
 .text.resetd_control_xfer_cb
                0x0000000010004820       0x60 CMakeFiles/adctest.dir/usr/share/pico-sdk/src/rp2_common/pico_stdio_usb/reset_interface.c.obj
 .text.usbd_app_driver_get_cb
                0x0000000010004880        0xc CMakeFiles/adctest.dir/usr/share/pico-sdk/src/rp2_common/pico_stdio_usb/reset_interface.c.obj
                0x0000000010004880                usbd_app_driver_get_cb
 .text.tud_cdc_line_coding_cb
                0x000000001000488c       0x34 CMakeFiles/adctest.dir/usr/share/pico-sdk/src/rp2_common/pico_stdio_usb/reset_interface.c.obj
                0x000000001000488c                tud_cdc_line_coding_cb
 .text.stdio_usb_in_chars
                0x00000000100048c0       0x68 CMakeFiles/adctest.dir/usr/share/pico-sdk/src/rp2_common/pico_stdio_usb/stdio_usb.c.obj
                0x00000000100048c0                stdio_usb_in_chars
 .text.stdio_usb_out_chars
                0x0000000010004928       0xe8 CMakeFiles/adctest.dir/usr/share/pico-sdk/src/rp2_common/pico_stdio_usb/stdio_usb.c.obj
 .text.timer_task
                0x0000000010004a10       0x18 CMakeFiles/adctest.dir/usr/share/pico-sdk/src/rp2_common/pico_stdio_usb/stdio_usb.c.obj
 .text.usb_irq  0x0000000010004a28       0x10 CMakeFiles/adctest.dir/usr/share/pico-sdk/src/rp2_common/pico_stdio_usb/stdio_usb.c.obj
 .text.low_priority_worker_irq
                0x0000000010004a38       0x24 CMakeFiles/adctest.dir/usr/share/pico-sdk/src/rp2_common/pico_stdio_usb/stdio_usb.c.obj
 .text.stdio_usb_init
                0x0000000010004a5c       0xb0 CMakeFiles/adctest.dir/usr/share/pico-sdk/src/rp2_common/pico_stdio_usb/stdio_usb.c.obj
                0x0000000010004a5c                stdio_usb_init
 .text.tud_descriptor_device_cb
                0x0000000010004b0c        0x8 CMakeFiles/adctest.dir/usr/share/pico-sdk/src/rp2_common/pico_stdio_usb/stdio_usb_descriptors.c.obj
                0x0000000010004b0c                tud_descriptor_device_cb
 .text.tud_descriptor_configuration_cb
                0x0000000010004b14        0x8 CMakeFiles/adctest.dir/usr/share/pico-sdk/src/rp2_common/pico_stdio_usb/stdio_usb_descriptors.c.obj
                0x0000000010004b14                tud_descriptor_configuration_cb
 .text.tud_descriptor_string_cb
                0x0000000010004b1c       0x78 CMakeFiles/adctest.dir/usr/share/pico-sdk/src/rp2_common/pico_stdio_usb/stdio_usb_descriptors.c.obj
                0x0000000010004b1c                tud_descriptor_string_cb
 .text.dcd_rp2040_irq
                0x0000000010004b94      0x1d0 CMakeFiles/adctest.dir/usr/share/pico-sdk/lib/tinyusb/src/portable/raspberrypi/rp2040/dcd_rp2040.c.obj
 .text.dcd_int_enable
                0x0000000010004d64        0xc CMakeFiles/adctest.dir/usr/share/pico-sdk/lib/tinyusb/src/portable/raspberrypi/rp2040/dcd_rp2040.c.obj
                0x0000000010004d64                dcd_int_enable
 .text.dcd_set_address
                0x0000000010004d70       0x14 CMakeFiles/adctest.dir/usr/share/pico-sdk/lib/tinyusb/src/portable/raspberrypi/rp2040/dcd_rp2040.c.obj
                0x0000000010004d70                dcd_set_address
 .text.dcd_connect
                0x0000000010004d84       0x10 CMakeFiles/adctest.dir/usr/share/pico-sdk/lib/tinyusb/src/portable/raspberrypi/rp2040/dcd_rp2040.c.obj
                0x0000000010004d84                dcd_connect
 .text.dcd_init
                0x0000000010004d94       0xf0 CMakeFiles/adctest.dir/usr/share/pico-sdk/lib/tinyusb/src/portable/raspberrypi/rp2040/dcd_rp2040.c.obj
                0x0000000010004d94                dcd_init
 .text.dcd_edpt0_status_complete
                0x0000000010004e84       0x1c CMakeFiles/adctest.dir/usr/share/pico-sdk/lib/tinyusb/src/portable/raspberrypi/rp2040/dcd_rp2040.c.obj
                0x0000000010004e84                dcd_edpt0_status_complete
 .text.dcd_edpt_open
                0x0000000010004ea0       0xf0 CMakeFiles/adctest.dir/usr/share/pico-sdk/lib/tinyusb/src/portable/raspberrypi/rp2040/dcd_rp2040.c.obj
                0x0000000010004ea0                dcd_edpt_open
 .text.dcd_edpt_close_all
                0x0000000010004f90       0x68 CMakeFiles/adctest.dir/usr/share/pico-sdk/lib/tinyusb/src/portable/raspberrypi/rp2040/dcd_rp2040.c.obj
                0x0000000010004f90                dcd_edpt_close_all
 .text.dcd_edpt_xfer
                0x0000000010004ff8       0x24 CMakeFiles/adctest.dir/usr/share/pico-sdk/lib/tinyusb/src/portable/raspberrypi/rp2040/dcd_rp2040.c.obj
                0x0000000010004ff8                dcd_edpt_xfer
 .text.dcd_edpt_stall
                0x000000001000501c       0x34 CMakeFiles/adctest.dir/usr/share/pico-sdk/lib/tinyusb/src/portable/raspberrypi/rp2040/dcd_rp2040.c.obj
                0x000000001000501c                dcd_edpt_stall
 .text.dcd_edpt_clear_stall
                0x0000000010005050       0x30 CMakeFiles/adctest.dir/usr/share/pico-sdk/lib/tinyusb/src/portable/raspberrypi/rp2040/dcd_rp2040.c.obj
                0x0000000010005050                dcd_edpt_clear_stall
 .text._hw_endpoint_buffer_control_update32.part.0.isra.0
                0x0000000010005080       0x1c CMakeFiles/adctest.dir/usr/share/pico-sdk/lib/tinyusb/src/portable/raspberrypi/rp2040/rp2040_usb.c.obj
 .text.rp2040_usb_init
                0x000000001000509c       0x4c CMakeFiles/adctest.dir/usr/share/pico-sdk/lib/tinyusb/src/portable/raspberrypi/rp2040/rp2040_usb.c.obj
                0x000000001000509c                rp2040_usb_init
 .text.hw_endpoint_reset_transfer
                0x00000000100050e8        0xc CMakeFiles/adctest.dir/usr/share/pico-sdk/lib/tinyusb/src/portable/raspberrypi/rp2040/rp2040_usb.c.obj
                0x00000000100050e8                hw_endpoint_reset_transfer
 .text._hw_endpoint_buffer_control_update32
                0x00000000100050f4       0x44 CMakeFiles/adctest.dir/usr/share/pico-sdk/lib/tinyusb/src/portable/raspberrypi/rp2040/rp2040_usb.c.obj
                0x00000000100050f4                _hw_endpoint_buffer_control_update32
 .text.hw_endpoint_xfer_start
                0x0000000010005138      0x138 CMakeFiles/adctest.dir/usr/share/pico-sdk/lib/tinyusb/src/portable/raspberrypi/rp2040/rp2040_usb.c.obj
                0x0000000010005138                hw_endpoint_xfer_start
 .text.hw_endpoint_xfer_continue
                0x0000000010005270      0x1d8 CMakeFiles/adctest.dir/usr/share/pico-sdk/lib/tinyusb/src/portable/raspberrypi/rp2040/rp2040_usb.c.obj
                0x0000000010005270                hw_endpoint_xfer_continue
 .text.tud_mounted
                0x0000000010005448       0x10 CMakeFiles/adctest.dir/usr/share/pico-sdk/lib/tinyusb/src/device/usbd.c.obj
                0x0000000010005448                tud_mounted
 .text.tud_suspended
                0x0000000010005458       0x10 CMakeFiles/adctest.dir/usr/share/pico-sdk/lib/tinyusb/src/device/usbd.c.obj
                0x0000000010005458                tud_suspended
 .text.tud_inited
                0x0000000010005468        0xc CMakeFiles/adctest.dir/usr/share/pico-sdk/lib/tinyusb/src/device/usbd.c.obj
                0x0000000010005468                tud_inited
 .text.tud_init
                0x0000000010005474       0xe0 CMakeFiles/adctest.dir/usr/share/pico-sdk/lib/tinyusb/src/device/usbd.c.obj
                0x0000000010005474                tud_init
 .text.tud_task
                0x0000000010005554      0x8f0 CMakeFiles/adctest.dir/usr/share/pico-sdk/lib/tinyusb/src/device/usbd.c.obj
                0x0000000010005554                tud_task
 .text.dcd_event_bus_signal
                0x0000000010005e44      0x124 CMakeFiles/adctest.dir/usr/share/pico-sdk/lib/tinyusb/src/device/usbd.c.obj
                0x0000000010005e44                dcd_event_bus_signal
 .text.dcd_event_bus_reset
                0x0000000010005f68       0x58 CMakeFiles/adctest.dir/usr/share/pico-sdk/lib/tinyusb/src/device/usbd.c.obj
                0x0000000010005f68                dcd_event_bus_reset
 .text.dcd_event_setup_received
                0x0000000010005fc0       0x50 CMakeFiles/adctest.dir/usr/share/pico-sdk/lib/tinyusb/src/device/usbd.c.obj
                0x0000000010005fc0                dcd_event_setup_received
 .text.dcd_event_xfer_complete
                0x0000000010006010       0x68 CMakeFiles/adctest.dir/usr/share/pico-sdk/lib/tinyusb/src/device/usbd.c.obj
                0x0000000010006010                dcd_event_xfer_complete
 .text.usbd_open_edpt_pair
                0x0000000010006078       0x94 CMakeFiles/adctest.dir/usr/share/pico-sdk/lib/tinyusb/src/device/usbd.c.obj
                0x0000000010006078                usbd_open_edpt_pair
 .text.usbd_edpt_open
                0x000000001000610c       0x30 CMakeFiles/adctest.dir/usr/share/pico-sdk/lib/tinyusb/src/device/usbd.c.obj
                0x000000001000610c                usbd_edpt_open
 .text.usbd_edpt_claim
                0x000000001000613c       0x64 CMakeFiles/adctest.dir/usr/share/pico-sdk/lib/tinyusb/src/device/usbd.c.obj
                0x000000001000613c                usbd_edpt_claim
 .text.usbd_edpt_release
                0x00000000100061a0       0x4c CMakeFiles/adctest.dir/usr/share/pico-sdk/lib/tinyusb/src/device/usbd.c.obj
                0x00000000100061a0                usbd_edpt_release
 .text.usbd_edpt_xfer
                0x00000000100061ec       0x44 CMakeFiles/adctest.dir/usr/share/pico-sdk/lib/tinyusb/src/device/usbd.c.obj
                0x00000000100061ec                usbd_edpt_xfer
 .text.tud_control_status
                0x0000000010006230       0x2c CMakeFiles/adctest.dir/usr/share/pico-sdk/lib/tinyusb/src/device/usbd_control.c.obj
                0x0000000010006230                tud_control_status
 .text.tud_control_xfer
                0x000000001000625c       0xac CMakeFiles/adctest.dir/usr/share/pico-sdk/lib/tinyusb/src/device/usbd_control.c.obj
                0x000000001000625c                tud_control_xfer
 .text.usbd_control_reset
                0x0000000010006308       0x14 CMakeFiles/adctest.dir/usr/share/pico-sdk/lib/tinyusb/src/device/usbd_control.c.obj
                0x0000000010006308                usbd_control_reset
 .text.usbd_control_set_complete_callback
                0x000000001000631c        0xc CMakeFiles/adctest.dir/usr/share/pico-sdk/lib/tinyusb/src/device/usbd_control.c.obj
                0x000000001000631c                usbd_control_set_complete_callback
 .text.usbd_control_set_request
                0x0000000010006328       0x1c CMakeFiles/adctest.dir/usr/share/pico-sdk/lib/tinyusb/src/device/usbd_control.c.obj
                0x0000000010006328                usbd_control_set_request
 .text.usbd_control_xfer_cb
                0x0000000010006344       0xf4 CMakeFiles/adctest.dir/usr/share/pico-sdk/lib/tinyusb/src/device/usbd_control.c.obj
                0x0000000010006344                usbd_control_xfer_cb
 .text.tud_cdc_n_connected
                0x0000000010006438       0x30 CMakeFiles/adctest.dir/usr/share/pico-sdk/lib/tinyusb/src/class/cdc/cdc_device.c.obj
                0x0000000010006438                tud_cdc_n_connected
 .text.tud_cdc_n_available
                0x0000000010006468       0x18 CMakeFiles/adctest.dir/usr/share/pico-sdk/lib/tinyusb/src/class/cdc/cdc_device.c.obj
                0x0000000010006468                tud_cdc_n_available
 .text.tud_cdc_n_read
                0x0000000010006480       0x70 CMakeFiles/adctest.dir/usr/share/pico-sdk/lib/tinyusb/src/class/cdc/cdc_device.c.obj
                0x0000000010006480                tud_cdc_n_read
 .text.tud_cdc_n_write_flush
                0x00000000100064f0       0x78 CMakeFiles/adctest.dir/usr/share/pico-sdk/lib/tinyusb/src/class/cdc/cdc_device.c.obj
                0x00000000100064f0                tud_cdc_n_write_flush
 .text.tud_cdc_n_write
                0x0000000010006568       0x34 CMakeFiles/adctest.dir/usr/share/pico-sdk/lib/tinyusb/src/class/cdc/cdc_device.c.obj
                0x0000000010006568                tud_cdc_n_write
 .text.tud_cdc_n_write_available
                0x000000001000659c       0x18 CMakeFiles/adctest.dir/usr/share/pico-sdk/lib/tinyusb/src/class/cdc/cdc_device.c.obj
                0x000000001000659c                tud_cdc_n_write_available
 .text.cdcd_init
                0x00000000100065b4       0x7c CMakeFiles/adctest.dir/usr/share/pico-sdk/lib/tinyusb/src/class/cdc/cdc_device.c.obj
                0x00000000100065b4                cdcd_init
 .text.cdcd_reset
                0x0000000010006630       0x2c CMakeFiles/adctest.dir/usr/share/pico-sdk/lib/tinyusb/src/class/cdc/cdc_device.c.obj
                0x0000000010006630                cdcd_reset
 .text.cdcd_open
                0x000000001000665c       0xe4 CMakeFiles/adctest.dir/usr/share/pico-sdk/lib/tinyusb/src/class/cdc/cdc_device.c.obj
                0x000000001000665c                cdcd_open
 .text.cdcd_control_xfer_cb
                0x0000000010006740       0xe4 CMakeFiles/adctest.dir/usr/share/pico-sdk/lib/tinyusb/src/class/cdc/cdc_device.c.obj
                0x0000000010006740                cdcd_control_xfer_cb
 .text.cdcd_xfer_cb
                0x0000000010006824      0x13c CMakeFiles/adctest.dir/usr/share/pico-sdk/lib/tinyusb/src/class/cdc/cdc_device.c.obj
                0x0000000010006824                cdcd_xfer_cb
 .text.tusb_init
                0x0000000010006960        0xc CMakeFiles/adctest.dir/usr/share/pico-sdk/lib/tinyusb/src/tusb.c.obj
                0x0000000010006960                tusb_init
 .text.tusb_inited
                0x000000001000696c        0x8 CMakeFiles/adctest.dir/usr/share/pico-sdk/lib/tinyusb/src/tusb.c.obj
                0x000000001000696c                tusb_inited
 .text.tu_edpt_validate
                0x0000000010006974       0x80 CMakeFiles/adctest.dir/usr/share/pico-sdk/lib/tinyusb/src/tusb.c.obj
                0x0000000010006974                tu_edpt_validate
 .text.tu_edpt_bind_driver
                0x00000000100069f4       0x2c CMakeFiles/adctest.dir/usr/share/pico-sdk/lib/tinyusb/src/tusb.c.obj
                0x00000000100069f4                tu_edpt_bind_driver
 .text.tu_fifo_config
                0x0000000010006a20       0x74 CMakeFiles/adctest.dir/usr/share/pico-sdk/lib/tinyusb/src/common/tusb_fifo.c.obj
                0x0000000010006a20                tu_fifo_config
 .text.tu_fifo_count
                0x0000000010006a94       0x20 CMakeFiles/adctest.dir/usr/share/pico-sdk/lib/tinyusb/src/common/tusb_fifo.c.obj
                0x0000000010006a94                tu_fifo_count
 .text.tu_fifo_empty
                0x0000000010006ab4       0x10 CMakeFiles/adctest.dir/usr/share/pico-sdk/lib/tinyusb/src/common/tusb_fifo.c.obj
                0x0000000010006ab4                tu_fifo_empty
 .text.tu_fifo_remaining
                0x0000000010006ac4       0x1c CMakeFiles/adctest.dir/usr/share/pico-sdk/lib/tinyusb/src/common/tusb_fifo.c.obj
                0x0000000010006ac4                tu_fifo_remaining
 .text.tu_fifo_read
                0x0000000010006ae0       0xa4 CMakeFiles/adctest.dir/usr/share/pico-sdk/lib/tinyusb/src/common/tusb_fifo.c.obj
                0x0000000010006ae0                tu_fifo_read
 .text.tu_fifo_read_n
                0x0000000010006b84      0x100 CMakeFiles/adctest.dir/usr/share/pico-sdk/lib/tinyusb/src/common/tusb_fifo.c.obj
                0x0000000010006b84                tu_fifo_read_n
 .text.tu_fifo_write
                0x0000000010006c84       0x78 CMakeFiles/adctest.dir/usr/share/pico-sdk/lib/tinyusb/src/common/tusb_fifo.c.obj
                0x0000000010006c84                tu_fifo_write
 .text.tu_fifo_write_n
                0x0000000010006cfc       0xfc CMakeFiles/adctest.dir/usr/share/pico-sdk/lib/tinyusb/src/common/tusb_fifo.c.obj
                0x0000000010006cfc                tu_fifo_write_n
 .text.tu_fifo_clear
                0x0000000010006df8       0x4c CMakeFiles/adctest.dir/usr/share/pico-sdk/lib/tinyusb/src/common/tusb_fifo.c.obj
                0x0000000010006df8                tu_fifo_clear
 .text.tu_fifo_set_overwritable
                0x0000000010006e44       0x3c CMakeFiles/adctest.dir/usr/share/pico-sdk/lib/tinyusb/src/common/tusb_fifo.c.obj
                0x0000000010006e44                tu_fifo_set_overwritable
 .text.startup._retrieve_unique_id_on_boot
                0x0000000010006e80       0x10 CMakeFiles/adctest.dir/usr/share/pico-sdk/src/rp2_common/pico_unique_id/unique_id.c.obj
 .text.pico_get_unique_board_id_string
                0x0000000010006e90      0x1a8 CMakeFiles/adctest.dir/usr/share/pico-sdk/src/rp2_common/pico_unique_id/unique_id.c.obj
                0x0000000010006e90                pico_get_unique_board_id_string
 .text.flash_get_unique_id
                0x0000000010007038       0x40 CMakeFiles/adctest.dir/usr/share/pico-sdk/src/rp2_common/hardware_flash/flash.c.obj
                0x0000000010007038                flash_get_unique_id
 .text.adc_init
                0x0000000010007078       0x38 CMakeFiles/adctest.dir/usr/share/pico-sdk/src/rp2_common/hardware_adc/adc.c.obj
                0x0000000010007078                adc_init
 .text.atexit   0x00000000100070b0       0x10 /usr/lib/gcc/arm-none-eabi/12.2.0/../../../../arm-none-eabi/lib/thumb/v6-m/nofp/libc.a(lib_a-atexit.o)
                0x00000000100070b0                atexit
 .text.__libc_fini_array
                0x00000000100070c0       0x28 /usr/lib/gcc/arm-none-eabi/12.2.0/../../../../arm-none-eabi/lib/thumb/v6-m/nofp/libc.a(lib_a-fini.o)
                0x00000000100070c0                __libc_fini_array
 .text.strlen   0x00000000100070e8       0x5c /usr/lib/gcc/arm-none-eabi/12.2.0/../../../../arm-none-eabi/lib/thumb/v6-m/nofp/libc.a(lib_a-strlen-stub.o)
                0x00000000100070e8                strlen
 .text.__register_exitproc
                0x0000000010007144       0xac /usr/lib/gcc/arm-none-eabi/12.2.0/../../../../arm-none-eabi/lib/thumb/v6-m/nofp/libc.a(lib_a-__atexit.o)
                0x0000000010007144                __register_exitproc
 .text.startup.register_fini
                0x00000000100071f0       0x18 /usr/lib/gcc/arm-none-eabi/12.2.0/../../../../arm-none-eabi/lib/thumb/v6-m/nofp/libc.a(lib_a-__call_atexit.o)
 .text.__retarget_lock_acquire_recursive
                0x0000000010007208        0x4 /usr/lib/gcc/arm-none-eabi/12.2.0/../../../../arm-none-eabi/lib/thumb/v6-m/nofp/libc.a(lib_a-lock.o)
                0x0000000010007208                __retarget_lock_acquire_recursive
 .text.__retarget_lock_release_recursive
                0x000000001000720c        0x4 /usr/lib/gcc/arm-none-eabi/12.2.0/../../../../arm-none-eabi/lib/thumb/v6-m/nofp/libc.a(lib_a-lock.o)
                0x000000001000720c                __retarget_lock_release_recursive
 *(.fini)
 .fini          0x0000000010007210        0x4 /usr/lib/gcc/arm-none-eabi/12.2.0/thumb/v6-m/nofp/crti.o
                0x0000000010007210                _fini
 *fill*         0x0000000010007214        0x4 
 .fini.__stub   0x0000000010007218       0x70 linker stubs
 *crtbegin.o(.ctors)
 *crtbegin?.o(.ctors)
 *(EXCLUDE_FILE(*crtend.o *crtend?.o) .ctors)
 *(SORT_BY_NAME(.ctors.*))
 *(.ctors)
 *crtbegin.o(.dtors)
 *crtbegin?.o(.dtors)
 *(EXCLUDE_FILE(*crtend.o *crtend?.o) .dtors)
 *(SORT_BY_NAME(.dtors.*))
 *(.dtors)
 *(.eh_frame*)
 .eh_frame      0x0000000010007288        0x0 /usr/lib/gcc/arm-none-eabi/12.2.0/thumb/v6-m/nofp/crtbegin.o
                0x0000000010007288                . = ALIGN (0x4)

.glue_7         0x0000000010007288        0x0
 .glue_7        0x0000000010007288        0x0 linker stubs

.glue_7t        0x0000000010007288        0x0
 .glue_7t       0x0000000010007288        0x0 linker stubs

.vfp11_veneer   0x0000000010007288        0x0
 .vfp11_veneer  0x0000000010007288        0x0 linker stubs

.v4_bx          0x0000000010007288        0x0
 .v4_bx         0x0000000010007288        0x0 linker stubs

.iplt           0x0000000010007288        0x0
 .iplt          0x0000000010007288        0x0 /usr/lib/gcc/arm-none-eabi/12.2.0/thumb/v6-m/nofp/crtbegin.o

.rodata         0x0000000010007288      0x550
 *(EXCLUDE_FILE(*libm.a: *libc.a:*lib_a-mem*.o *libgcc.a:) .rodata*)
 .rodata.main.str1.4
                0x0000000010007288       0x75 CMakeFiles/adctest.dir/adctest.c.obj
 *fill*         0x00000000100072fd        0x3 
 .rodata.spin_lock_claim_unused.str1.4
                0x0000000010007300       0x1b CMakeFiles/adctest.dir/usr/share/pico-sdk/src/rp2_common/hardware_sync/sync.c.obj
 *fill*         0x000000001000731b        0x1 
 .rodata.user_irq_claim_unused.str1.4
                0x000000001000731c       0x1b CMakeFiles/adctest.dir/usr/share/pico-sdk/src/rp2_common/hardware_irq/irq.c.obj
 *fill*         0x0000000010007337        0x1 
 .rodata.hardware_alarm_claim.str1.4
                0x0000000010007338       0x22 CMakeFiles/adctest.dir/usr/share/pico-sdk/src/rp2_common/hardware_timer/timer.c.obj
 *fill*         0x000000001000735a        0x2 
 .rodata.panic.str1.4
                0x000000001000735c       0x12 CMakeFiles/adctest.dir/usr/share/pico-sdk/src/rp2_common/pico_runtime/runtime.c.obj
 *fill*         0x000000001000736e        0x2 
 .rodata.hard_assertion_failure.str1.4
                0x0000000010007370        0xc CMakeFiles/adctest.dir/usr/share/pico-sdk/src/rp2_common/pico_runtime/runtime.c.obj
 .rodata._ftoa.str1.4
                0x000000001000737c       0x15 CMakeFiles/adctest.dir/usr/share/pico-sdk/src/rp2_common/pico_printf/printf.c.obj
 *fill*         0x0000000010007391        0x3 
 .rodata._vsnprintf
                0x0000000010007394      0x19c CMakeFiles/adctest.dir/usr/share/pico-sdk/src/rp2_common/pico_printf/printf.c.obj
 .rodata.pow10.0
                0x0000000010007530       0x50 CMakeFiles/adctest.dir/usr/share/pico-sdk/src/rp2_common/pico_printf/printf.c.obj
 .rodata.str1.4
                0x0000000010007580       0x3c CMakeFiles/adctest.dir/usr/share/pico-sdk/src/rp2_common/pico_standard_link/binary_info.c.obj
 .rodata.__bi_81
                0x00000000100075bc        0xc CMakeFiles/adctest.dir/usr/share/pico-sdk/src/rp2_common/pico_standard_link/binary_info.c.obj
 .rodata.__bi_75
                0x00000000100075c8        0xc CMakeFiles/adctest.dir/usr/share/pico-sdk/src/rp2_common/pico_standard_link/binary_info.c.obj
 .rodata.__bi_44
                0x00000000100075d4        0xc CMakeFiles/adctest.dir/usr/share/pico-sdk/src/rp2_common/pico_standard_link/binary_info.c.obj
 .rodata.crlf_str.0
                0x00000000100075e0        0x2 CMakeFiles/adctest.dir/usr/share/pico-sdk/src/rp2_common/pico_stdio/stdio.c.obj
 *fill*         0x00000000100075e2        0x2 
 .rodata._resetd_driver
                0x00000000100075e4       0x18 CMakeFiles/adctest.dir/usr/share/pico-sdk/src/rp2_common/pico_stdio_usb/reset_interface.c.obj
 .rodata.str1.4
                0x00000000100075fc       0x13 CMakeFiles/adctest.dir/usr/share/pico-sdk/src/rp2_common/pico_stdio_usb/stdio_usb.c.obj
 *fill*         0x000000001000760f        0x1 
 .rodata.__bi_118.0
                0x0000000010007610        0xc CMakeFiles/adctest.dir/usr/share/pico-sdk/src/rp2_common/pico_stdio_usb/stdio_usb.c.obj
 .rodata.str1.4
                0x000000001000761c       0x2a CMakeFiles/adctest.dir/usr/share/pico-sdk/src/rp2_common/pico_stdio_usb/stdio_usb_descriptors.c.obj
 *fill*         0x0000000010007646        0x2 
 .rodata.usbd_desc_str
                0x0000000010007648       0x18 CMakeFiles/adctest.dir/usr/share/pico-sdk/src/rp2_common/pico_stdio_usb/stdio_usb_descriptors.c.obj
 .rodata.usbd_desc_cfg
                0x0000000010007660       0x54 CMakeFiles/adctest.dir/usr/share/pico-sdk/src/rp2_common/pico_stdio_usb/stdio_usb_descriptors.c.obj
 .rodata.usbd_desc_device
                0x00000000100076b4       0x12 CMakeFiles/adctest.dir/usr/share/pico-sdk/src/rp2_common/pico_stdio_usb/stdio_usb_descriptors.c.obj
 *fill*         0x00000000100076c6        0x2 
 .rodata.dcd_rp2040_irq.str1.4
                0x00000000100076c8       0x14 CMakeFiles/adctest.dir/usr/share/pico-sdk/lib/tinyusb/src/portable/raspberrypi/rp2040/dcd_rp2040.c.obj
 .rodata._hw_endpoint_buffer_control_update32.part.0.isra.0.str1.4
                0x00000000100076dc       0x1f CMakeFiles/adctest.dir/usr/share/pico-sdk/lib/tinyusb/src/portable/raspberrypi/rp2040/rp2040_usb.c.obj
 *fill*         0x00000000100076fb        0x1 
 .rodata.hw_endpoint_xfer_continue.str1.4
                0x00000000100076fc       0x29 CMakeFiles/adctest.dir/usr/share/pico-sdk/lib/tinyusb/src/portable/raspberrypi/rp2040/rp2040_usb.c.obj
 *fill*         0x0000000010007725        0x3 
 .rodata.str1.4
                0x0000000010007728        0x7 CMakeFiles/adctest.dir/usr/share/pico-sdk/lib/tinyusb/src/portable/raspberrypi/rp2040/rp2040_usb.c.obj
 *fill*         0x000000001000772f        0x1 
 .rodata.tud_task
                0x0000000010007730       0x8c CMakeFiles/adctest.dir/usr/share/pico-sdk/lib/tinyusb/src/device/usbd.c.obj
 .rodata._usbd_driver
                0x00000000100077bc       0x18 CMakeFiles/adctest.dir/usr/share/pico-sdk/lib/tinyusb/src/device/usbd.c.obj
 .rodata._global_impure_ptr
                0x00000000100077d4        0x4 /usr/lib/gcc/arm-none-eabi/12.2.0/../../../../arm-none-eabi/lib/thumb/v6-m/nofp/libc.a(lib_a-impure.o)
                0x00000000100077d4                _global_impure_ptr
                0x00000000100077d8                . = ALIGN (0x4)
 *(SORT_BY_ALIGNMENT(SORT_BY_NAME(.flashdata*)))
                0x00000000100077d8                . = ALIGN (0x4)

.rel.dyn        0x00000000100077d8        0x0
 .rel.iplt      0x00000000100077d8        0x0 /usr/lib/gcc/arm-none-eabi/12.2.0/thumb/v6-m/nofp/crtbegin.o

.ARM.extab
 *(.ARM.extab* .gnu.linkonce.armextab.*)
                0x00000000100077d8                __exidx_start = .

.ARM.exidx
 *(.ARM.exidx* .gnu.linkonce.armexidx.*)
                0x00000000100077d8                __exidx_end = .
                0x00000000100077d8                . = ALIGN (0x4)
                0x00000000100077d8                __binary_info_start = .

.binary_info    0x00000000100077d8       0x20
 *(.binary_info.keep.*)
 .binary_info.keep.__bi_ptr81
                0x00000000100077d8        0x4 CMakeFiles/adctest.dir/usr/share/pico-sdk/src/rp2_common/pico_standard_link/binary_info.c.obj
 .binary_info.keep.__bi_ptr75
                0x00000000100077dc        0x4 CMakeFiles/adctest.dir/usr/share/pico-sdk/src/rp2_common/pico_standard_link/binary_info.c.obj
 .binary_info.keep.__bi_ptr50
                0x00000000100077e0        0x4 CMakeFiles/adctest.dir/usr/share/pico-sdk/src/rp2_common/pico_standard_link/binary_info.c.obj
 .binary_info.keep.__bi_ptr44
                0x00000000100077e4        0x4 CMakeFiles/adctest.dir/usr/share/pico-sdk/src/rp2_common/pico_standard_link/binary_info.c.obj
 .binary_info.keep.__bi_ptr38
                0x00000000100077e8        0x4 CMakeFiles/adctest.dir/usr/share/pico-sdk/src/rp2_common/pico_standard_link/binary_info.c.obj
 .binary_info.keep.__bi_ptr30
                0x00000000100077ec        0x4 CMakeFiles/adctest.dir/usr/share/pico-sdk/src/rp2_common/pico_standard_link/binary_info.c.obj
 .binary_info.keep.__bi_ptr22
                0x00000000100077f0        0x4 CMakeFiles/adctest.dir/usr/share/pico-sdk/src/rp2_common/pico_standard_link/binary_info.c.obj
 *(.binary_info.*)
 .binary_info.__bi_ptr118
                0x00000000100077f4        0x4 CMakeFiles/adctest.dir/usr/share/pico-sdk/src/rp2_common/pico_stdio_usb/stdio_usb.c.obj
                0x00000000100077f8                __binary_info_end = .
                0x00000000100077f8                . = ALIGN (0x4)
                0x00000000100077f8                __etext = .

.ram_vector_table
                0x0000000020000000       0xc0
 *(.ram_vector_table)
 .ram_vector_table
                0x0000000020000000       0xc0 CMakeFiles/adctest.dir/usr/share/pico-sdk/src/rp2_common/pico_runtime/runtime.c.obj
                0x0000000020000000                ram_vector_table

.data           0x00000000200000c0      0x7e0 load address 0x00000000100077f8
                0x00000000200000c0                __data_start__ = .
 *(vtable)
 *(.time_critical*)
 .time_critical.mutex_enter_blocking
                0x00000000200000c0       0x48 CMakeFiles/adctest.dir/usr/share/pico-sdk/src/common/pico_sync/mutex.c.obj
                0x00000000200000c0                mutex_enter_blocking
 .time_critical.mutex_try_enter
                0x0000000020000108       0x40 CMakeFiles/adctest.dir/usr/share/pico-sdk/src/common/pico_sync/mutex.c.obj
                0x0000000020000108                mutex_try_enter
 .time_critical.mutex_enter_timeout_ms
                0x0000000020000148       0xa0 CMakeFiles/adctest.dir/usr/share/pico-sdk/src/common/pico_sync/mutex.c.obj
                0x0000000020000148                mutex_enter_timeout_ms
 .time_critical.mutex_exit
                0x00000000200001e8       0x28 CMakeFiles/adctest.dir/usr/share/pico-sdk/src/common/pico_sync/mutex.c.obj
                0x00000000200001e8                mutex_exit
 .time_critical.flash_init_boot2_copyout
                0x0000000020000210       0x30 CMakeFiles/adctest.dir/usr/share/pico-sdk/src/rp2_common/hardware_flash/flash.c.obj
 .time_critical.flash_enable_xip_via_boot2
                0x0000000020000240        0xc CMakeFiles/adctest.dir/usr/share/pico-sdk/src/rp2_common/hardware_flash/flash.c.obj
 .time_critical.flash_cs_force
                0x000000002000024c       0x38 CMakeFiles/adctest.dir/usr/share/pico-sdk/src/rp2_common/hardware_flash/flash.c.obj
 .time_critical.flash_do_cmd
                0x0000000020000284       0xc0 CMakeFiles/adctest.dir/usr/share/pico-sdk/src/rp2_common/hardware_flash/flash.c.obj
                0x0000000020000284                flash_do_cmd
 *(.text*)
 .text          0x0000000020000344        0x4 /usr/lib/gcc/arm-none-eabi/12.2.0/thumb/v6-m/nofp/libgcc.a(_dvmd_tls.o)
                0x0000000020000344                __aeabi_ldiv0
                0x0000000020000344                __aeabi_idiv0
 .text.__stub   0x0000000020000348       0x30 linker stubs
                0x0000000020000378                . = ALIGN (0x4)
 *(.rodata*)
                0x0000000020000378                . = ALIGN (0x4)
 *(.data*)
 .data.striped_spin_lock_num
                0x0000000020000378        0x1 CMakeFiles/adctest.dir/usr/share/pico-sdk/src/rp2_common/hardware_sync/sync.c.obj
 *fill*         0x0000000020000379        0x3 
 .data          0x000000002000037c       0x48 CMakeFiles/adctest.dir/usr/share/pico-sdk/src/rp2_common/hardware_irq/irq_handler_chain.S.obj
                0x000000002000037c                irq_handler_chain_slots
                0x00000000200003ac                irq_handler_chain_first_slot
                0x00000000200003b6                irq_handler_chain_remove_tail
 .data.default_alarm_pool
                0x00000000200003c4       0x18 CMakeFiles/adctest.dir/usr/share/pico-sdk/src/common/pico_time/time.c.obj
 .data.default_alarm_pool_heap
                0x00000000200003dc       0x10 CMakeFiles/adctest.dir/usr/share/pico-sdk/src/common/pico_time/time.c.obj
 *fill*         0x00000000200003ec        0x4 
 .data.aeabi_bits_funcs
                0x00000000200003f0       0x10 CMakeFiles/adctest.dir/usr/share/pico-sdk/src/rp2_common/pico_bit_ops/bit_ops_aeabi.S.obj
                0x00000000200003f0                aeabi_bits_funcs
                0x0000000020000400                aeabi_bits_funcs_end
 .data.aeabi_mem_funcs
                0x0000000020000400       0x10 CMakeFiles/adctest.dir/usr/share/pico-sdk/src/rp2_common/pico_mem_ops/mem_ops_aeabi.S.obj
                0x0000000020000400                aeabi_mem_funcs
                0x0000000020000410                aeabi_mem_funcs_end
 .data.stdio_usb
                0x0000000020000410       0x14 CMakeFiles/adctest.dir/usr/share/pico-sdk/src/rp2_common/pico_stdio_usb/stdio_usb.c.obj
                0x0000000020000410                stdio_usb
 .data.ep_dir_string
                0x0000000020000424        0x8 CMakeFiles/adctest.dir/usr/share/pico-sdk/lib/tinyusb/src/portable/raspberrypi/rp2040/rp2040_usb.c.obj
                0x0000000020000424                ep_dir_string
 .data._usbd_qdef
                0x000000002000042c       0x24 CMakeFiles/adctest.dir/usr/share/pico-sdk/lib/tinyusb/src/device/usbd.c.obj
                0x000000002000042c                _usbd_qdef
 .data.impure_data
                0x0000000020000450      0x428 /usr/lib/gcc/arm-none-eabi/12.2.0/../../../../arm-none-eabi/lib/thumb/v6-m/nofp/libc.a(lib_a-impure.o)
 .data.__atexit_recursive_mutex
                0x0000000020000878        0x4 /usr/lib/gcc/arm-none-eabi/12.2.0/../../../../arm-none-eabi/lib/thumb/v6-m/nofp/libc.a(lib_a-__call_atexit.o)
                0x0000000020000878                __atexit_recursive_mutex
                0x000000002000087c                . = ALIGN (0x4)
 *(.after_data.*)
                0x000000002000087c                . = ALIGN (0x4)
                0x000000002000087c                PROVIDE (__mutex_array_start = .)
 *(SORT_BY_NAME(.mutex_array.*))
 *(.mutex_array)
 .mutex_array   0x000000002000087c        0x8 CMakeFiles/adctest.dir/usr/share/pico-sdk/src/rp2_common/pico_stdio/stdio.c.obj
                0x0000000020000884                PROVIDE (__mutex_array_end = .)
                0x0000000020000884                . = ALIGN (0x4)
                0x0000000020000884                PROVIDE (__preinit_array_start = .)
 *(SORT_BY_NAME(.preinit_array.*))
 .preinit_array.00001
                0x0000000020000884        0x4 CMakeFiles/adctest.dir/usr/share/pico-sdk/src/rp2_common/pico_mem_ops/mem_ops_aeabi.S.obj
 .preinit_array.00010
                0x0000000020000888        0x4 CMakeFiles/adctest.dir/usr/share/pico-sdk/src/rp2_common/pico_bit_ops/bit_ops_aeabi.S.obj
 .preinit_array.00020
                0x000000002000088c        0x4 CMakeFiles/adctest.dir/usr/share/pico-sdk/src/rp2_common/pico_double/double_aeabi.S.obj
 .preinit_array.00020
                0x0000000020000890        0x4 CMakeFiles/adctest.dir/usr/share/pico-sdk/src/rp2_common/pico_float/float_aeabi.S.obj
 *(.preinit_array)
                0x0000000020000894                PROVIDE (__preinit_array_end = .)
                0x0000000020000894                . = ALIGN (0x4)
                0x0000000020000894                PROVIDE (__init_array_start = .)
 *(SORT_BY_NAME(.init_array.*))
 .init_array.00000
                0x0000000020000894        0x4 /usr/lib/gcc/arm-none-eabi/12.2.0/../../../../arm-none-eabi/lib/thumb/v6-m/nofp/libc.a(lib_a-__call_atexit.o)
 *(.init_array)
 .init_array    0x0000000020000898        0x4 /usr/lib/gcc/arm-none-eabi/12.2.0/thumb/v6-m/nofp/crtbegin.o
 .init_array    0x000000002000089c        0x4 CMakeFiles/adctest.dir/usr/share/pico-sdk/src/rp2_common/pico_unique_id/unique_id.c.obj
                0x00000000200008a0                PROVIDE (__init_array_end = .)
                0x00000000200008a0                . = ALIGN (0x4)
                0x00000000200008a0                PROVIDE (__fini_array_start = .)
 *(SORT_BY_NAME(.fini_array.*))
 *(.fini_array)
                0x00000000200008a0                PROVIDE (__fini_array_end = .)
 *(.jcr)
                0x00000000200008a0                . = ALIGN (0x4)
                0x00000000200008a0                __data_end__ = .

.igot.plt       0x00000000200008a0        0x0 load address 0x0000000010007fd8
 .igot.plt      0x00000000200008a0        0x0 /usr/lib/gcc/arm-none-eabi/12.2.0/thumb/v6-m/nofp/crtbegin.o

.uninitialized_data
                0x00000000200008a0        0x0 load address 0x0000000010007fd8
                0x00000000200008a0                . = ALIGN (0x4)
 *(.uninitialized_data*)

.scratch_x      0x0000000020040000        0x0 load address 0x0000000010007fd8
                0x0000000020040000                __scratch_x_start__ = .
 *(.scratch_x.*)
                0x0000000020040000                . = ALIGN (0x4)
                0x0000000020040000                __scratch_x_end__ = .
                0x0000000010007fd8                __scratch_x_source__ = LOADADDR (.scratch_x)

.scratch_y      0x0000000020041000        0x0 load address 0x0000000010007fd8
                0x0000000020041000                __scratch_y_start__ = .
 *(.scratch_y.*)
                0x0000000020041000                . = ALIGN (0x4)
                0x0000000020041000                __scratch_y_end__ = .
                0x0000000010007fd8                __scratch_y_source__ = LOADADDR (.scratch_y)

.bss            0x00000000200008a0      0xd88
                0x00000000200008a0                . = ALIGN (0x4)
                0x00000000200008a0                __bss_start__ = .
 *(SORT_BY_ALIGNMENT(SORT_BY_NAME(.bss*)))
 .bss.configured_freq
                0x00000000200008a0       0x28 CMakeFiles/adctest.dir/usr/share/pico-sdk/src/rp2_common/hardware_clocks/clocks.c.obj
 .bss.default_alarm_pool_entries
                0x00000000200008c8      0x100 CMakeFiles/adctest.dir/usr/share/pico-sdk/src/common/pico_time/time.c.obj
 .bss.last_avail_time.1
                0x00000000200009c8        0x8 CMakeFiles/adctest.dir/usr/share/pico-sdk/src/rp2_common/pico_stdio_usb/stdio_usb.c.obj
 .bss.sd_table  0x00000000200009d0      0x100 CMakeFiles/adctest.dir/usr/share/pico-sdk/src/rp2_common/pico_double/double_init_rom.c.obj
                0x00000000200009d0                sd_table
 .bss.sf_table  0x0000000020000ad0      0x100 CMakeFiles/adctest.dir/usr/share/pico-sdk/src/rp2_common/pico_float/float_init_rom.c.obj
                0x0000000020000ad0                sf_table
 .bss.__lock___atexit_recursive_mutex
                0x0000000020000bd0        0x1 /usr/lib/gcc/arm-none-eabi/12.2.0/../../../../arm-none-eabi/lib/thumb/v6-m/nofp/libc.a(lib_a-lock.o)
                0x0000000020000bd0                __lock___atexit_recursive_mutex
 *fill*         0x0000000020000bd1        0x3 
 .bss._app_driver
                0x0000000020000bd4        0x4 CMakeFiles/adctest.dir/usr/share/pico-sdk/lib/tinyusb/src/device/usbd.c.obj
 .bss._cdcd_itf
                0x0000000020000bd8      0x2d8 CMakeFiles/adctest.dir/usr/share/pico-sdk/lib/tinyusb/src/class/cdc/cdc_device.c.obj
 .bss._ctrl_xfer
                0x0000000020000eb0       0x14 CMakeFiles/adctest.dir/usr/share/pico-sdk/lib/tinyusb/src/device/usbd_control.c.obj
 .bss._ubsd_mutexdef
                0x0000000020000ec4        0x8 CMakeFiles/adctest.dir/usr/share/pico-sdk/lib/tinyusb/src/device/usbd.c.obj
 .bss._usbd_ctrl_buf
                0x0000000020000ecc       0x40 CMakeFiles/adctest.dir/usr/share/pico-sdk/lib/tinyusb/src/device/usbd_control.c.obj
 .bss._usbd_dev
                0x0000000020000f0c       0x53 CMakeFiles/adctest.dir/usr/share/pico-sdk/lib/tinyusb/src/device/usbd.c.obj
 *fill*         0x0000000020000f5f        0x1 
 .bss._usbd_mutex
                0x0000000020000f60        0x4 CMakeFiles/adctest.dir/usr/share/pico-sdk/lib/tinyusb/src/device/usbd.c.obj
 .bss._usbd_q   0x0000000020000f64        0x4 CMakeFiles/adctest.dir/usr/share/pico-sdk/lib/tinyusb/src/device/usbd.c.obj
 .bss._usbd_qdef_buf
                0x0000000020000f68       0xc0 CMakeFiles/adctest.dir/usr/share/pico-sdk/lib/tinyusb/src/device/usbd.c.obj
                0x0000000020000f68                _usbd_qdef_buf
 .bss.alarm_callbacks
                0x0000000020001028       0x10 CMakeFiles/adctest.dir/usr/share/pico-sdk/src/rp2_common/hardware_timer/timer.c.obj
 .bss.boot2_copyout
                0x0000000020001038      0x100 CMakeFiles/adctest.dir/usr/share/pico-sdk/src/rp2_common/hardware_flash/flash.c.obj
 .bss.claimed   0x0000000020001138        0x4 CMakeFiles/adctest.dir/usr/share/pico-sdk/src/rp2_common/hardware_sync/sync.c.obj
 .bss.default_alarm_pool_entry_ids_high
                0x000000002000113c       0x10 CMakeFiles/adctest.dir/usr/share/pico-sdk/src/common/pico_time/time.c.obj
 .bss.default_alarm_pool_heap_nodes
                0x000000002000114c       0x30 CMakeFiles/adctest.dir/usr/share/pico-sdk/src/common/pico_time/time.c.obj
 .bss.desc_str.0
                0x000000002000117c       0x28 CMakeFiles/adctest.dir/usr/share/pico-sdk/src/rp2_common/pico_stdio_usb/stdio_usb_descriptors.c.obj
 .bss.drivers   0x00000000200011a4        0x4 CMakeFiles/adctest.dir/usr/share/pico-sdk/src/rp2_common/pico_stdio/stdio.c.obj
 .bss.filter    0x00000000200011a8        0x4 CMakeFiles/adctest.dir/usr/share/pico-sdk/src/rp2_common/pico_stdio/stdio.c.obj
 .bss.hw_endpoints
                0x00000000200011ac      0x400 CMakeFiles/adctest.dir/usr/share/pico-sdk/lib/tinyusb/src/portable/raspberrypi/rp2040/dcd_rp2040.c.obj
 .bss.lazy_vsnprintf
                0x00000000200015ac        0x4 CMakeFiles/adctest.dir/usr/share/pico-sdk/src/rp2_common/pico_printf/printf.c.obj
 .bss.load_value
                0x00000000200015b0        0x4 CMakeFiles/adctest.dir/usr/share/pico-sdk/src/rp2_common/hardware_watchdog/watchdog.c.obj
 .bss.next_buffer_ptr
                0x00000000200015b4        0x4 CMakeFiles/adctest.dir/usr/share/pico-sdk/lib/tinyusb/src/portable/raspberrypi/rp2040/dcd_rp2040.c.obj
 .bss.object.0  0x00000000200015b8       0x18 /usr/lib/gcc/arm-none-eabi/12.2.0/thumb/v6-m/nofp/crtbegin.o
 .bss.pools     0x00000000200015d0       0x10 CMakeFiles/adctest.dir/usr/share/pico-sdk/src/common/pico_time/time.c.obj
 .bss.retrieved_id
                0x00000000200015e0        0x8 CMakeFiles/adctest.dir/usr/share/pico-sdk/src/rp2_common/pico_unique_id/unique_id.c.obj
 .bss.sf_clz_func
                0x00000000200015e8        0x4 CMakeFiles/adctest.dir/usr/share/pico-sdk/src/rp2_common/pico_double/double_init_rom.c.obj
                0x00000000200015e8                sf_clz_func
 .bss.sleep_notifier
                0x00000000200015ec        0x4 CMakeFiles/adctest.dir/usr/share/pico-sdk/src/common/pico_time/time.c.obj
 .bss.stdio_usb_mutex
                0x00000000200015f0        0x8 CMakeFiles/adctest.dir/usr/share/pico-sdk/src/rp2_common/pico_stdio_usb/stdio_usb.c.obj
 .bss.target_hi
                0x00000000200015f8       0x10 CMakeFiles/adctest.dir/usr/share/pico-sdk/src/rp2_common/hardware_timer/timer.c.obj
 .bss.usbd_serial_str
                0x0000000020001608       0x11 CMakeFiles/adctest.dir/usr/share/pico-sdk/src/rp2_common/pico_stdio_usb/stdio_usb_descriptors.c.obj
 *fill*         0x0000000020001619        0x3 
 .bss.user_irq_claimed
                0x000000002000161c        0x2 CMakeFiles/adctest.dir/usr/share/pico-sdk/src/rp2_common/hardware_irq/irq.c.obj
 .bss._app_driver_count
                0x000000002000161e        0x1 CMakeFiles/adctest.dir/usr/share/pico-sdk/lib/tinyusb/src/device/usbd.c.obj
 .bss._usbd_initialized
                0x000000002000161f        0x1 CMakeFiles/adctest.dir/usr/share/pico-sdk/lib/tinyusb/src/device/usbd.c.obj
 .bss.boot2_copyout_valid
                0x0000000020001620        0x1 CMakeFiles/adctest.dir/usr/share/pico-sdk/src/rp2_common/hardware_flash/flash.c.obj
 .bss.claimed   0x0000000020001621        0x1 CMakeFiles/adctest.dir/usr/share/pico-sdk/src/rp2_common/hardware_timer/timer.c.obj
 .bss.irq_hander_chain_free_slot_head
                0x0000000020001622        0x1 CMakeFiles/adctest.dir/usr/share/pico-sdk/src/rp2_common/hardware_irq/irq.c.obj
 .bss.itf_num   0x0000000020001623        0x1 CMakeFiles/adctest.dir/usr/share/pico-sdk/src/rp2_common/pico_stdio_usb/reset_interface.c.obj
 .bss.low_priority_irq_num
                0x0000000020001624        0x1 CMakeFiles/adctest.dir/usr/share/pico-sdk/src/rp2_common/pico_stdio_usb/stdio_usb.c.obj
 .bss.timer_callbacks_pending
                0x0000000020001625        0x1 CMakeFiles/adctest.dir/usr/share/pico-sdk/src/rp2_common/hardware_timer/timer.c.obj
 *(COMMON)
                0x0000000020001628                . = ALIGN (0x4)
 *fill*         0x0000000020001626        0x2 
                0x0000000020001628                __bss_end__ = .

.heap           0x0000000020001628      0x800
                0x0000000020001628                __end__ = .
                0x0000000020001628                end = __end__
 *(.heap*)
 .heap          0x0000000020001628      0x800 CMakeFiles/adctest.dir/usr/share/pico-sdk/src/rp2_common/pico_standard_link/crt0.S.obj
                0x0000000020001e28                __HeapLimit = .

.stack1_dummy
 *(.stack1*)

.stack_dummy    0x0000000020041000      0x800
 *(.stack*)
 .stack         0x0000000020041000      0x800 CMakeFiles/adctest.dir/usr/share/pico-sdk/src/rp2_common/pico_standard_link/crt0.S.obj

.flash_end      0x0000000010007fd8        0x0
                0x0000000010007fd8                __flash_binary_end = .
                0x0000000020040000                __StackLimit = (ORIGIN (RAM) + LENGTH (RAM))
                0x0000000020041000                __StackOneTop = (ORIGIN (SCRATCH_X) + LENGTH (SCRATCH_X))
                0x0000000020042000                __StackTop = (ORIGIN (SCRATCH_Y) + LENGTH (SCRATCH_Y))
                0x0000000020041000                __StackOneBottom = (__StackOneTop - SIZEOF (.stack1_dummy))
                0x0000000020041800                __StackBottom = (__StackTop - SIZEOF (.stack_dummy))
                0x0000000020042000                PROVIDE (__stack = __StackTop)
                0x0000000000000001                ASSERT ((__StackLimit >= __HeapLimit), region RAM overflowed)
                0x0000000000000001                ASSERT (((__binary_info_header_end - __logical_binary_start) <= 0x100), Binary info must be in first 256 bytes of the binary)
LOAD CMakeFiles/adctest.dir/adctest.c.obj
LOAD CMakeFiles/adctest.dir/usr/share/pico-sdk/src/rp2_common/pico_stdlib/stdlib.c.obj
LOAD CMakeFiles/adctest.dir/usr/share/pico-sdk/src/rp2_common/hardware_gpio/gpio.c.obj
LOAD CMakeFiles/adctest.dir/usr/share/pico-sdk/src/rp2_common/hardware_claim/claim.c.obj
LOAD CMakeFiles/adctest.dir/usr/share/pico-sdk/src/rp2_common/pico_platform/platform.c.obj
LOAD CMakeFiles/adctest.dir/usr/share/pico-sdk/src/rp2_common/hardware_sync/sync.c.obj
LOAD CMakeFiles/adctest.dir/usr/share/pico-sdk/src/rp2_common/hardware_irq/irq.c.obj
LOAD CMakeFiles/adctest.dir/usr/share/pico-sdk/src/rp2_common/hardware_irq/irq_handler_chain.S.obj
LOAD CMakeFiles/adctest.dir/usr/share/pico-sdk/src/common/pico_sync/sem.c.obj
LOAD CMakeFiles/adctest.dir/usr/share/pico-sdk/src/common/pico_sync/lock_core.c.obj
LOAD CMakeFiles/adctest.dir/usr/share/pico-sdk/src/common/pico_time/time.c.obj
LOAD CMakeFiles/adctest.dir/usr/share/pico-sdk/src/common/pico_time/timeout_helper.c.obj
LOAD CMakeFiles/adctest.dir/usr/share/pico-sdk/src/rp2_common/hardware_timer/timer.c.obj
LOAD CMakeFiles/adctest.dir/usr/share/pico-sdk/src/common/pico_util/datetime.c.obj
LOAD CMakeFiles/adctest.dir/usr/share/pico-sdk/src/common/pico_util/pheap.c.obj
LOAD CMakeFiles/adctest.dir/usr/share/pico-sdk/src/common/pico_util/queue.c.obj
LOAD CMakeFiles/adctest.dir/usr/share/pico-sdk/src/common/pico_sync/mutex.c.obj
LOAD CMakeFiles/adctest.dir/usr/share/pico-sdk/src/common/pico_sync/critical_section.c.obj
LOAD CMakeFiles/adctest.dir/usr/share/pico-sdk/src/rp2_common/hardware_uart/uart.c.obj
LOAD CMakeFiles/adctest.dir/usr/share/pico-sdk/src/rp2_common/hardware_divider/divider.S.obj
LOAD CMakeFiles/adctest.dir/usr/share/pico-sdk/src/rp2_common/pico_runtime/runtime.c.obj
LOAD CMakeFiles/adctest.dir/usr/share/pico-sdk/src/rp2_common/hardware_clocks/clocks.c.obj
LOAD CMakeFiles/adctest.dir/usr/share/pico-sdk/src/rp2_common/hardware_pll/pll.c.obj
LOAD CMakeFiles/adctest.dir/usr/share/pico-sdk/src/rp2_common/hardware_vreg/vreg.c.obj
LOAD CMakeFiles/adctest.dir/usr/share/pico-sdk/src/rp2_common/hardware_watchdog/watchdog.c.obj
LOAD CMakeFiles/adctest.dir/usr/share/pico-sdk/src/rp2_common/hardware_xosc/xosc.c.obj
LOAD CMakeFiles/adctest.dir/usr/share/pico-sdk/src/rp2_common/pico_printf/printf.c.obj
LOAD CMakeFiles/adctest.dir/usr/share/pico-sdk/src/rp2_common/pico_bit_ops/bit_ops_aeabi.S.obj
LOAD CMakeFiles/adctest.dir/usr/share/pico-sdk/src/rp2_common/pico_bootrom/bootrom.c.obj
LOAD CMakeFiles/adctest.dir/usr/share/pico-sdk/src/rp2_common/pico_divider/divider.S.obj
LOAD CMakeFiles/adctest.dir/usr/share/pico-sdk/src/rp2_common/pico_double/double_aeabi.S.obj
LOAD CMakeFiles/adctest.dir/usr/share/pico-sdk/src/rp2_common/pico_double/double_init_rom.c.obj
LOAD CMakeFiles/adctest.dir/usr/share/pico-sdk/src/rp2_common/pico_double/double_math.c.obj
LOAD CMakeFiles/adctest.dir/usr/share/pico-sdk/src/rp2_common/pico_double/double_v1_rom_shim.S.obj
LOAD CMakeFiles/adctest.dir/usr/share/pico-sdk/src/rp2_common/pico_int64_ops/pico_int64_ops_aeabi.S.obj
LOAD CMakeFiles/adctest.dir/usr/share/pico-sdk/src/rp2_common/pico_float/float_aeabi.S.obj
LOAD CMakeFiles/adctest.dir/usr/share/pico-sdk/src/rp2_common/pico_float/float_init_rom.c.obj
LOAD CMakeFiles/adctest.dir/usr/share/pico-sdk/src/rp2_common/pico_float/float_math.c.obj
LOAD CMakeFiles/adctest.dir/usr/share/pico-sdk/src/rp2_common/pico_float/float_v1_rom_shim.S.obj
LOAD CMakeFiles/adctest.dir/usr/share/pico-sdk/src/rp2_common/pico_malloc/pico_malloc.c.obj
LOAD CMakeFiles/adctest.dir/usr/share/pico-sdk/src/rp2_common/pico_mem_ops/mem_ops_aeabi.S.obj
LOAD CMakeFiles/adctest.dir/usr/share/pico-sdk/src/rp2_common/pico_standard_link/crt0.S.obj
LOAD CMakeFiles/adctest.dir/usr/share/pico-sdk/src/rp2_common/pico_standard_link/new_delete.cpp.obj
LOAD CMakeFiles/adctest.dir/usr/share/pico-sdk/src/rp2_common/pico_standard_link/binary_info.c.obj
LOAD CMakeFiles/adctest.dir/usr/share/pico-sdk/src/rp2_common/pico_stdio/stdio.c.obj
LOAD CMakeFiles/adctest.dir/usr/share/pico-sdk/src/rp2_common/pico_stdio_usb/reset_interface.c.obj
LOAD CMakeFiles/adctest.dir/usr/share/pico-sdk/src/rp2_common/pico_stdio_usb/stdio_usb.c.obj
LOAD CMakeFiles/adctest.dir/usr/share/pico-sdk/src/rp2_common/pico_stdio_usb/stdio_usb_descriptors.c.obj
LOAD CMakeFiles/adctest.dir/usr/share/pico-sdk/lib/tinyusb/src/portable/raspberrypi/rp2040/dcd_rp2040.c.obj
LOAD CMakeFiles/adctest.dir/usr/share/pico-sdk/lib/tinyusb/src/portable/raspberrypi/rp2040/rp2040_usb.c.obj
LOAD CMakeFiles/adctest.dir/usr/share/pico-sdk/lib/tinyusb/src/device/usbd.c.obj
LOAD CMakeFiles/adctest.dir/usr/share/pico-sdk/lib/tinyusb/src/device/usbd_control.c.obj
LOAD CMakeFiles/adctest.dir/usr/share/pico-sdk/lib/tinyusb/src/class/audio/audio_device.c.obj
LOAD CMakeFiles/adctest.dir/usr/share/pico-sdk/lib/tinyusb/src/class/cdc/cdc_device.c.obj
LOAD CMakeFiles/adctest.dir/usr/share/pico-sdk/lib/tinyusb/src/class/dfu/dfu_device.c.obj
LOAD CMakeFiles/adctest.dir/usr/share/pico-sdk/lib/tinyusb/src/class/dfu/dfu_rt_device.c.obj
LOAD CMakeFiles/adctest.dir/usr/share/pico-sdk/lib/tinyusb/src/class/hid/hid_device.c.obj
LOAD CMakeFiles/adctest.dir/usr/share/pico-sdk/lib/tinyusb/src/class/midi/midi_device.c.obj
LOAD CMakeFiles/adctest.dir/usr/share/pico-sdk/lib/tinyusb/src/class/msc/msc_device.c.obj
LOAD CMakeFiles/adctest.dir/usr/share/pico-sdk/lib/tinyusb/src/class/net/ecm_rndis_device.c.obj
LOAD CMakeFiles/adctest.dir/usr/share/pico-sdk/lib/tinyusb/src/class/net/ncm_device.c.obj
LOAD CMakeFiles/adctest.dir/usr/share/pico-sdk/lib/tinyusb/src/class/usbtmc/usbtmc_device.c.obj
LOAD CMakeFiles/adctest.dir/usr/share/pico-sdk/lib/tinyusb/src/class/vendor/vendor_device.c.obj
LOAD CMakeFiles/adctest.dir/usr/share/pico-sdk/lib/tinyusb/src/class/video/video_device.c.obj
LOAD CMakeFiles/adctest.dir/usr/share/pico-sdk/lib/tinyusb/src/tusb.c.obj
LOAD CMakeFiles/adctest.dir/usr/share/pico-sdk/lib/tinyusb/src/common/tusb_fifo.c.obj
LOAD CMakeFiles/adctest.dir/usr/share/pico-sdk/src/rp2_common/pico_fix/rp2040_usb_device_enumeration/rp2040_usb_device_enumeration.c.obj
LOAD CMakeFiles/adctest.dir/usr/share/pico-sdk/src/rp2_common/pico_unique_id/unique_id.c.obj
LOAD CMakeFiles/adctest.dir/usr/share/pico-sdk/src/rp2_common/hardware_flash/flash.c.obj
LOAD CMakeFiles/adctest.dir/usr/share/pico-sdk/src/rp2_common/hardware_adc/adc.c.obj
LOAD /tmp/ccmAKIsP.o
LOAD /usr/lib/gcc/arm-none-eabi/12.2.0/../../../../arm-none-eabi/lib/thumb/v6-m/nofp/libstdc++.a
LOAD /usr/lib/gcc/arm-none-eabi/12.2.0/../../../../arm-none-eabi/lib/thumb/v6-m/nofp/libm.a
START GROUP
LOAD /usr/lib/gcc/arm-none-eabi/12.2.0/thumb/v6-m/nofp/libgcc.a
LOAD /usr/lib/gcc/arm-none-eabi/12.2.0/../../../../arm-none-eabi/lib/thumb/v6-m/nofp/libc.a
END GROUP
START GROUP
LOAD /usr/lib/gcc/arm-none-eabi/12.2.0/thumb/v6-m/nofp/libgcc.a
LOAD /usr/lib/gcc/arm-none-eabi/12.2.0/../../../../arm-none-eabi/lib/thumb/v6-m/nofp/libc.a
LOAD /usr/lib/gcc/arm-none-eabi/12.2.0/../../../../arm-none-eabi/lib/thumb/v6-m/nofp/libnosys.a
END GROUP
LOAD /usr/lib/gcc/arm-none-eabi/12.2.0/thumb/v6-m/nofp/crtend.o
LOAD /usr/lib/gcc/arm-none-eabi/12.2.0/thumb/v6-m/nofp/crtn.o
OUTPUT(adctest.elf elf32-littlearm)
LOAD linker stubs

.ARM.attributes
                0x0000000000000000       0x28
 .ARM.attributes
                0x0000000000000000       0x1e /usr/lib/gcc/arm-none-eabi/12.2.0/thumb/v6-m/nofp/crti.o
 .ARM.attributes
                0x000000000000001e       0x2c /usr/lib/gcc/arm-none-eabi/12.2.0/thumb/v6-m/nofp/crtbegin.o
 .ARM.attributes
                0x000000000000004a       0x2c CMakeFiles/adctest.dir/adctest.c.obj
 .ARM.attributes
                0x0000000000000076       0x2c CMakeFiles/adctest.dir/usr/share/pico-sdk/src/rp2_common/hardware_gpio/gpio.c.obj
 .ARM.attributes
                0x00000000000000a2       0x2c CMakeFiles/adctest.dir/usr/share/pico-sdk/src/rp2_common/hardware_claim/claim.c.obj
 .ARM.attributes
                0x00000000000000ce       0x2c CMakeFiles/adctest.dir/usr/share/pico-sdk/src/rp2_common/pico_platform/platform.c.obj
 .ARM.attributes
                0x00000000000000fa       0x2c CMakeFiles/adctest.dir/usr/share/pico-sdk/src/rp2_common/hardware_sync/sync.c.obj
 .ARM.attributes
                0x0000000000000126       0x2c CMakeFiles/adctest.dir/usr/share/pico-sdk/src/rp2_common/hardware_irq/irq.c.obj
 .ARM.attributes
                0x0000000000000152       0x22 CMakeFiles/adctest.dir/usr/share/pico-sdk/src/rp2_common/hardware_irq/irq_handler_chain.S.obj
 .ARM.attributes
                0x0000000000000174       0x2c CMakeFiles/adctest.dir/usr/share/pico-sdk/src/common/pico_sync/lock_core.c.obj
 .ARM.attributes
                0x00000000000001a0       0x2c CMakeFiles/adctest.dir/usr/share/pico-sdk/src/common/pico_time/time.c.obj
 .ARM.attributes
                0x00000000000001cc       0x2c CMakeFiles/adctest.dir/usr/share/pico-sdk/src/rp2_common/hardware_timer/timer.c.obj
 .ARM.attributes
                0x00000000000001f8       0x2c CMakeFiles/adctest.dir/usr/share/pico-sdk/src/common/pico_util/pheap.c.obj
 .ARM.attributes
                0x0000000000000224       0x2c CMakeFiles/adctest.dir/usr/share/pico-sdk/src/common/pico_sync/mutex.c.obj
 .ARM.attributes
                0x0000000000000250       0x2c CMakeFiles/adctest.dir/usr/share/pico-sdk/src/common/pico_sync/critical_section.c.obj
 .ARM.attributes
                0x000000000000027c       0x2c CMakeFiles/adctest.dir/usr/share/pico-sdk/src/rp2_common/pico_runtime/runtime.c.obj
 .ARM.attributes
                0x00000000000002a8       0x2c CMakeFiles/adctest.dir/usr/share/pico-sdk/src/rp2_common/hardware_clocks/clocks.c.obj
 .ARM.attributes
                0x00000000000002d4       0x2c CMakeFiles/adctest.dir/usr/share/pico-sdk/src/rp2_common/hardware_pll/pll.c.obj
 .ARM.attributes
                0x0000000000000300       0x2c CMakeFiles/adctest.dir/usr/share/pico-sdk/src/rp2_common/hardware_watchdog/watchdog.c.obj
 .ARM.attributes
                0x000000000000032c       0x2c CMakeFiles/adctest.dir/usr/share/pico-sdk/src/rp2_common/hardware_xosc/xosc.c.obj
 .ARM.attributes
                0x0000000000000358       0x2c CMakeFiles/adctest.dir/usr/share/pico-sdk/src/rp2_common/pico_printf/printf.c.obj
 .ARM.attributes
                0x0000000000000384       0x22 CMakeFiles/adctest.dir/usr/share/pico-sdk/src/rp2_common/pico_bit_ops/bit_ops_aeabi.S.obj
 .ARM.attributes
                0x00000000000003a6       0x2c CMakeFiles/adctest.dir/usr/share/pico-sdk/src/rp2_common/pico_bootrom/bootrom.c.obj
 .ARM.attributes
                0x00000000000003d2       0x22 CMakeFiles/adctest.dir/usr/share/pico-sdk/src/rp2_common/pico_divider/divider.S.obj
 .ARM.attributes
                0x00000000000003f4       0x22 CMakeFiles/adctest.dir/usr/share/pico-sdk/src/rp2_common/pico_double/double_aeabi.S.obj
 .ARM.attributes
                0x0000000000000416       0x2c CMakeFiles/adctest.dir/usr/share/pico-sdk/src/rp2_common/pico_double/double_init_rom.c.obj
 .ARM.attributes
                0x0000000000000442       0x22 CMakeFiles/adctest.dir/usr/share/pico-sdk/src/rp2_common/pico_double/double_v1_rom_shim.S.obj
 .ARM.attributes
                0x0000000000000464       0x22 CMakeFiles/adctest.dir/usr/share/pico-sdk/src/rp2_common/pico_int64_ops/pico_int64_ops_aeabi.S.obj
 .ARM.attributes
                0x0000000000000486       0x22 CMakeFiles/adctest.dir/usr/share/pico-sdk/src/rp2_common/pico_float/float_aeabi.S.obj
 .ARM.attributes
                0x00000000000004a8       0x2c CMakeFiles/adctest.dir/usr/share/pico-sdk/src/rp2_common/pico_float/float_init_rom.c.obj
 .ARM.attributes
                0x00000000000004d4       0x22 CMakeFiles/adctest.dir/usr/share/pico-sdk/src/rp2_common/pico_float/float_v1_rom_shim.S.obj
 .ARM.attributes
                0x00000000000004f6       0x22 CMakeFiles/adctest.dir/usr/share/pico-sdk/src/rp2_common/pico_mem_ops/mem_ops_aeabi.S.obj
 .ARM.attributes
                0x0000000000000518       0x22 CMakeFiles/adctest.dir/usr/share/pico-sdk/src/rp2_common/pico_standard_link/crt0.S.obj
 .ARM.attributes
                0x000000000000053a       0x2c CMakeFiles/adctest.dir/usr/share/pico-sdk/src/rp2_common/pico_standard_link/binary_info.c.obj
 .ARM.attributes
                0x0000000000000566       0x2c CMakeFiles/adctest.dir/usr/share/pico-sdk/src/rp2_common/pico_stdio/stdio.c.obj
 .ARM.attributes
                0x0000000000000592       0x2c CMakeFiles/adctest.dir/usr/share/pico-sdk/src/rp2_common/pico_stdio_usb/reset_interface.c.obj
 .ARM.attributes
                0x00000000000005be       0x2c CMakeFiles/adctest.dir/usr/share/pico-sdk/src/rp2_common/pico_stdio_usb/stdio_usb.c.obj
 .ARM.attributes
                0x00000000000005ea       0x2c CMakeFiles/adctest.dir/usr/share/pico-sdk/src/rp2_common/pico_stdio_usb/stdio_usb_descriptors.c.obj
 .ARM.attributes
                0x0000000000000616       0x2c CMakeFiles/adctest.dir/usr/share/pico-sdk/lib/tinyusb/src/portable/raspberrypi/rp2040/dcd_rp2040.c.obj
 .ARM.attributes
                0x0000000000000642       0x2c CMakeFiles/adctest.dir/usr/share/pico-sdk/lib/tinyusb/src/portable/raspberrypi/rp2040/rp2040_usb.c.obj
 .ARM.attributes
                0x000000000000066e       0x2c CMakeFiles/adctest.dir/usr/share/pico-sdk/lib/tinyusb/src/device/usbd.c.obj
 .ARM.attributes
                0x000000000000069a       0x2c CMakeFiles/adctest.dir/usr/share/pico-sdk/lib/tinyusb/src/device/usbd_control.c.obj
 .ARM.attributes
                0x00000000000006c6       0x2c CMakeFiles/adctest.dir/usr/share/pico-sdk/lib/tinyusb/src/class/cdc/cdc_device.c.obj
 .ARM.attributes
                0x00000000000006f2       0x2c CMakeFiles/adctest.dir/usr/share/pico-sdk/lib/tinyusb/src/tusb.c.obj
 .ARM.attributes
                0x000000000000071e       0x2c CMakeFiles/adctest.dir/usr/share/pico-sdk/lib/tinyusb/src/common/tusb_fifo.c.obj
 .ARM.attributes
                0x000000000000074a       0x2c CMakeFiles/adctest.dir/usr/share/pico-sdk/src/rp2_common/pico_unique_id/unique_id.c.obj
 .ARM.attributes
                0x0000000000000776       0x2c CMakeFiles/adctest.dir/usr/share/pico-sdk/src/rp2_common/hardware_flash/flash.c.obj
 .ARM.attributes
                0x00000000000007a2       0x2c CMakeFiles/adctest.dir/usr/share/pico-sdk/src/rp2_common/hardware_adc/adc.c.obj
 .ARM.attributes
                0x00000000000007ce       0x22 /tmp/ccmAKIsP.o
 .ARM.attributes
                0x00000000000007f0       0x1e /usr/lib/gcc/arm-none-eabi/12.2.0/thumb/v6-m/nofp/libgcc.a(_dvmd_tls.o)
 .ARM.attributes
                0x000000000000080e       0x2c /usr/lib/gcc/arm-none-eabi/12.2.0/../../../../arm-none-eabi/lib/thumb/v6-m/nofp/libc.a(lib_a-atexit.o)
 .ARM.attributes
                0x000000000000083a       0x2c /usr/lib/gcc/arm-none-eabi/12.2.0/../../../../arm-none-eabi/lib/thumb/v6-m/nofp/libc.a(lib_a-fini.o)
 .ARM.attributes
                0x0000000000000866       0x2c /usr/lib/gcc/arm-none-eabi/12.2.0/../../../../arm-none-eabi/lib/thumb/v6-m/nofp/libc.a(lib_a-impure.o)
 .ARM.attributes
                0x0000000000000892       0x2c /usr/lib/gcc/arm-none-eabi/12.2.0/../../../../arm-none-eabi/lib/thumb/v6-m/nofp/libc.a(lib_a-strlen-stub.o)
 .ARM.attributes
                0x00000000000008be       0x2c /usr/lib/gcc/arm-none-eabi/12.2.0/../../../../arm-none-eabi/lib/thumb/v6-m/nofp/libc.a(lib_a-__atexit.o)
 .ARM.attributes
                0x00000000000008ea       0x2c /usr/lib/gcc/arm-none-eabi/12.2.0/../../../../arm-none-eabi/lib/thumb/v6-m/nofp/libc.a(lib_a-__call_atexit.o)
 .ARM.attributes
                0x0000000000000916       0x2c /usr/lib/gcc/arm-none-eabi/12.2.0/../../../../arm-none-eabi/lib/thumb/v6-m/nofp/libc.a(lib_a-lock.o)

.comment        0x0000000000000000       0x3c
 .comment       0x0000000000000000       0x1e CMakeFiles/adctest.dir/adctest.c.obj
                                         0x1f (size before relaxing)
 .comment       0x000000000000001e       0x1f CMakeFiles/adctest.dir/usr/share/pico-sdk/src/rp2_common/hardware_gpio/gpio.c.obj
 .comment       0x000000000000001e       0x1f CMakeFiles/adctest.dir/usr/share/pico-sdk/src/rp2_common/hardware_claim/claim.c.obj
 .comment       0x000000000000001e       0x1f CMakeFiles/adctest.dir/usr/share/pico-sdk/src/rp2_common/pico_platform/platform.c.obj
 .comment       0x000000000000001e       0x1f CMakeFiles/adctest.dir/usr/share/pico-sdk/src/rp2_common/hardware_sync/sync.c.obj
 .comment       0x000000000000001e       0x1f CMakeFiles/adctest.dir/usr/share/pico-sdk/src/rp2_common/hardware_irq/irq.c.obj
 .comment       0x000000000000001e       0x1f CMakeFiles/adctest.dir/usr/share/pico-sdk/src/common/pico_sync/lock_core.c.obj
 .comment       0x000000000000001e       0x1f CMakeFiles/adctest.dir/usr/share/pico-sdk/src/common/pico_time/time.c.obj
 .comment       0x000000000000001e       0x1f CMakeFiles/adctest.dir/usr/share/pico-sdk/src/rp2_common/hardware_timer/timer.c.obj
 .comment       0x000000000000001e       0x1f CMakeFiles/adctest.dir/usr/share/pico-sdk/src/common/pico_util/pheap.c.obj
 .comment       0x000000000000001e       0x1f CMakeFiles/adctest.dir/usr/share/pico-sdk/src/common/pico_sync/mutex.c.obj
 .comment       0x000000000000001e       0x1f CMakeFiles/adctest.dir/usr/share/pico-sdk/src/common/pico_sync/critical_section.c.obj
 .comment       0x000000000000001e       0x1f CMakeFiles/adctest.dir/usr/share/pico-sdk/src/rp2_common/pico_runtime/runtime.c.obj
 .comment       0x000000000000001e       0x1f CMakeFiles/adctest.dir/usr/share/pico-sdk/src/rp2_common/hardware_clocks/clocks.c.obj
 .comment       0x000000000000001e       0x1f CMakeFiles/adctest.dir/usr/share/pico-sdk/src/rp2_common/hardware_pll/pll.c.obj
 .comment       0x000000000000001e       0x1f CMakeFiles/adctest.dir/usr/share/pico-sdk/src/rp2_common/hardware_watchdog/watchdog.c.obj
 .comment       0x000000000000001e       0x1f CMakeFiles/adctest.dir/usr/share/pico-sdk/src/rp2_common/hardware_xosc/xosc.c.obj
 .comment       0x000000000000001e       0x1f CMakeFiles/adctest.dir/usr/share/pico-sdk/src/rp2_common/pico_printf/printf.c.obj
 .comment       0x000000000000001e       0x1f CMakeFiles/adctest.dir/usr/share/pico-sdk/src/rp2_common/pico_bootrom/bootrom.c.obj
 .comment       0x000000000000001e       0x1f CMakeFiles/adctest.dir/usr/share/pico-sdk/src/rp2_common/pico_double/double_init_rom.c.obj